Component: ARM Compiler 5.05 update 1 (build 106) Tool: armlink [4d0efa]

==============================================================================

Section Cross References

    main.o(i.main) refers to delay.o(i.delay_init) for delay_init
    main.o(i.main) refers to sys.o(i.NVIC_Configuration) for NVIC_Configuration
    main.o(i.main) refers to usart.o(i.uart_init) for uart_init
    main.o(i.main) refers to printf8.o(i.__0printf$8) for __2printf
    main.o(i.main) refers to led.o(i.LED_Init) for LED_Init
    main.o(i.main) refers to timer.o(i.PWM_Init) for PWM_Init
    main.o(i.main) refers to strcmp.o(.text) for strcmp
    main.o(i.main) refers to osal_simple.o(i.osal_init_system) for osal_init_system
    main.o(i.main) refers to osal_simple.o(i.osal_start_system) for osal_start_system
    main.o(i.main) refers to main.o(.constdata) for version_msg
    system_stm32f10x.o(i.SetSysClock) refers to system_stm32f10x.o(i.SetSysClockTo72) for SetSysClockTo72
    system_stm32f10x.o(i.SystemCoreClockUpdate) refers to system_stm32f10x.o(.data) for SystemCoreClock
    system_stm32f10x.o(i.SystemInit) refers to system_stm32f10x.o(i.SetSysClock) for SetSysClock
    startup_stm32f10x_md.o(RESET) refers to startup_stm32f10x_md.o(STACK) for __initial_sp
    startup_stm32f10x_md.o(RESET) refers to startup_stm32f10x_md.o(.text) for Reset_Handler
    startup_stm32f10x_md.o(RESET) refers to stm32f10x_it.o(i.NMI_Handler) for NMI_Handler
    startup_stm32f10x_md.o(RESET) refers to stm32f10x_it.o(i.HardFault_Handler) for HardFault_Handler
    startup_stm32f10x_md.o(RESET) refers to stm32f10x_it.o(i.MemManage_Handler) for MemManage_Handler
    startup_stm32f10x_md.o(RESET) refers to stm32f10x_it.o(i.BusFault_Handler) for BusFault_Handler
    startup_stm32f10x_md.o(RESET) refers to stm32f10x_it.o(i.UsageFault_Handler) for UsageFault_Handler
    startup_stm32f10x_md.o(RESET) refers to stm32f10x_it.o(i.SVC_Handler) for SVC_Handler
    startup_stm32f10x_md.o(RESET) refers to stm32f10x_it.o(i.DebugMon_Handler) for DebugMon_Handler
    startup_stm32f10x_md.o(RESET) refers to stm32f10x_it.o(i.PendSV_Handler) for PendSV_Handler
    startup_stm32f10x_md.o(RESET) refers to stm32f10x_it.o(i.SysTick_Handler) for SysTick_Handler
    startup_stm32f10x_md.o(RESET) refers to exti.o(i.EXTI0_IRQHandler) for EXTI0_IRQHandler
    startup_stm32f10x_md.o(RESET) refers to exti.o(i.EXTI1_IRQHandler) for EXTI1_IRQHandler
    startup_stm32f10x_md.o(RESET) refers to exti.o(i.EXTI2_IRQHandler) for EXTI2_IRQHandler
    startup_stm32f10x_md.o(RESET) refers to exti.o(i.EXTI3_IRQHandler) for EXTI3_IRQHandler
    startup_stm32f10x_md.o(RESET) refers to exti.o(i.EXTI4_IRQHandler) for EXTI4_IRQHandler
    startup_stm32f10x_md.o(RESET) refers to exti.o(i.EXTI9_5_IRQHandler) for EXTI9_5_IRQHandler
    startup_stm32f10x_md.o(RESET) refers to usart.o(i.USART1_IRQHandler) for USART1_IRQHandler
    startup_stm32f10x_md.o(RESET) refers to uart2.o(i.USART2_IRQHandler) for USART2_IRQHandler
    startup_stm32f10x_md.o(RESET) refers to uart3.o(i.USART3_IRQHandler) for USART3_IRQHandler
    startup_stm32f10x_md.o(RESET) refers to exti.o(i.EXTI15_10_IRQHandler) for EXTI15_10_IRQHandler
    startup_stm32f10x_md.o(.text) refers to system_stm32f10x.o(i.SystemInit) for SystemInit
    startup_stm32f10x_md.o(.text) refers to entry.o(.ARM.Collect$$$$00000000) for __main
    delay.o(i.delay_init) refers to misc.o(i.SysTick_CLKSourceConfig) for SysTick_CLKSourceConfig
    delay.o(i.delay_init) refers to system_stm32f10x.o(.data) for SystemCoreClock
    delay.o(i.delay_init) refers to delay.o(.data) for fac_us
    delay.o(i.delay_ms) refers to delay.o(.data) for fac_ms
    delay.o(i.delay_us) refers to delay.o(.data) for fac_us
    sys.o(i.NVIC_Configuration) refers to misc.o(i.NVIC_PriorityGroupConfig) for NVIC_PriorityGroupConfig
    usart.o(i.USART1_IRQHandler) refers to stm32f10x_usart.o(i.USART_GetITStatus) for USART_GetITStatus
    usart.o(i.USART1_IRQHandler) refers to stm32f10x_usart.o(i.USART_ReceiveData) for USART_ReceiveData
    usart.o(i.USART1_IRQHandler) refers to usart.o(.data) for USART_RX_STA
    usart.o(i.USART1_IRQHandler) refers to usart.o(.bss) for USART_RX_BUF
    usart.o(i.uart_init) refers to stm32f10x_rcc.o(i.RCC_APB2PeriphClockCmd) for RCC_APB2PeriphClockCmd
    usart.o(i.uart_init) refers to stm32f10x_gpio.o(i.GPIO_Init) for GPIO_Init
    usart.o(i.uart_init) refers to misc.o(i.NVIC_Init) for NVIC_Init
    usart.o(i.uart_init) refers to stm32f10x_usart.o(i.USART_Init) for USART_Init
    usart.o(i.uart_init) refers to stm32f10x_usart.o(i.USART_ITConfig) for USART_ITConfig
    usart.o(i.uart_init) refers to stm32f10x_usart.o(i.USART_Cmd) for USART_Cmd
    stm32f10x_adc.o(i.ADC_DeInit) refers to stm32f10x_rcc.o(i.RCC_APB2PeriphResetCmd) for RCC_APB2PeriphResetCmd
    stm32f10x_bkp.o(i.BKP_DeInit) refers to stm32f10x_rcc.o(i.RCC_BackupResetCmd) for RCC_BackupResetCmd
[...]
    Removing stm32f10x_i2c.o(i.I2C_Init), (236 bytes).
    Removing stm32f10x_i2c.o(i.I2C_NACKPositionConfig), (28 bytes).
    Removing stm32f10x_i2c.o(i.I2C_OwnAddress2Config), (22 bytes).
    Removing stm32f10x_i2c.o(i.I2C_PECPositionConfig), (28 bytes).
    Removing stm32f10x_i2c.o(i.I2C_ReadRegister), (22 bytes).
    Removing stm32f10x_i2c.o(i.I2C_ReceiveData), (8 bytes).
    Removing stm32f10x_i2c.o(i.I2C_SMBusAlertConfig), (28 bytes).
    Removing stm32f10x_i2c.o(i.I2C_Send7bitAddress), (18 bytes).
    Removing stm32f10x_i2c.o(i.I2C_SendData), (4 bytes).
    Removing stm32f10x_i2c.o(i.I2C_SoftwareResetCmd), (22 bytes).
    Removing stm32f10x_i2c.o(i.I2C_StretchClockCmd), (24 bytes).
    Removing stm32f10x_i2c.o(i.I2C_StructInit), (30 bytes).
    Removing stm32f10x_i2c.o(i.I2C_TransmitPEC), (24 bytes).
    Removing stm32f10x_iwdg.o(i.IWDG_Enable), (16 bytes).
    Removing stm32f10x_iwdg.o(i.IWDG_GetFlagStatus), (24 bytes).
    Removing stm32f10x_iwdg.o(i.IWDG_ReloadCounter), (16 bytes).
    Removing stm32f10x_iwdg.o(i.IWDG_SetPrescaler), (12 bytes).
    Removing stm32f10x_iwdg.o(i.IWDG_SetReload), (12 bytes).
    Removing stm32f10x_iwdg.o(i.IWDG_WriteAccessCmd), (12 bytes).
    Removing stm32f10x_pwr.o(i.PWR_BackupAccessCmd), (12 bytes).
    Removing stm32f10x_pwr.o(i.PWR_ClearFlag), (20 bytes).
    Removing stm32f10x_pwr.o(i.PWR_DeInit), (22 bytes).
    Removing stm32f10x_pwr.o(i.PWR_EnterSTANDBYMode), (52 bytes).
    Removing stm32f10x_pwr.o(i.PWR_EnterSTOPMode), (64 bytes).
    Removing stm32f10x_pwr.o(i.PWR_GetFlagStatus), (24 bytes).
    Removing stm32f10x_pwr.o(i.PWR_PVDCmd), (12 bytes).
    Removing stm32f10x_pwr.o(i.PWR_PVDLevelConfig), (24 bytes).
    Removing stm32f10x_pwr.o(i.PWR_WakeUpPinCmd), (12 bytes).
    Removing stm32f10x_rcc.o(i.RCC_AHBPeriphClockCmd), (32 bytes).
    Removing stm32f10x_rcc.o(i.RCC_APB1PeriphResetCmd), (32 bytes).
    Removing stm32f10x_rcc.o(i.RCC_AdjustHSICalibrationValue), (24 bytes).
    Removing stm32f10x_rcc.o(i.RCC_BackupResetCmd), (12 bytes).
    Removing stm32f10x_rcc.o(i.RCC_ClearFlag), (20 bytes).
    Removing stm32f10x_rcc.o(i.RCC_ClearITPendingBit), (12 bytes).
    Removing stm32f10x_rcc.o(i.RCC_ClockSecuritySystemCmd), (12 bytes).
    Removing stm32f10x_rcc.o(i.RCC_DeInit), (76 bytes).
    Removing stm32f10x_rcc.o(i.RCC_GetFlagStatus), (60 bytes).
    Removing stm32f10x_rcc.o(i.RCC_GetITStatus), (24 bytes).
    Removing stm32f10x_rcc.o(i.RCC_GetSYSCLKSource), (16 bytes).
    Removing stm32f10x_rcc.o(i.RCC_HCLKConfig), (24 bytes).
    Removing stm32f10x_rcc.o(i.RCC_HSEConfig), (76 bytes).
    Removing stm32f10x_rcc.o(i.RCC_HSICmd), (12 bytes).
    Removing stm32f10x_rcc.o(i.RCC_ITConfig), (32 bytes).
    Removing stm32f10x_rcc.o(i.RCC_LSEConfig), (52 bytes).
    Removing stm32f10x_rcc.o(i.RCC_LSICmd), (12 bytes).
    Removing stm32f10x_rcc.o(i.RCC_MCOConfig), (12 bytes).
    Removing stm32f10x_rcc.o(i.RCC_PCLK1Config), (24 bytes).
    Removing stm32f10x_rcc.o(i.RCC_PCLK2Config), (24 bytes).
    Removing stm32f10x_rcc.o(i.RCC_PLLCmd), (12 bytes).
    Removing stm32f10x_rcc.o(i.RCC_PLLConfig), (28 bytes).
    Removing stm32f10x_rcc.o(i.RCC_RTCCLKCmd), (12 bytes).
    Removing stm32f10x_rcc.o(i.RCC_RTCCLKConfig), (16 bytes).
    Removing stm32f10x_rcc.o(i.RCC_SYSCLKConfig), (24 bytes).
    Removing stm32f10x_rcc.o(i.RCC_USBCLKConfig), (12 bytes).
    Removing stm32f10x_rcc.o(i.RCC_WaitForHSEStartUp), (56 bytes).
    Removing stm32f10x_rtc.o(i.RTC_ClearFlag), (16 bytes).
    Removing stm32f10x_rtc.o(i.RTC_ClearITPendingBit), (16 bytes).
    Removing stm32f10x_rtc.o(i.RTC_EnterConfigMode), (20 bytes).
    Removing stm32f10x_rtc.o(i.RTC_ExitConfigMode), (20 bytes).
    Removing stm32f10x_rtc.o(i.RTC_GetCounter), (20 bytes).
    Removing stm32f10x_rtc.o(i.RTC_GetDivider), (24 bytes).
    Removing stm32f10x_rtc.o(i.RTC_GetFlagStatus), (24 bytes).
    Removing stm32f10x_rtc.o(i.RTC_GetITStatus), (36 bytes).
    Removing stm32f10x_rtc.o(i.RTC_ITConfig), (32 bytes).
    Removing stm32f10x_rtc.o(i.RTC_SetAlarm), (28 bytes).
    Removing stm32f10x_rtc.o(i.RTC_SetCounter), (28 bytes).
    Removing stm32f10x_rtc.o(i.RTC_SetPrescaler), (32 bytes).
    Removing stm32f10x_rtc.o(i.RTC_WaitForLastTask), (20 bytes).
    Removing stm32f10x_rtc.o(i.RTC_WaitForSynchro), (36 bytes).
    Removing stm32f10x_sdio.o(i.SDIO_CEATAITCmd), (16 bytes).
    Removing stm32f10x_sdio.o(i.SDIO_ClearFlag), (12 bytes).
    Removing stm32f10x_sdio.o(i.SDIO_ClearITPendingBit), (12 bytes).
    Removing stm32f10x_sdio.o(i.SDIO_ClockCmd), (12 bytes).
    Removing stm32f10x_sdio.o(i.SDIO_CmdStructInit), (14 bytes).
    Removing stm32f10x_sdio.o(i.SDIO_CommandCompletionCmd), (12 bytes).
    Removing stm32f10x_sdio.o(i.SDIO_DMACmd), (12 bytes).
    Removing stm32f10x_sdio.o(i.SDIO_DataConfig), (48 bytes).
    Removing stm32f10x_sdio.o(i.SDIO_DataStructInit), (20 bytes).
    Removing stm32f10x_sdio.o(i.SDIO_DeInit), (36 bytes).
    Removing stm32f10x_sdio.o(i.SDIO_GetCommandResponse), (12 bytes).
    Removing stm32f10x_sdio.o(i.SDIO_GetDataCounter), (12 bytes).
    Removing stm32f10x_sdio.o(i.SDIO_GetFIFOCount), (12 bytes).
    Removing stm32f10x_sdio.o(i.SDIO_GetFlagStatus), (24 bytes).
    Removing stm32f10x_sdio.o(i.SDIO_GetITStatus), (24 bytes).
    Removing stm32f10x_sdio.o(i.SDIO_GetPowerState), (16 bytes).
    Removing stm32f10x_sdio.o(i.SDIO_GetResponse), (24 bytes).
    Removing stm32f10x_sdio.o(i.SDIO_ITConfig), (32 bytes).
    Removing stm32f10x_sdio.o(i.SDIO_Init), (48 bytes).
    Removing stm32f10x_sdio.o(i.SDIO_ReadData), (12 bytes).
    Removing stm32f10x_sdio.o(i.SDIO_SendCEATACmd), (12 bytes).
    Removing stm32f10x_sdio.o(i.SDIO_SendCommand), (44 bytes).
    Removing stm32f10x_sdio.o(i.SDIO_SendSDIOSuspendCmd), (12 bytes).
    Removing stm32f10x_sdio.o(i.SDIO_SetPowerState), (28 bytes).
    Removing stm32f10x_sdio.o(i.SDIO_SetSDIOOperation), (12 bytes).
    Removing stm32f10x_sdio.o(i.SDIO_SetSDIOReadWaitMode), (12 bytes).
    Removing stm32f10x_sdio.o(i.SDIO_StartSDIOReadWait), (12 bytes).
    Removing stm32f10x_sdio.o(i.SDIO_StopSDIOReadWait), (12 bytes).
    Removing stm32f10x_sdio.o(i.SDIO_StructInit), (16 bytes).
    Removing stm32f10x_sdio.o(i.SDIO_WriteData), (12 bytes).
    Removing stm32f10x_spi.o(i.I2S_Cmd), (24 bytes).
    Removing stm32f10x_spi.o(i.I2S_Init), (232 bytes).
    Removing stm32f10x_spi.o(i.I2S_StructInit), (20 bytes).
    Removing stm32f10x_spi.o(i.SPI_BiDirectionalLineConfig), (28 bytes).
    Removing stm32f10x_spi.o(i.SPI_CalculateCRC), (24 bytes).
    Removing stm32f10x_spi.o(i.SPI_Cmd), (24 bytes).
    Removing stm32f10x_spi.o(i.SPI_DataSizeConfig), (18 bytes).
    Removing stm32f10x_spi.o(i.SPI_GetCRC), (16 bytes).
    Removing stm32f10x_spi.o(i.SPI_GetCRCPolynomial), (6 bytes).
    Removing stm32f10x_spi.o(i.SPI_I2S_ClearFlag), (6 bytes).
    Removing stm32f10x_spi.o(i.SPI_I2S_ClearITPendingBit), (20 bytes).
    Removing stm32f10x_spi.o(i.SPI_I2S_DMACmd), (18 bytes).
    Removing stm32f10x_spi.o(i.SPI_I2S_DeInit), (88 bytes).
    Removing stm32f10x_spi.o(i.SPI_I2S_GetFlagStatus), (18 bytes).
    Removing stm32f10x_spi.o(i.SPI_I2S_GetITStatus), (52 bytes).
    Removing stm32f10x_spi.o(i.SPI_I2S_ITConfig), (32 bytes).
    Removing stm32f10x_spi.o(i.SPI_I2S_ReceiveData), (6 bytes).
    Removing stm32f10x_spi.o(i.SPI_I2S_SendData), (4 bytes).
    Removing stm32f10x_spi.o(i.SPI_Init), (60 bytes).
    Removing stm32f10x_spi.o(i.SPI_NSSInternalSoftwareConfig), (30 bytes).
    Removing stm32f10x_spi.o(i.SPI_SSOutputCmd), (24 bytes).
    Removing stm32f10x_spi.o(i.SPI_StructInit), (24 bytes).
    Removing stm32f10x_spi.o(i.SPI_TransmitCRC), (10 bytes).
    Removing stm32f10x_tim.o(i.TI1_Config), (128 bytes).
    Removing stm32f10x_tim.o(i.TI2_Config), (152 bytes).
    Removing stm32f10x_tim.o(i.TI3_Config), (144 bytes).
    Removing stm32f10x_tim.o(i.TI4_Config), (152 bytes).
    Removing stm32f10x_tim.o(i.TIM_BDTRConfig), (32 bytes).
    Removing stm32f10x_tim.o(i.TIM_BDTRStructInit), (18 bytes).
    Removing stm32f10x_tim.o(i.TIM_CCPreloadControl), (24 bytes).
    Removing stm32f10x_tim.o(i.TIM_CCxCmd), (30 bytes).
    Removing stm32f10x_tim.o(i.TIM_CCxNCmd), (30 bytes).
    Removing stm32f10x_tim.o(i.TIM_ClearFlag), (6 bytes).
    Removing stm32f10x_tim.o(i.TIM_ClearITPendingBit), (6 bytes).
    Removing stm32f10x_tim.o(i.TIM_ClearOC1Ref), (18 bytes).
    Removing stm32f10x_tim.o(i.TIM_ClearOC2Ref), (24 bytes).
    Removing stm32f10x_tim.o(i.TIM_ClearOC3Ref), (18 bytes).
    Removing stm32f10x_tim.o(i.TIM_ClearOC4Ref), (24 bytes).
    Removing stm32f10x_tim.o(i.TIM_CounterModeConfig), (18 bytes).
    Removing stm32f10x_tim.o(i.TIM_CtrlPWMOutputs), (30 bytes).
    Removing stm32f10x_tim.o(i.TIM_DMACmd), (18 bytes).
    Removing stm32f10x_tim.o(i.TIM_DMAConfig), (10 bytes).
    Removing stm32f10x_tim.o(i.TIM_DeInit), (488 bytes).
    Removing stm32f10x_tim.o(i.TIM_ETRClockMode1Config), (54 bytes).
    Removing stm32f10x_tim.o(i.TIM_ETRClockMode2Config), (32 bytes).
    Removing stm32f10x_tim.o(i.TIM_ETRConfig), (28 bytes).
    Removing stm32f10x_tim.o(i.TIM_EncoderInterfaceConfig), (66 bytes).
    Removing stm32f10x_tim.o(i.TIM_ForcedOC1Config), (18 bytes).
    Removing stm32f10x_tim.o(i.TIM_ForcedOC2Config), (26 bytes).
    Removing stm32f10x_tim.o(i.TIM_ForcedOC3Config), (18 bytes).
    Removing stm32f10x_tim.o(i.TIM_ForcedOC4Config), (26 bytes).
    Removing stm32f10x_tim.o(i.TIM_GenerateEvent), (4 bytes).
    Removing stm32f10x_tim.o(i.TIM_GetCapture1), (6 bytes).
    Removing stm32f10x_tim.o(i.TIM_GetCapture2), (6 bytes).
    Removing stm32f10x_tim.o(i.TIM_GetCapture3), (6 bytes).
    Removing stm32f10x_tim.o(i.TIM_GetCapture4), (8 bytes).
    Removing stm32f10x_tim.o(i.TIM_GetCounter), (6 bytes).
    Removing stm32f10x_tim.o(i.TIM_GetFlagStatus), (18 bytes).
    Removing stm32f10x_tim.o(i.TIM_GetITStatus), (34 bytes).
    Removing stm32f10x_tim.o(i.TIM_GetPrescaler), (6 bytes).
    Removing stm32f10x_tim.o(i.TIM_ICInit), (172 bytes).
    Removing stm32f10x_tim.o(i.TIM_ICStructInit), (18 bytes).
    Removing stm32f10x_tim.o(i.TIM_ITConfig), (18 bytes).
    Removing stm32f10x_tim.o(i.TIM_ITRxExternalClockConfig), (24 bytes).
    Removing stm32f10x_tim.o(i.TIM_InternalClockConfig), (12 bytes).
    Removing stm32f10x_tim.o(i.TIM_OC1FastConfig), (18 bytes).
    Removing stm32f10x_tim.o(i.TIM_OC1NPolarityConfig), (18 bytes).
    Removing stm32f10x_tim.o(i.TIM_OC1PolarityConfig), (18 bytes).
    Removing stm32f10x_tim.o(i.TIM_OC2FastConfig), (26 bytes).
    Removing stm32f10x_tim.o(i.TIM_OC2NPolarityConfig), (26 bytes).
    Removing stm32f10x_tim.o(i.TIM_OC2PolarityConfig), (26 bytes).
    Removing stm32f10x_tim.o(i.TIM_OC3FastConfig), (18 bytes).
    Removing stm32f10x_tim.o(i.TIM_OC3NPolarityConfig), (26 bytes).
    Removing stm32f10x_tim.o(i.TIM_OC3PolarityConfig), (26 bytes).
    Removing stm32f10x_tim.o(i.TIM_OC4FastConfig), (26 bytes).
    Removing stm32f10x_tim.o(i.TIM_OC4Init), (124 bytes).
    Removing stm32f10x_tim.o(i.TIM_OC4PolarityConfig), (26 bytes).
    Removing stm32f10x_tim.o(i.TIM_OC4PreloadConfig), (26 bytes).
    Removing stm32f10x_tim.o(i.TIM_OCStructInit), (20 bytes).
    Removing stm32f10x_tim.o(i.TIM_PWMIConfig), (124 bytes).
    Removing stm32f10x_tim.o(i.TIM_PrescalerConfig), (6 bytes).
    Removing stm32f10x_tim.o(i.TIM_SelectCCDMA), (24 bytes).
    Removing stm32f10x_tim.o(i.TIM_SelectCOM), (24 bytes).
    Removing stm32f10x_tim.o(i.TIM_SelectHallSensor), (24 bytes).
    Removing stm32f10x_tim.o(i.TIM_SelectInputTrigger), (18 bytes).
    Removing stm32f10x_tim.o(i.TIM_SelectMasterSlaveMode), (18 bytes).
    Removing stm32f10x_tim.o(i.TIM_SelectOCxM), (82 bytes).
    Removing stm32f10x_tim.o(i.TIM_SelectOnePulseMode), (18 bytes).
    Removing stm32f10x_tim.o(i.TIM_SelectOutputTrigger), (18 bytes).
    Removing stm32f10x_tim.o(i.TIM_SelectSlaveMode), (18 bytes).
    Removing stm32f10x_tim.o(i.TIM_SetAutoreload), (4 bytes).
    Removing stm32f10x_tim.o(i.TIM_SetClockDivision), (18 bytes).
    Removing stm32f10x_tim.o(i.TIM_SetCompare4), (6 bytes).
    Removing stm32f10x_tim.o(i.TIM_SetCounter), (4 bytes).
    Removing stm32f10x_tim.o(i.TIM_SetIC1Prescaler), (18 bytes).
    Removing stm32f10x_tim.o(i.TIM_SetIC2Prescaler), (26 bytes).
    Removing stm32f10x_tim.o(i.TIM_SetIC3Prescaler), (18 bytes).
    Removing stm32f10x_tim.o(i.TIM_SetIC4Prescaler), (26 bytes).
    Removing stm32f10x_tim.o(i.TIM_TIxExternalClockConfig), (62 bytes).
    Removing stm32f10x_tim.o(i.TIM_TimeBaseStructInit), (18 bytes).
    Removing stm32f10x_tim.o(i.TIM_UpdateDisableConfig), (24 bytes).
    Removing stm32f10x_tim.o(i.TIM_UpdateRequestConfig), (24 bytes).
    Removing stm32f10x_usart.o(i.USART_ClearITPendingBit), (30 bytes).
    Removing stm32f10x_usart.o(i.USART_ClockStructInit), (12 bytes).
    Removing stm32f10x_usart.o(i.USART_DMACmd), (18 bytes).
    Removing stm32f10x_usart.o(i.USART_DeInit), (156 bytes).
    Removing stm32f10x_usart.o(i.USART_HalfDuplexCmd), (24 bytes).
    Removing stm32f10x_usart.o(i.USART_IrDACmd), (24 bytes).
    Removing stm32f10x_usart.o(i.USART_IrDAConfig), (18 bytes).
    Removing stm32f10x_usart.o(i.USART_LINBreakDetectLengthConfig), (18 bytes).
    Removing stm32f10x_usart.o(i.USART_LINCmd), (24 bytes).
    Removing stm32f10x_usart.o(i.USART_OneBitMethodCmd), (24 bytes).
    Removing stm32f10x_usart.o(i.USART_OverSampling8Cmd), (22 bytes).
    Removing stm32f10x_usart.o(i.USART_ReceiverWakeUpCmd), (24 bytes).
    Removing stm32f10x_usart.o(i.USART_SendBreak), (10 bytes).
    Removing stm32f10x_usart.o(i.USART_SetAddress), (18 bytes).
    Removing stm32f10x_usart.o(i.USART_SetGuardTime), (16 bytes).
    Removing stm32f10x_usart.o(i.USART_SetPrescaler), (16 bytes).
    Removing stm32f10x_usart.o(i.USART_SmartCardCmd), (24 bytes).
    Removing stm32f10x_usart.o(i.USART_SmartCardNACKCmd), (24 bytes).
    Removing stm32f10x_usart.o(i.USART_StructInit), (24 bytes).
    Removing stm32f10x_usart.o(i.USART_WakeUpConfig), (18 bytes).
    Removing stm32f10x_wwdg.o(i.WWDG_ClearFlag), (12 bytes).
    Removing stm32f10x_wwdg.o(i.WWDG_DeInit), (22 bytes).
    Removing stm32f10x_wwdg.o(i.WWDG_Enable), (16 bytes).
    Removing stm32f10x_wwdg.o(i.WWDG_EnableIT), (12 bytes).
    Removing stm32f10x_wwdg.o(i.WWDG_GetFlagStatus), (12 bytes).
    Removing stm32f10x_wwdg.o(i.WWDG_SetCounter), (16 bytes).
    Removing stm32f10x_wwdg.o(i.WWDG_SetPrescaler), (24 bytes).
    Removing stm32f10x_wwdg.o(i.WWDG_SetWindowValue), (40 bytes).
    Removing key.o(i.KEY_Scan), (316 bytes).
    Removing key.o(.data), (1 bytes).
    Removing beep.o(i.BEEP_Init), (56 bytes).
    Removing timer.o(i.PWM_Get), (52 bytes).
    Removing timer.o(i.PWM_Set), (136 bytes).
    Removing timer.o(i.PWM_level_down), (100 bytes).
    Removing timer.o(i.PWM_level_up), (132 bytes).
    Removing timer.o(i.TIM2_PWM_Init), (156 bytes).
    Removing timer.o(i.TIM4_PWM_Init), (144 bytes).
    Removing uart2.o(i.uart2_comm_clr), (20 bytes).
    Removing uart2.o(i.uart2_comm_get_len), (64 bytes).
    Removing uart2.o(i.uart2_comm_message_available), (56 bytes).
    Removing uart2.o(i.uart2_comm_read), (72 bytes).
    Removing uart2.o(i.uart2_fgetc), (32 bytes).
    Removing uart2.o(i.uart2_print_rx_data), (140 bytes).
    Removing uart2.o(i.uart2_print_rx_temp_data), (152 bytes).
    Removing uart2.o(.bss), (200 bytes).
    Removing uart3.o(i.UART3_Configuration), (200 bytes).
    Removing uart3.o(i.UART3_set_baudrate), (84 bytes).
    Removing uart3.o(i.USART3_Interrupts_Config), (32 bytes).
    Removing uart3.o(i.uart3_clr), (44 bytes).
    Removing uart3.o(i.uart3_fgetc), (28 bytes).
    Removing uart3.o(i.uart3_fputc), (36 bytes).
    Removing uart3.o(i.uart3_get_reclen), (60 bytes).
    Removing uart3.o(i.uart3_get_rxbuf_ptr), (8 bytes).
    Removing uart3.o(i.uart3_printf), (56 bytes).
    Removing uart3.o(i.uart3_read), (40 bytes).
    Removing uart3.o(i.uart3_sendbf), (48 bytes).
    Removing uart3.o(i.uart3_sendbf_f), (44 bytes).
    Removing uart3.o(i.uart3_sendbf_finished), (20 bytes).
    Removing uart3.o(i.uart3_set_rx_callback), (12 bytes).
    Removing uart3.o(.bss), (101 bytes).
    Removing adc.o(i.Get_Adc_Average), (46 bytes).
    Removing message.o(i.Message_process), (76 bytes).
    Removing message.o(i.Message_send), (16 bytes).
    Removing message.o(i.handle_message), (28 bytes).
    Removing message.o(i.pull_message), (104 bytes).
    Removing osal_simple.o(i.osal_clear_event), (28 bytes).
    Removing simple_main.o(i.Simple_ProcessEvent), (6 bytes).
    Removing dadd.o(.text), (334 bytes).
    Removing dmul.o(.text), (228 bytes).
    Removing ddiv.o(.text), (222 bytes).
    Removing dfixul.o(.text), (48 bytes).
    Removing cdrcmple.o(.text), (48 bytes).
    Removing depilogue.o(.text), (186 bytes).

474 unused section(s) (total 20521 bytes) removed from the image.

==============================================================================

Image Symbol Table

    Local Symbols

    Symbol Name                              Value     Ov Type        Size  Object(Section)

    ../clib/../cmprslib/zerorunl2.c          0x00000000   Number         0  __dczerorl2.o ABSOLUTE
    ../clib/microlib/division.c              0x00000000   Number         0  uldiv.o ABSOLUTE
    ../clib/microlib/division.c              0x00000000   Number         0  uidiv.o ABSOLUTE
    ../clib/microlib/init/entry.s            0x00000000   Number         0  entry.o ABSOLUTE
    ../clib/microlib/init/entry.s            0x00000000   Number         0  entry8b.o ABSOLUTE
    ../clib/microlib/init/entry.s            0x00000000   Number         0  entry8a.o ABSOLUTE
    ../clib/microlib/init/entry.s            0x00000000   Number         0  entry9a.o ABSOLUTE
    ../clib/microlib/init/entry.s            0x00000000   Number         0  entry7b.o ABSOLUTE
    ../clib/microlib/init/entry.s            0x00000000   Number         0  entry9b.o ABSOLUTE
    ../clib/microlib/init/entry.s            0x00000000   Number         0  entry7a.o ABSOLUTE
    ../clib/microlib/init/entry.s            0x00000000   Number         0  entry10a.o ABSOLUTE
    ../clib/microlib/init/entry.s            0x00000000   Number         0  entry5.o ABSOLUTE
    ../clib/microlib/init/entry.s            0x00000000   Number         0  entry10b.o ABSOLUTE
    ../clib/microlib/init/entry.s            0x00000000   Number         0  entry11a.o ABSOLUTE
    ../clib/microlib/init/entry.s            0x00000000   Number         0  entry11b.o ABSOLUTE
    ../clib/microlib/init/entry.s            0x00000000   Number         0  entry2.o ABSOLUTE
    ../clib/microlib/longlong.c              0x00000000   Number         0  llshl.o ABSOLUTE
    ../clib/microlib/longlong.c              0x00000000   Number         0  llsshr.o ABSOLUTE
    ../clib/microlib/longlong.c              0x00000000   Number         0  llushr.o ABSOLUTE
    ../clib/microlib/malloc/malloc.c         0x00000000   Number         0  malloc.o ABSOLUTE
    ../clib/microlib/malloc/malloc.c         0x00000000   Number         0  malloca.o ABSOLUTE
    ../clib/microlib/malloc/malloc.c         0x00000000   Number         0  mallocra.o ABSOLUTE
    ../clib/microlib/malloc/malloc.c         0x00000000   Number         0  mallocr.o ABSOLUTE
    ../clib/microlib/malloc/mvars.c          0x00000000   Number         0  mvars.o ABSOLUTE
    ../clib/microlib/printf/printf.c         0x00000000   Number         0  printf2.o ABSOLUTE
    ../clib/microlib/printf/printf.c         0x00000000   Number         0  printf5.o ABSOLUTE
    ../clib/microlib/printf/printf.c         0x00000000   Number         0  printf6.o ABSOLUTE
    ../clib/microlib/printf/printf.c         0x00000000   Number         0  printf4.o ABSOLUTE
    ../clib/microlib/printf/printf.c         0x00000000   Number         0  printf7.o ABSOLUTE
    ../clib/microlib/printf/printf.c         0x00000000   Number         0  printf8.o ABSOLUTE
    ../clib/microlib/printf/printf.c         0x00000000   Number         0  printfa.o ABSOLUTE
    ../clib/microlib/printf/printf.c         0x00000000   Number         0  printf3.o ABSOLUTE
    ../clib/microlib/printf/printf.c         0x00000000   Number         0  printf1.o ABSOLUTE
    ../clib/microlib/printf/printf.c         0x00000000   Number         0  printf0.o ABSOLUTE
    ../clib/microlib/printf/printf.c         0x00000000   Number         0  printfb.o ABSOLUTE
    ../clib/microlib/printf/stubs.s          0x00000000   Number         0  stubs.o ABSOLUTE
    ../clib/microlib/string/memcpy.c         0x00000000   Number         0  memcpya.o ABSOLUTE
    ../clib/microlib/string/memcpy.c         0x00000000   Number         0  memcpyb.o ABSOLUTE
    ../clib/microlib/string/memset.c         0x00000000   Number         0  memseta.o ABSOLUTE
    ../clib/microlib/string/strcmp.c         0x00000000   Number         0  strcmp.o ABSOLUTE
    ../clib/microlib/string/strcpy.c         0x00000000   Number         0  strcpy.o ABSOLUTE
    ../clib/microlib/string/strlen.c         0x00000000   Number         0  strlen.o ABSOLUTE
    ../clib/microlib/stubs.s                 0x00000000   Number         0  iusefp.o ABSOLUTE
    ../clib/microlib/stubs.s                 0x00000000   Number         0  useno.o ABSOLUTE
    ../fplib/microlib/fpadd.c                0x00000000   Number         0  dadd.o ABSOLUTE
    ../fplib/microlib/fpdiv.c                0x00000000   Number         0  ddiv.o ABSOLUTE
    ../fplib/microlib/fpepilogue.c           0x00000000   Number         0  depilogue.o ABSOLUTE
    ../fplib/microlib/fpfix.c                0x00000000   Number         0  dfixul.o ABSOLUTE
    ../fplib/microlib/fpmul.c                0x00000000   Number         0  dmul.o ABSOLUTE
    ..\CORE\core_cm3.c                       0x00000000   Number         0  core_cm3.o ABSOLUTE
    ..\CORE\main.c                           0x00000000   Number         0  main.o ABSOLUTE
    ..\CORE\startup_stm32f10x_md.s           0x00000000   Number         0  startup_stm32f10x_md.o ABSOLUTE
    ..\CORE\stm32f10x_it.c                   0x00000000   Number         0  stm32f10x_it.o ABSOLUTE
    ..\CORE\system_stm32f10x.c               0x00000000   Number         0  system_stm32f10x.o ABSOLUTE
    ..\HARDWARE\ADC\adc.c                    0x00000000   Number         0  adc.o ABSOLUTE
    ..\HARDWARE\BEEP\beep.c                  0x00000000   Number         0  beep.o ABSOLUTE
    ..\HARDWARE\EXTI\exti.c                  0x00000000   Number         0  exti.o ABSOLUTE
    ..\HARDWARE\KEY\key.c                    0x00000000   Number         0  key.o ABSOLUTE
    ..\HARDWARE\LED\led.c                    0x00000000   Number         0  led.o ABSOLUTE
    ..\HARDWARE\MESSAGE\message.c            0x00000000   Number         0  message.o ABSOLUTE
    ..\HARDWARE\TIMER\timer.c                0x00000000   Number         0  timer.o ABSOLUTE
    ..\HARDWARE\UART\uart2.c                 0x00000000   Number         0  uart2.o ABSOLUTE
    ..\HARDWARE\UART\uart3.c                 0x00000000   Number         0  uart3.o ABSOLUTE
    ..\OSAL\osal_simple.c                    0x00000000   Number         0  osal_simple.o ABSOLUTE
    ..\OSAL\simple_main.c                    0x00000000   Number         0  simple_main.o ABSOLUTE
    ..\STM32F10x_FWLib\src\misc.c            0x00000000   Number         0  misc.o ABSOLUTE
    ..\STM32F10x_FWLib\src\stm32f10x_adc.c   0x00000000   Number         0  stm32f10x_adc.o ABSOLUTE
    ..\STM32F10x_FWLib\src\stm32f10x_bkp.c   0x00000000   Number         0  stm32f10x_bkp.o ABSOLUTE
    ..\STM32F10x_FWLib\src\stm32f10x_can.c   0x00000000   Number         0  stm32f10x_can.o ABSOLUTE
    ..\STM32F10x_FWLib\src\stm32f10x_cec.c   0x00000000   Number         0  stm32f10x_cec.o ABSOLUTE
    ..\STM32F10x_FWLib\src\stm32f10x_crc.c   0x00000000   Number         0  stm32f10x_crc.o ABSOLUTE
    ..\STM32F10x_FWLib\src\stm32f10x_dac.c   0x00000000   Number         0  stm32f10x_dac.o ABSOLUTE
    ..\STM32F10x_FWLib\src\stm32f10x_dbgmcu.c 0x00000000   Number         0  stm32f10x_dbgmcu.o ABSOLUTE
    ..\STM32F10x_FWLib\src\stm32f10x_dma.c   0x00000000   Number         0  stm32f10x_dma.o ABSOLUTE
    ..\STM32F10x_FWLib\src\stm32f10x_exti.c  0x00000000   Number         0  stm32f10x_exti.o ABSOLUTE
    ..\STM32F10x_FWLib\src\stm32f10x_flash.c 0x00000000   Number         0  stm32f10x_flash.o ABSOLUTE
    ..\STM32F10x_FWLib\src\stm32f10x_fsmc.c  0x00000000   Number         0  stm32f10x_fsmc.o ABSOLUTE
    ..\STM32F10x_FWLib\src\stm32f10x_gpio.c  0x00000000   Number         0  stm32f10x_gpio.o ABSOLUTE
    ..\STM32F10x_FWLib\src\stm32f10x_i2c.c   0x00000000   Number         0  stm32f10x_i2c.o ABSOLUTE
    ..\STM32F10x_FWLib\src\stm32f10x_iwdg.c  0x00000000   Number         0  stm32f10x_iwdg.o ABSOLUTE
    ..\STM32F10x_FWLib\src\stm32f10x_pwr.c   0x00000000   Number         0  stm32f10x_pwr.o ABSOLUTE
    ..\STM32F10x_FWLib\src\stm32f10x_rcc.c   0x00000000   Number         0  stm32f10x_rcc.o ABSOLUTE
    ..\STM32F10x_FWLib\src\stm32f10x_rtc.c   0x00000000   Number         0  stm32f10x_rtc.o ABSOLUTE
    ..\STM32F10x_FWLib\src\stm32f10x_sdio.c  0x00000000   Number         0  stm32f10x_sdio.o ABSOLUTE
    ..\STM32F10x_FWLib\src\stm32f10x_spi.c   0x00000000   Number         0  stm32f10x_spi.o ABSOLUTE
    ..\STM32F10x_FWLib\src\stm32f10x_tim.c   0x00000000   Number         0  stm32f10x_tim.o ABSOLUTE
    ..\STM32F10x_FWLib\src\stm32f10x_usart.c 0x00000000   Number         0  stm32f10x_usart.o ABSOLUTE
    ..\STM32F10x_FWLib\src\stm32f10x_wwdg.c  0x00000000   Number         0  stm32f10x_wwdg.o ABSOLUTE
    ..\SYSTEM\delay\delay.c                  0x00000000   Number         0  delay.o ABSOLUTE
    ..\SYSTEM\sys\sys.c                      0x00000000   Number         0  sys.o ABSOLUTE
    ..\SYSTEM\usart\usart.c                  0x00000000   Number         0  usart.o ABSOLUTE
    ..\\CORE\\core_cm3.c                     0x00000000   Number         0  core_cm3.o ABSOLUTE
    cdrcmple.s                               0x00000000   Number         0  cdrcmple.o ABSOLUTE
    dc.s                                     0x00000000   Number         0  dc.o ABSOLUTE
    handlers.s                               0x00000000   Number         0  handlers.o ABSOLUTE
    init.s                                   0x00000000   Number         0  init.o ABSOLUTE
    RESET                                    0x08000000   Section      236  startup_stm32f10x_md.o(RESET)
    .ARM.Collect$$$$00000000                 0x080000ec   Section        0  entry.o(.ARM.Collect$$$$00000000)
    .ARM.Collect$$$$00000001                 0x080000ec   Section        4  entry2.o(.ARM.Collect$$$$00000001)
    .ARM.Collect$$$$00000004                 0x080000f0   Section        4  entry5.o(.ARM.Collect$$$$00000004)
    .ARM.Collect$$$$00000008                 0x080000f4   Section        0  entry7b.o(.ARM.Collect$$$$00000008)
    .ARM.Collect$$$$0000000A                 0x080000f4   Section        0  entry8b.o(.ARM.Collect$$$$0000000A)
    .ARM.Collect$$$$0000000B                 0x080000f4   Section        8  entry9a.o(.ARM.Collect$$$$0000000B)
    .ARM.Collect$$$$0000000D                 0x080000fc   Section        0  entry10a.o(.ARM.Collect$$$$0000000D)
    .ARM.Collect$$$$0000000F                 0x080000fc   Section        0  entry11a.o(.ARM.Collect$$$$0000000F)
    .ARM.Collect$$$$00002712                 0x080000fc   Section        4  entry2.o(.ARM.Collect$$$$00002712)
    __lit__00000000                          0x080000fc   Data           4  entry2.o(.ARM.Collect$$$$00002712)
    .text                                    0x08000100   Section       36  startup_stm32f10x_md.o(.text)
    .text                                    0x08000124   Section        0  memseta.o(.text)
    .text                                    0x08000148   Section        0  strlen.o(.text)
    .text                                    0x08000156   Section        0  strcmp.o(.text)
    .text                                    0x08000172   Section        0  uldiv.o(.text)
    .text                                    0x080001d4   Section       36  init.o(.text)
    .text                                    0x080001f8   Section        0  llshl.o(.text)
    .text                                    0x08000216   Section        0  llushr.o(.text)
    .text                                    0x08000236   Section        0  __dczerorl2.o(.text)
    i.ADC_Cmd                                0x0800028c   Section        0  stm32f10x_adc.o(i.ADC_Cmd)
    i.ADC_DeInit                             0x080002a4   Section        0  stm32f10x_adc.o(i.ADC_DeInit)
    i.ADC_GetCalibrationStatus               0x08000300   Section        0  stm32f10x_adc.o(i.ADC_GetCalibrationStatus)
    i.ADC_GetConversionValue                 0x08000314   Section        0  stm32f10x_adc.o(i.ADC_GetConversionValue)
    i.ADC_GetFlagStatus                      0x0800031c   Section        0  stm32f10x_adc.o(i.ADC_GetFlagStatus)
    i.ADC_GetResetCalibrationStatus          0x0800032e   Section        0  stm32f10x_adc.o(i.ADC_GetResetCalibrationStatus)
    i.ADC_Init                               0x08000344   Section        0  stm32f10x_adc.o(i.ADC_Init)
    i.ADC_RegularChannelConfig               0x08000394   Section        0  stm32f10x_adc.o(i.ADC_RegularChannelConfig)
    i.ADC_ResetCalibration                   0x0800044c   Section        0  stm32f10x_adc.o(i.ADC_ResetCalibration)
    i.ADC_SoftwareStartConvCmd               0x08000456   Section        0  stm32f10x_adc.o(i.ADC_SoftwareStartConvCmd)
    i.ADC_StartCalibration                   0x0800046c   Section        0  stm32f10x_adc.o(i.ADC_StartCalibration)
    i.Adc_Init                               0x08000478   Section        0  adc.o(i.Adc_Init)
    i.Adc_ProcessEvent                       0x08000524   Section        0  adc.o(i.Adc_ProcessEvent)
    i.BusFault_Handler                       0x080005fc   Section        0  stm32f10x_it.o(i.BusFault_Handler)
    i.DebugMon_Handler                       0x08000600   Section        0  stm32f10x_it.o(i.DebugMon_Handler)
    i.EXTI0_IRQHandler                       0x08000604   Section        0  exti.o(i.EXTI0_IRQHandler)
    i.EXTI15_10_IRQHandler                   0x08000654   Section        0  exti.o(i.EXTI15_10_IRQHandler)
    i.EXTI1_IRQHandler                       0x08000744   Section        0  exti.o(i.EXTI1_IRQHandler)
    i.EXTI2_IRQHandler                       0x0800078c   Section        0  exti.o(i.EXTI2_IRQHandler)
    i.EXTI3_IRQHandler                       0x080007d4   Section        0  exti.o(i.EXTI3_IRQHandler)
    i.EXTI4_IRQHandler                       0x0800080c   Section        0  exti.o(i.EXTI4_IRQHandler)
    i.EXTI9_5_IRQHandler                     0x08000844   Section        0  exti.o(i.EXTI9_5_IRQHandler)
    i.EXTIX_Init                             0x080008e4   Section        0  exti.o(i.EXTIX_Init)
    i.EXTIX_ProcessEvent                     0x08000a60   Section        0  exti.o(i.EXTIX_ProcessEvent)
    i.EXTI_ClearITPendingBit                 0x08000bbc   Section        0  stm32f10x_exti.o(i.EXTI_ClearITPendingBit)
    i.EXTI_GetITStatus                       0x08000bc8   Section        0  stm32f10x_exti.o(i.EXTI_GetITStatus)
    i.EXTI_Init                              0x08000bf0   Section        0  stm32f10x_exti.o(i.EXTI_Init)
    i.GPIO_EXTILineConfig                    0x08000c84   Section        0  stm32f10x_gpio.o(i.GPIO_EXTILineConfig)
    i.GPIO_Init                              0x08000cc4   Section        0  stm32f10x_gpio.o(i.GPIO_Init)
    i.GPIO_PinRemapConfig                    0x08000ddc   Section        0  stm32f10x_gpio.o(i.GPIO_PinRemapConfig)
    i.GPIO_ReadInputDataBit                  0x08000e6c   Section        0  stm32f10x_gpio.o(i.GPIO_ReadInputDataBit)
    i.GPIO_SetBits                           0x08000e7e   Section        0  stm32f10x_gpio.o(i.GPIO_SetBits)
    i.Get_Adc                                0x08000e84   Section        0  adc.o(i.Get_Adc)
    i.HardFault_Handler                      0x08000eb8   Section        0  stm32f10x_it.o(i.HardFault_Handler)
    i.KEY_Init                               0x08000ebc   Section        0  key.o(i.KEY_Init)
    i.LED_Init                               0x08000f10   Section        0  led.o(i.LED_Init)
    i.MemManage_Handler                      0x08000f64   Section        0  stm32f10x_it.o(i.MemManage_Handler)
    i.Message_ProcessEvent                   0x08000f68   Section        0  message.o(i.Message_ProcessEvent)
    i.Message_handler                        0x08000fb8   Section        0  message.o(i.Message_handler)
    i.Message_init                           0x080010cc   Section        0  message.o(i.Message_init)
    i.NMI_Handler                            0x080010ec   Section        0  stm32f10x_it.o(i.NMI_Handler)
    i.NVIC_Configuration                     0x080010ee   Section        0  sys.o(i.NVIC_Configuration)
    i.NVIC_Init                              0x080010fc   Section        0  misc.o(i.NVIC_Init)
    i.NVIC_PriorityGroupConfig               0x0800116c   Section        0  misc.o(i.NVIC_PriorityGroupConfig)
    i.PWM_Init                               0x08001180   Section        0  timer.o(i.PWM_Init)
    i.PendSV_Handler                         0x0800126c   Section        0  stm32f10x_it.o(i.PendSV_Handler)
    i.RCC_ADCCLKConfig                       0x08001270   Section        0  stm32f10x_rcc.o(i.RCC_ADCCLKConfig)
    i.RCC_APB1PeriphClockCmd                 0x08001288   Section        0  stm32f10x_rcc.o(i.RCC_APB1PeriphClockCmd)
    i.RCC_APB2PeriphClockCmd                 0x080012a8   Section        0  stm32f10x_rcc.o(i.RCC_APB2PeriphClockCmd)
    i.RCC_APB2PeriphResetCmd                 0x080012c8   Section        0  stm32f10x_rcc.o(i.RCC_APB2PeriphResetCmd)
    i.RCC_GetClocksFreq                      0x080012e8   Section        0  stm32f10x_rcc.o(i.RCC_GetClocksFreq)
    i.SVC_Handler                            0x080013c4   Section        0  stm32f10x_it.o(i.SVC_Handler)
    i.SetSysClock                            0x080013c6   Section        0  system_stm32f10x.o(i.SetSysClock)
    SetSysClock                              0x080013c7   Thumb Code     8  system_stm32f10x.o(i.SetSysClock)
    i.SetSysClockTo72                        0x080013d0   Section        0  system_stm32f10x.o(i.SetSysClockTo72)
    SetSysClockTo72                          0x080013d1   Thumb Code   214  system_stm32f10x.o(i.SetSysClockTo72)
    i.SysTick_CLKSourceConfig                0x080014b0   Section        0  misc.o(i.SysTick_CLKSourceConfig)
    i.SysTick_Handler                        0x080014d8   Section        0  stm32f10x_it.o(i.SysTick_Handler)
    i.SystemInit                             0x080014dc   Section        0  system_stm32f10x.o(i.SystemInit)
    i.TIM3_PWM_Init                          0x0800153c   Section        0  timer.o(i.TIM3_PWM_Init)
    i.TIM_ARRPreloadConfig                   0x080015f8   Section        0  stm32f10x_tim.o(i.TIM_ARRPreloadConfig)
    i.TIM_Cmd                                0x08001610   Section        0  stm32f10x_tim.o(i.TIM_Cmd)
    i.TIM_OC1Init                            0x08001628   Section        0  stm32f10x_tim.o(i.TIM_OC1Init)
    i.TIM_OC1PreloadConfig                   0x080016c0   Section        0  stm32f10x_tim.o(i.TIM_OC1PreloadConfig)
    i.TIM_OC2Init                            0x080016d4   Section        0  stm32f10x_tim.o(i.TIM_OC2Init)
    i.TIM_OC2PreloadConfig                   0x08001778   Section        0  stm32f10x_tim.o(i.TIM_OC2PreloadConfig)
    i.TIM_OC3Init                            0x08001794   Section        0  stm32f10x_tim.o(i.TIM_OC3Init)
    i.TIM_OC3PreloadConfig                   0x08001834   Section        0  stm32f10x_tim.o(i.TIM_OC3PreloadConfig)
    i.TIM_SetCompare1                        0x08001846   Section        0  stm32f10x_tim.o(i.TIM_SetCompare1)
    i.TIM_SetCompare2                        0x0800184a   Section        0  stm32f10x_tim.o(i.TIM_SetCompare2)
    i.TIM_SetCompare3                        0x0800184e   Section        0  stm32f10x_tim.o(i.TIM_SetCompare3)
    i.TIM_TimeBaseInit                       0x08001854   Section        0  stm32f10x_tim.o(i.TIM_TimeBaseInit)
    i.UART2_Configuration                    0x080018f8   Section        0  uart2.o(i.UART2_Configuration)
    i.USART1_IRQHandler                      0x080019c0   Section        0  usart.o(i.USART1_IRQHandler)
    i.USART2_IRQHandler                      0x08001a48   Section        0  uart2.o(i.USART2_IRQHandler)
    i.USART2_Interrupts_Config               0x08001ab4   Section        0  uart2.o(i.USART2_Interrupts_Config)
    i.USART3_IRQHandler                      0x08001ad8   Section        0  uart3.o(i.USART3_IRQHandler)
    i.USART_ClearFlag                        0x08001b50   Section        0  stm32f10x_usart.o(i.USART_ClearFlag)
    i.USART_ClockInit                        0x08001b62   Section        0  stm32f10x_usart.o(i.USART_ClockInit)
    i.USART_Cmd                              0x08001b84   Section        0  stm32f10x_usart.o(i.USART_Cmd)
    i.USART_GetFlagStatus                    0x08001b9c   Section        0  stm32f10x_usart.o(i.USART_GetFlagStatus)
    i.USART_GetITStatus                      0x08001bb6   Section        0  stm32f10x_usart.o(i.USART_GetITStatus)
    i.USART_ITConfig                         0x08001c0a   Section        0  stm32f10x_usart.o(i.USART_ITConfig)
    i.USART_Init                             0x08001c54   Section        0  stm32f10x_usart.o(i.USART_Init)
    i.USART_ReceiveData                      0x08001d2c   Section        0  stm32f10x_usart.o(i.USART_ReceiveData)
    i.USART_SendData                         0x08001d36   Section        0  stm32f10x_usart.o(i.USART_SendData)
    i.UsageFault_Handler                     0x08001d3e   Section        0  stm32f10x_it.o(i.UsageFault_Handler)
    i.__0printf$8                            0x08001d44   Section        0  printf8.o(i.__0printf$8)
    i.__0sprintf$8                           0x08001d64   Section        0  printf8.o(i.__0sprintf$8)
    i.__scatterload_copy                     0x08001d8c   Section       14  handlers.o(i.__scatterload_copy)
    i.__scatterload_null                     0x08001d9a   Section        2  handlers.o(i.__scatterload_null)
    i.__scatterload_zeroinit                 0x08001d9c   Section       14  handlers.o(i.__scatterload_zeroinit)
    i._printf_core                           0x08001dac   Section        0  printf8.o(i._printf_core)
    _printf_core                             0x08001dad   Thumb Code   996  printf8.o(i._printf_core)
    i._printf_post_padding                   0x080021bc   Section        0  printf8.o(i._printf_post_padding)
    _printf_post_padding                     0x080021bd   Thumb Code    36  printf8.o(i._printf_post_padding)
    i._printf_pre_padding                    0x080021e0   Section        0  printf8.o(i._printf_pre_padding)
    _printf_pre_padding                      0x080021e1   Thumb Code    46  printf8.o(i._printf_pre_padding)
    i._sputc                                 0x0800220e   Section        0  printf8.o(i._sputc)
    _sputc                                   0x0800220f   Thumb Code    10  printf8.o(i._sputc)
    i.check_message                          0x08002218   Section        0  message.o(i.check_message)
    i.delay_init                             0x08002240   Section        0  delay.o(i.delay_init)
    i.delay_ms                               0x08002284   Section        0  delay.o(i.delay_ms)
    i.fputc                                  0x080022d0   Section        0  usart.o(i.fputc)
    i.main                                   0x080022ec   Section        0  main.o(i.main)
    i.malloc                                 0x080023a8   Section        0  malloc.o(i.malloc)
    i.msg_queue_get_empty                    0x08002414   Section        0  message.o(i.msg_queue_get_empty)
    i.msg_queue_init                         0x08002468   Section        0  message.o(i.msg_queue_init)
    i.msg_queue_pull                         0x080024a8   Section        0  message.o(i.msg_queue_pull)
    i.msg_queue_push                         0x08002500   Section        0  message.o(i.msg_queue_push)
    i.osalInitTasks                          0x0800254c   Section        0  osal_simple.o(i.osalInitTasks)
    i.osal_init_system                       0x080025a4   Section        0  osal_simple.o(i.osal_init_system)
    i.osal_set_event                         0x080025b0   Section        0  osal_simple.o(i.osal_set_event)
    i.osal_start_system                      0x080025cc   Section        0  osal_simple.o(i.osal_start_system)
    i.print_message                          0x08002648   Section        0  message.o(i.print_message)
    i.str_cmp                                0x08002690   Section        0  message.o(i.str_cmp)
    i.uart2_comm_write                       0x080026b2   Section        0  uart2.o(i.uart2_comm_write)
    i.uart2_fputc                            0x080026d4   Section        0  uart2.o(i.uart2_fputc)
    i.uart2_set_input_byte_callback          0x080026f8   Section        0  uart2.o(i.uart2_set_input_byte_callback)
    i.uart_init                              0x08002704   Section        0  usart.o(i.uart_init)
    i.uart_input_byte                        0x080027a4   Section        0  message.o(i.uart_input_byte)
    .constdata                               0x08002864   Section      200  main.o(.constdata)
    .constdata                               0x0800292c   Section      125  exti.o(.constdata)
    __FUNCTION__                             0x0800292c   Data          17  exti.o(.constdata)
    __FUNCTION__                             0x0800293d   Data          17  exti.o(.constdata)
    __FUNCTION__                             0x0800294e   Data          17  exti.o(.constdata)
    __FUNCTION__                             0x0800295f   Data          17  exti.o(.constdata)
    __FUNCTION__                             0x08002970   Data          17  exti.o(.constdata)
    __FUNCTION__                             0x08002981   Data          19  exti.o(.constdata)
    __FUNCTION__                             0x08002994   Data          21  exti.o(.constdata)
    .constdata                               0x080029ac   Section       12  osal_simple.o(.constdata)
    .data                                    0x20000000   Section       20  system_stm32f10x.o(.data)
    .data                                    0x20000014   Section        4  delay.o(.data)
    fac_us                                   0x20000014   Data           1  delay.o(.data)
    fac_ms                                   0x20000016   Data           2  delay.o(.data)
    .data                                    0x20000018   Section        6  usart.o(.data)
    .data                                    0x2000001e   Section       20  stm32f10x_rcc.o(.data)
    APBAHBPrescTable                         0x2000001e   Data          16  stm32f10x_rcc.o(.data)
    ADCPrescTable                            0x2000002e   Data           4  stm32f10x_rcc.o(.data)
    .data                                    0x20000032   Section        1  exti.o(.data)
    .data                                    0x20000034   Section      186  timer.o(.data)
    pwm1_curve                               0x20000034   Data          60  timer.o(.data)
    pwm2_curve                               0x20000072   Data          60  timer.o(.data)
    pwm3_curve                               0x200000b0   Data          60  timer.o(.data)
    .data                                    0x200000f0   Section       36  uart2.o(.data)
    Uart2_TxBuffer                           0x200000f0   Data           5  uart2.o(.data)
    Uart2_RxCounter                          0x200000f8   Data           4  uart2.o(.data)
    Uart2_TxCounter                          0x200000fc   Data           4  uart2.o(.data)
    Uart2_RxReadPointer                      0x20000100   Data           4  uart2.o(.data)
    rec_systick_mark                         0x20000104   Data           4  uart2.o(.data)
    Uart2_temp_rx_counter                    0x20000108   Data           4  uart2.o(.data)
    input_callback                           0x2000010c   Data           4  uart2.o(.data)
    .data                                    0x20000114   Section       24  uart3.o(.data)
    rec_systick_mark                         0x20000124   Data           4  uart3.o(.data)
    rx_callback                              0x20000128   Data           4  uart3.o(.data)
    .data                                    0x2000012c   Section        3  adc.o(.data)
    .data                                    0x20000130   Section       21  message.o(.data)
    input_buf_index                          0x20000134   Data           4  message.o(.data)
    msg                                      0x20000140   Data           4  message.o(.data)
    lastbyte                                 0x20000144   Data           1  message.o(.data)
    .data                                    0x20000148   Section        8  osal_simple.o(.data)
    activeTaskID                             0x20000148   Data           1  osal_simple.o(.data)
    .data                                    0x20000150   Section        4  mvars.o(.data)
    .data                                    0x20000154   Section        4  mvars.o(.data)
    .bss                                     0x20000158   Section      200  usart.o(.bss)
    .bss                                     0x20000220   Section       20  adc.o(.bss)
    .bss                                     0x20000234   Section       52  message.o(.bss)
    input_buf                                0x20000234   Data          32  message.o(.bss)
    msg_queue                                0x20000254   Data          20  message.o(.bss)
    .bss                                     0x20000268   Section       48  osal_simple.o(.bss)
    HEAP                                     0x20000298   Section      512  startup_stm32f10x_md.o(HEAP)
    STACK                                    0x20000498   Section     1024  startup_stm32f10x_md.o(STACK)

    Global Symbols

    Symbol Name                              Value     Ov Type        Size  Object(Section)

    BuildAttributes$$THM_ISAv4$P$D$K$B$S$PE$A:L22UL41UL21$X:L11$S22US41US21$IEEE1$IW$USESV6$~STKCKD$USESV7$~SHL$OSPACE$ROPI$EBA8$MICROLIB$REQ8$PRES8$EABIv2 0x00000000   Number         0  anon$$obj.o ABSOLUTE
    __ARM_use_no_argv                        0x00000000   Number         0  main.o ABSOLUTE
    __use_no_errno                           0x00000000   Number         0  useno.o ABSOLUTE
    __use_no_exception_handling              0x00000000   Number         0  useno.o ABSOLUTE
    __use_no_fp                              0x00000000   Number         0  useno.o ABSOLUTE
    __use_no_heap                            0x00000000   Number         0  useno.o ABSOLUTE
    __use_no_heap_region                     0x00000000   Number         0  useno.o ABSOLUTE
    __use_no_semihosting                     0x00000000   Number         0  useno.o ABSOLUTE
    __use_no_semihosting_swi                 0x00000000   Number         0  useno.o ABSOLUTE
    __use_no_signal_handling                 0x00000000   Number         0  useno.o ABSOLUTE
    _printf_a                                0x00000000   Number         0  stubs.o ABSOLUTE
    _printf_c                                0x00000000   Number         0  stubs.o ABSOLUTE
    _printf_charcount                        0x00000000   Number         0  stubs.o ABSOLUTE
    _printf_d                                0x00000000   Number         0  stubs.o ABSOLUTE
    _printf_e                                0x00000000   Number         0  stubs.o ABSOLUTE
    _printf_f                                0x00000000   Number         0  stubs.o ABSOLUTE
    _printf_flags                            0x00000000   Number         0  stubs.o ABSOLUTE
    _printf_fp_dec                           0x00000000   Number         0  stubs.o ABSOLUTE
    _printf_fp_hex                           0x00000000   Number         0  stubs.o ABSOLUTE
    _printf_g                                0x00000000   Number         0  stubs.o ABSOLUTE
    _printf_i                                0x00000000   Number         0  stubs.o ABSOLUTE
    _printf_int_dec                          0x00000000   Number         0  stubs.o ABSOLUTE
    _printf_l                                0x00000000   Number         0  stubs.o ABSOLUTE
    _printf_lc                               0x00000000   Number         0  stubs.o ABSOLUTE
    _printf_ll                               0x00000000   Number         0  stubs.o ABSOLUTE
    _printf_lld                              0x00000000   Number         0  stubs.o ABSOLUTE
    _printf_lli                              0x00000000   Number         0  stubs.o ABSOLUTE
    _printf_llo                              0x00000000   Number         0  stubs.o ABSOLUTE
    _printf_llu                              0x00000000   Number         0  stubs.o ABSOLUTE
    _printf_llx                              0x00000000   Number         0  stubs.o ABSOLUTE
    _printf_longlong_dec                     0x00000000   Number         0  stubs.o ABSOLUTE
    _printf_longlong_hex                     0x00000000   Number         0  stubs.o ABSOLUTE
    _printf_longlong_oct                     0x00000000   Number         0  stubs.o ABSOLUTE
    _printf_ls                               0x00000000   Number         0  stubs.o ABSOLUTE
    _printf_mbtowc                           0x00000000   Number         0  stubs.o ABSOLUTE
    _printf_n                                0x00000000   Number         0  stubs.o ABSOLUTE
    _printf_o                                0x00000000   Number         0  stubs.o ABSOLUTE
    _printf_p                                0x00000000   Number         0  stubs.o ABSOLUTE
    _printf_percent                          0x00000000   Number         0  stubs.o ABSOLUTE
    _printf_pre_padding                      0x00000000   Number         0  stubs.o ABSOLUTE
    _printf_return_value                     0x00000000   Number         0  stubs.o ABSOLUTE
    _printf_s                                0x00000000   Number         0  stubs.o ABSOLUTE
    _printf_sizespec                         0x00000000   Number         0  stubs.o ABSOLUTE
    _printf_str                              0x00000000   Number         0  stubs.o ABSOLUTE
    _printf_truncate_signed                  0x00000000   Number         0  stubs.o ABSOLUTE
    _printf_truncate_unsigned                0x00000000   Number         0  stubs.o ABSOLUTE
    _printf_u                                0x00000000   Number         0  stubs.o ABSOLUTE
    _printf_wc                               0x00000000   Number         0  stubs.o ABSOLUTE
    _printf_wctomb                           0x00000000   Number         0  stubs.o ABSOLUTE
    _printf_widthprec                        0x00000000   Number         0  stubs.o ABSOLUTE
    _printf_x                                0x00000000   Number         0  stubs.o ABSOLUTE
    __cpp_initialize__aeabi_                  - Undefined Weak Reference
    __cxa_finalize                            - Undefined Weak Reference
    _clock_init                               - Undefined Weak Reference
    _microlib_exit                            - Undefined Weak Reference
    __Vectors_Size                           0x000000ec   Number         0  startup_stm32f10x_md.o ABSOLUTE
    __Vectors                                0x08000000   Data           4  startup_stm32f10x_md.o(RESET)
    __Vectors_End                            0x080000ec   Data           0  startup_stm32f10x_md.o(RESET)
    __main                                   0x080000ed   Thumb Code     0  entry.o(.ARM.Collect$$$$00000000)
    _main_stk                                0x080000ed   Thumb Code     0  entry2.o(.ARM.Collect$$$$00000001)
    _main_scatterload                        0x080000f1   Thumb Code     0  entry5.o(.ARM.Collect$$$$00000004)
    __main_after_scatterload                 0x080000f5   Thumb Code     0  entry5.o(.ARM.Collect$$$$00000004)
    _main_clock                              0x080000f5   Thumb Code     0  entry7b.o(.ARM.Collect$$$$00000008)
    _main_cpp_init                           0x080000f5   Thumb Code     0  entry8b.o(.ARM.Collect$$$$0000000A)
    _main_init                               0x080000f5   Thumb Code     0  entry9a.o(.ARM.Collect$$$$0000000B)
    __rt_final_cpp                           0x080000fd   Thumb Code     0  entry10a.o(.ARM.Collect$$$$0000000D)
    __rt_final_exit                          0x080000fd   Thumb Code     0  entry11a.o(.ARM.Collect$$$$0000000F)
    Reset_Handler                            0x08000101   Thumb Code     8  startup_stm32f10x_md.o(.text)
    ADC1_2_IRQHandler                        0x0800011b   Thumb Code     0  startup_stm32f10x_md.o(.text)
    CAN1_RX1_IRQHandler                      0x0800011b   Thumb Code     0  startup_stm32f10x_md.o(.text)
    CAN1_SCE_IRQHandler                      0x0800011b   Thumb Code     0  startup_stm32f10x_md.o(.text)
    DMA1_Channel1_IRQHandler                 0x0800011b   Thumb Code     0  startup_stm32f10x_md.o(.text)
    DMA1_Channel2_IRQHandler                 0x0800011b   Thumb Code     0  startup_stm32f10x_md.o(.text)
    DMA1_Channel3_IRQHandler                 0x0800011b   Thumb Code     0  startup_stm32f10x_md.o(.text)
    DMA1_Channel4_IRQHandler                 0x0800011b   Thumb Code     0  startup_stm32f10x_md.o(.text)
    DMA1_Channel5_IRQHandler                 0x0800011b   Thumb Code     0  startup_stm32f10x_md.o(.text)
    DMA1_Channel6_IRQHandler                 0x0800011b   Thumb Code     0  startup_stm32f10x_md.o(.text)
    DMA1_Channel7_IRQHandler                 0x0800011b   Thumb Code     0  startup_stm32f10x_md.o(.text)
    FLASH_IRQHandler                         0x0800011b   Thumb Code     0  startup_stm32f10x_md.o(.text)
    I2C1_ER_IRQHandler                       0x0800011b   Thumb Code     0  startup_stm32f10x_md.o(.text)
    I2C1_EV_IRQHandler                       0x0800011b   Thumb Code     0  startup_stm32f10x_md.o(.text)
    I2C2_ER_IRQHandler                       0x0800011b   Thumb Code     0  startup_stm32f10x_md.o(.text)
    I2C2_EV_IRQHandler                       0x0800011b   Thumb Code     0  startup_stm32f10x_md.o(.text)
    PVD_IRQHandler                           0x0800011b   Thumb Code     0  startup_stm32f10x_md.o(.text)
    RCC_IRQHandler                           0x0800011b   Thumb Code     0  startup_stm32f10x_md.o(.text)
    RTCAlarm_IRQHandler                      0x0800011b   Thumb Code     0  startup_stm32f10x_md.o(.text)
    RTC_IRQHandler                           0x0800011b   Thumb Code     0  startup_stm32f10x_md.o(.text)
    SPI1_IRQHandler                          0x0800011b   Thumb Code     0  startup_stm32f10x_md.o(.text)
    SPI2_IRQHandler                          0x0800011b   Thumb Code     0  startup_stm32f10x_md.o(.text)
    TAMPER_IRQHandler                        0x0800011b   Thumb Code     0  startup_stm32f10x_md.o(.text)
    TIM1_BRK_IRQHandler                      0x0800011b   Thumb Code     0  startup_stm32f10x_md.o(.text)
    TIM1_CC_IRQHandler                       0x0800011b   Thumb Code     0  startup_stm32f10x_md.o(.text)
    TIM1_TRG_COM_IRQHandler                  0x0800011b   Thumb Code     0  startup_stm32f10x_md.o(.text)
    TIM1_UP_IRQHandler                       0x0800011b   Thumb Code     0  startup_stm32f10x_md.o(.text)
    TIM2_IRQHandler                          0x0800011b   Thumb Code     0  startup_stm32f10x_md.o(.text)
    TIM3_IRQHandler                          0x0800011b   Thumb Code     0  startup_stm32f10x_md.o(.text)
    TIM4_IRQHandler                          0x0800011b   Thumb Code     0  startup_stm32f10x_md.o(.text)
    USBWakeUp_IRQHandler                     0x0800011b   Thumb Code     0  startup_stm32f10x_md.o(.text)
    USB_HP_CAN1_TX_IRQHandler                0x0800011b   Thumb Code     0  startup_stm32f10x_md.o(.text)
    USB_LP_CAN1_RX0_IRQHandler               0x0800011b   Thumb Code     0  startup_stm32f10x_md.o(.text)
    WWDG_IRQHandler                          0x0800011b   Thumb Code     0  startup_stm32f10x_md.o(.text)
    __aeabi_memset                           0x08000125   Thumb Code    14  memseta.o(.text)
    __aeabi_memset4                          0x08000125   Thumb Code     0  memseta.o(.text)
    __aeabi_memset8                          0x08000125   Thumb Code     0  memseta.o(.text)
    __aeabi_memclr                           0x08000133   Thumb Code     4  memseta.o(.text)
    __aeabi_memclr4                          0x08000133   Thumb Code     0  memseta.o(.text)
    __aeabi_memclr8                          0x08000133   Thumb Code     0  memseta.o(.text)
    _memset$wrapper                          0x08000137   Thumb Code    18  memseta.o(.text)
    strlen                                   0x08000149   Thumb Code    14  strlen.o(.text)
    strcmp                                   0x08000157   Thumb Code    28  strcmp.o(.text)
    __aeabi_uldivmod                         0x08000173   Thumb Code    98  uldiv.o(.text)
    __scatterload                            0x080001d5   Thumb Code    28  init.o(.text)
    __scatterload_rt2                        0x080001d5   Thumb Code     0  init.o(.text)
    __aeabi_llsl                             0x080001f9   Thumb Code    30  llshl.o(.text)
    _ll_shift_l                              0x080001f9   Thumb Code     0  llshl.o(.text)
    __aeabi_llsr                             0x08000217   Thumb Code    32  llushr.o(.text)
    _ll_ushift_r                             0x08000217   Thumb Code     0  llushr.o(.text)
    __decompress                             0x08000237   Thumb Code     0  __dczerorl2.o(.text)
    __decompress1                            0x08000237   Thumb Code    86  __dczerorl2.o(.text)
    ADC_Cmd                                  0x0800028d   Thumb Code    22  stm32f10x_adc.o(i.ADC_Cmd)
    ADC_DeInit                               0x080002a5   Thumb Code    78  stm32f10x_adc.o(i.ADC_DeInit)
    ADC_GetCalibrationStatus                 0x08000301   Thumb Code    20  stm32f10x_adc.o(i.ADC_GetCalibrationStatus)
    ADC_GetConversionValue                   0x08000315   Thumb Code     8  stm32f10x_adc.o(i.ADC_GetConversionValue)
    ADC_GetFlagStatus                        0x0800031d   Thumb Code    18  stm32f10x_adc.o(i.ADC_GetFlagStatus)
    ADC_GetResetCalibrationStatus            0x0800032f   Thumb Code    20  stm32f10x_adc.o(i.ADC_GetResetCalibrationStatus)
    ADC_Init                                 0x08000345   Thumb Code    70  stm32f10x_adc.o(i.ADC_Init)
    ADC_RegularChannelConfig                 0x08000395   Thumb Code   184  stm32f10x_adc.o(i.ADC_RegularChannelConfig)
    ADC_ResetCalibration                     0x0800044d   Thumb Code    10  stm32f10x_adc.o(i.ADC_ResetCalibration)
    ADC_SoftwareStartConvCmd                 0x08000457   Thumb Code    22  stm32f10x_adc.o(i.ADC_SoftwareStartConvCmd)
    ADC_StartCalibration                     0x0800046d   Thumb Code    10  stm32f10x_adc.o(i.ADC_StartCalibration)
    Adc_Init                                 0x08000479   Thumb Code   152  adc.o(i.Adc_Init)
    Adc_ProcessEvent                         0x08000525   Thumb Code   176  adc.o(i.Adc_ProcessEvent)
    BusFault_Handler                         0x080005fd   Thumb Code     4  stm32f10x_it.o(i.BusFault_Handler)
    DebugMon_Handler                         0x08000601   Thumb Code     2  stm32f10x_it.o(i.DebugMon_Handler)
    EXTI0_IRQHandler                         0x08000605   Thumb Code    56  exti.o(i.EXTI0_IRQHandler)
    EXTI15_10_IRQHandler                     0x08000655   Thumb Code   220  exti.o(i.EXTI15_10_IRQHandler)
    EXTI1_IRQHandler                         0x08000745   Thumb Code    46  exti.o(i.EXTI1_IRQHandler)
    EXTI2_IRQHandler                         0x0800078d   Thumb Code    46  exti.o(i.EXTI2_IRQHandler)
    EXTI3_IRQHandler                         0x080007d5   Thumb Code    36  exti.o(i.EXTI3_IRQHandler)
    EXTI4_IRQHandler                         0x0800080d   Thumb Code    36  exti.o(i.EXTI4_IRQHandler)
    EXTI9_5_IRQHandler                       0x08000845   Thumb Code   142  exti.o(i.EXTI9_5_IRQHandler)
    EXTIX_Init                               0x080008e5   Thumb Code   374  exti.o(i.EXTIX_Init)
    EXTIX_ProcessEvent                       0x08000a61   Thumb Code   336  exti.o(i.EXTIX_ProcessEvent)
    EXTI_ClearITPendingBit                   0x08000bbd   Thumb Code     6  stm32f10x_exti.o(i.EXTI_ClearITPendingBit)
    EXTI_GetITStatus                         0x08000bc9   Thumb Code    34  stm32f10x_exti.o(i.EXTI_GetITStatus)
    EXTI_Init                                0x08000bf1   Thumb Code   142  stm32f10x_exti.o(i.EXTI_Init)
    GPIO_EXTILineConfig                      0x08000c85   Thumb Code    60  stm32f10x_gpio.o(i.GPIO_EXTILineConfig)
    GPIO_Init                                0x08000cc5   Thumb Code   278  stm32f10x_gpio.o(i.GPIO_Init)
    GPIO_PinRemapConfig                      0x08000ddd   Thumb Code   138  stm32f10x_gpio.o(i.GPIO_PinRemapConfig)
    GPIO_ReadInputDataBit                    0x08000e6d   Thumb Code    18  stm32f10x_gpio.o(i.GPIO_ReadInputDataBit)
    GPIO_SetBits                             0x08000e7f   Thumb Code     4  stm32f10x_gpio.o(i.GPIO_SetBits)
    Get_Adc                                  0x08000e85   Thumb Code    46  adc.o(i.Get_Adc)
    HardFault_Handler                        0x08000eb9   Thumb Code     4  stm32f10x_it.o(i.HardFault_Handler)
    KEY_Init                                 0x08000ebd   Thumb Code    74  key.o(i.KEY_Init)
    LED_Init                                 0x08000f11   Thumb Code    76  led.o(i.LED_Init)
    MemManage_Handler                        0x08000f65   Thumb Code     4  stm32f10x_it.o(i.MemManage_Handler)
    Message_ProcessEvent                     0x08000f69   Thumb Code    64  message.o(i.Message_ProcessEvent)
    Message_handler                          0x08000fb9   Thumb Code   186  message.o(i.Message_handler)
    Message_init                             0x080010cd   Thumb Code    24  message.o(i.Message_init)
    NMI_Handler                              0x080010ed   Thumb Code     2  stm32f10x_it.o(i.NMI_Handler)
    NVIC_Configuration                       0x080010ef   Thumb Code    12  sys.o(i.NVIC_Configuration)
    NVIC_Init                                0x080010fd   Thumb Code   100  misc.o(i.NVIC_Init)
    NVIC_PriorityGroupConfig                 0x0800116d   Thumb Code    10  misc.o(i.NVIC_PriorityGroupConfig)
    PWM_Init                                 0x08001181   Thumb Code   194  timer.o(i.PWM_Init)
    PendSV_Handler                           0x0800126d   Thumb Code     2  stm32f10x_it.o(i.PendSV_Handler)
    RCC_ADCCLKConfig                         0x08001271   Thumb Code    18  stm32f10x_rcc.o(i.RCC_ADCCLKConfig)
    RCC_APB1PeriphClockCmd                   0x08001289   Thumb Code    26  stm32f10x_rcc.o(i.RCC_APB1PeriphClockCmd)
    RCC_APB2PeriphClockCmd                   0x080012a9   Thumb Code    26  stm32f10x_rcc.o(i.RCC_APB2PeriphClockCmd)
    RCC_APB2PeriphResetCmd                   0x080012c9   Thumb Code    26  stm32f10x_rcc.o(i.RCC_APB2PeriphResetCmd)
    RCC_GetClocksFreq                        0x080012e9   Thumb Code   192  stm32f10x_rcc.o(i.RCC_GetClocksFreq)
    SVC_Handler                              0x080013c5   Thumb Code     2  stm32f10x_it.o(i.SVC_Handler)
    SysTick_CLKSourceConfig                  0x080014b1   Thumb Code    40  misc.o(i.SysTick_CLKSourceConfig)
    SysTick_Handler                          0x080014d9   Thumb Code     2  stm32f10x_it.o(i.SysTick_Handler)
    SystemInit                               0x080014dd   Thumb Code    78  system_stm32f10x.o(i.SystemInit)
    TIM3_PWM_Init                            0x0800153d   Thumb Code   176  timer.o(i.TIM3_PWM_Init)
    TIM_ARRPreloadConfig                     0x080015f9   Thumb Code    24  stm32f10x_tim.o(i.TIM_ARRPreloadConfig)
    TIM_Cmd                                  0x08001611   Thumb Code    24  stm32f10x_tim.o(i.TIM_Cmd)
    TIM_OC1Init                              0x08001629   Thumb Code   132  stm32f10x_tim.o(i.TIM_OC1Init)
    TIM_OC1PreloadConfig                     0x080016c1   Thumb Code    18  stm32f10x_tim.o(i.TIM_OC1PreloadConfig)
    TIM_OC2Init                              0x080016d5   Thumb Code   154  stm32f10x_tim.o(i.TIM_OC2Init)
    TIM_OC2PreloadConfig                     0x08001779   Thumb Code    26  stm32f10x_tim.o(i.TIM_OC2PreloadConfig)
    TIM_OC3Init                              0x08001795   Thumb Code   150  stm32f10x_tim.o(i.TIM_OC3Init)
    TIM_OC3PreloadConfig                     0x08001835   Thumb Code    18  stm32f10x_tim.o(i.TIM_OC3PreloadConfig)
    TIM_SetCompare1                          0x08001847   Thumb Code     4  stm32f10x_tim.o(i.TIM_SetCompare1)
    TIM_SetCompare2                          0x0800184b   Thumb Code     4  stm32f10x_tim.o(i.TIM_SetCompare2)
    TIM_SetCompare3                          0x0800184f   Thumb Code     4  stm32f10x_tim.o(i.TIM_SetCompare3)
    TIM_TimeBaseInit                         0x08001855   Thumb Code   122  stm32f10x_tim.o(i.TIM_TimeBaseInit)
    UART2_Configuration                      0x080018f9   Thumb Code   186  uart2.o(i.UART2_Configuration)
    USART1_IRQHandler                        0x080019c1   Thumb Code   122  usart.o(i.USART1_IRQHandler)
    USART2_IRQHandler                        0x08001a49   Thumb Code    92  uart2.o(i.USART2_IRQHandler)
    USART2_Interrupts_Config                 0x08001ab5   Thumb Code    34  uart2.o(i.USART2_Interrupts_Config)
    USART3_IRQHandler                        0x08001ad9   Thumb Code    98  uart3.o(i.USART3_IRQHandler)
    USART_ClearFlag                          0x08001b51   Thumb Code    18  stm32f10x_usart.o(i.USART_ClearFlag)
    USART_ClockInit                          0x08001b63   Thumb Code    34  stm32f10x_usart.o(i.USART_ClockInit)
    USART_Cmd                                0x08001b85   Thumb Code    24  stm32f10x_usart.o(i.USART_Cmd)
    USART_GetFlagStatus                      0x08001b9d   Thumb Code    26  stm32f10x_usart.o(i.USART_GetFlagStatus)
    USART_GetITStatus                        0x08001bb7   Thumb Code    84  stm32f10x_usart.o(i.USART_GetITStatus)
    USART_ITConfig                           0x08001c0b   Thumb Code    74  stm32f10x_usart.o(i.USART_ITConfig)
    USART_Init                               0x08001c55   Thumb Code   210  stm32f10x_usart.o(i.USART_Init)
    USART_ReceiveData                        0x08001d2d   Thumb Code    10  stm32f10x_usart.o(i.USART_ReceiveData)
    USART_SendData                           0x08001d37   Thumb Code     8  stm32f10x_usart.o(i.USART_SendData)
    UsageFault_Handler                       0x08001d3f   Thumb Code     4  stm32f10x_it.o(i.UsageFault_Handler)
    __0printf$8                              0x08001d45   Thumb Code    22  printf8.o(i.__0printf$8)
    __1printf$8                              0x08001d45   Thumb Code     0  printf8.o(i.__0printf$8)
    __2printf                                0x08001d45   Thumb Code     0  printf8.o(i.__0printf$8)
    __0sprintf$8                             0x08001d65   Thumb Code    34  printf8.o(i.__0sprintf$8)
    __1sprintf$8                             0x08001d65   Thumb Code     0  printf8.o(i.__0sprintf$8)
    __2sprintf                               0x08001d65   Thumb Code     0  printf8.o(i.__0sprintf$8)
    __scatterload_copy                       0x08001d8d   Thumb Code    14  handlers.o(i.__scatterload_copy)
    __scatterload_null                       0x08001d9b   Thumb Code     2  handlers.o(i.__scatterload_null)
    __scatterload_zeroinit                   0x08001d9d   Thumb Code    14  handlers.o(i.__scatterload_zeroinit)
    check_message                            0x08002219   Thumb Code    38  message.o(i.check_message)
    delay_init                               0x08002241   Thumb Code    50  delay.o(i.delay_init)
    delay_ms                                 0x08002285   Thumb Code    72  delay.o(i.delay_ms)
    fputc                                    0x080022d1   Thumb Code    24  usart.o(i.fputc)
    main                                     0x080022ed   Thumb Code   114  main.o(i.main)
    malloc                                   0x080023a9   Thumb Code    92  malloc.o(i.malloc)
    msg_queue_get_empty                      0x08002415   Thumb Code    42  message.o(i.msg_queue_get_empty)
    msg_queue_init                           0x08002469   Thumb Code    60  message.o(i.msg_queue_init)
    msg_queue_pull                           0x080024a9   Thumb Code    84  message.o(i.msg_queue_pull)
    msg_queue_push                           0x08002501   Thumb Code    66  message.o(i.msg_queue_push)
    osalInitTasks                            0x0800254d   Thumb Code    72  osal_simple.o(i.osalInitTasks)
    osal_init_system                         0x080025a5   Thumb Code    10  osal_simple.o(i.osal_init_system)
    osal_set_event                           0x080025b1   Thumb Code    22  osal_simple.o(i.osal_set_event)
    osal_start_system                        0x080025cd   Thumb Code   106  osal_simple.o(i.osal_start_system)
    print_message                            0x08002649   Thumb Code    44  message.o(i.print_message)
    str_cmp                                  0x08002691   Thumb Code    34  message.o(i.str_cmp)
    uart2_comm_write                         0x080026b3   Thumb Code    32  uart2.o(i.uart2_comm_write)
    uart2_fputc                              0x080026d5   Thumb Code    32  uart2.o(i.uart2_fputc)
    uart2_set_input_byte_callback            0x080026f9   Thumb Code     6  uart2.o(i.uart2_set_input_byte_callback)
    uart_init                                0x08002705   Thumb Code   152  usart.o(i.uart_init)
    uart_input_byte                          0x080027a5   Thumb Code   188  message.o(i.uart_input_byte)
    version_msg                              0x08002864   Data         200  main.o(.constdata)
    tasksArr_peripheral                      0x080029ac   Data          12  osal_simple.o(.constdata)
    Region$$Table$$Base                      0x080029b8   Number         0  anon$$obj.o(Region$$Table)
    Region$$Table$$Limit                     0x080029d8   Number         0  anon$$obj.o(Region$$Table)
    SystemCoreClock                          0x20000000   Data           4  system_stm32f10x.o(.data)
    AHBPrescTable                            0x20000004   Data          16  system_stm32f10x.o(.data)
    __stdout                                 0x20000018   Data           4  usart.o(.data)
    USART_RX_STA                             0x2000001c   Data           2  usart.o(.data)
    Exti_TaskID                              0x20000032   Data           1  exti.o(.data)
    pwm1_level_max                           0x20000070   Data           1  timer.o(.data)
    pwm1_level_cur                           0x20000071   Data           1  timer.o(.data)
    pwm2_level_max                           0x200000ae   Data           1  timer.o(.data)
    pwm2_level_cur                           0x200000af   Data           1  timer.o(.data)
    pwm3_level_max                           0x200000ec   Data           1  timer.o(.data)
    pwm3_level_cur                           0x200000ed   Data           1  timer.o(.data)
    gps_rec_count                            0x20000110   Data           4  uart2.o(.data)
    sonylens_tx_buffer                       0x20000114   Data           2  uart3.o(.data)
    sonylens_rx_cnt                          0x20000118   Data           4  uart3.o(.data)
    sonylens_tx_cnt                          0x2000011c   Data           4  uart3.o(.data)
    sonylens_tx_length                       0x20000120   Data           4  uart3.o(.data)
    Adc_TaskID                               0x2000012c   Data           1  adc.o(.data)
    adc_index                                0x2000012d   Data           1  adc.o(.data)
    beep_on                                  0x2000012e   Data           1  adc.o(.data)
    Message_TaskID                           0x20000130   Data           1  message.o(.data)
    handler                                  0x20000138   Data           4  message.o(.data)
    queue_lock                               0x2000013c   Data           4  message.o(.data)
    tasksCnt                                 0x20000149   Data           1  osal_simple.o(.data)
    tasksEvents                              0x2000014c   Data           4  osal_simple.o(.data)
    __microlib_freelist                      0x20000150   Data           4  mvars.o(.data)
    __microlib_freelist_initialised          0x20000154   Data           4  mvars.o(.data)
    USART_RX_BUF                             0x20000158   Data         200  usart.o(.bss)
    adc_value                                0x20000220   Data          20  adc.o(.bss)
    tasksArr                                 0x20000268   Data          48  osal_simple.o(.bss)
    __heap_base                              0x20000298   Data           0  startup_stm32f10x_md.o(HEAP)
    __heap_limit                             0x20000498   Data           0  startup_stm32f10x_md.o(HEAP)
    __initial_sp                             0x20000898   Data           0  startup_stm32f10x_md.o(STACK)



==============================================================================

Memory Map of the image

  Image Entry point : 0x080000ed

  Load Region LR_IROM1 (Base: 0x08000000, Size: 0x00002b30, Max: 0x00020000, ABSOLUTE, COMPRESSED[0x00002a18])

    Execution Region ER_IROM1 (Base: 0x08000000, Size: 0x000029d8, Max: 0x00020000, ABSOLUTE)

    Base Addr    Size         Type   Attr      Idx    E Section Name        Object

    0x08000000   0x000000ec   Data   RO          219    RESET               startup_stm32f10x_md.o
    0x080000ec   0x00000000   Code   RO         3862  * .ARM.Collect$$$$00000000  mc_w.l(entry.o)
    0x080000ec   0x00000004   Code   RO         4162    .ARM.Collect$$$$00000001  mc_w.l(entry2.o)
    0x080000f0   0x00000004   Code   RO         4165    .ARM.Collect$$$$00000004  mc_w.l(entry5.o)
    0x080000f4   0x00000000   Code   RO         4167    .ARM.Collect$$$$00000008  mc_w.l(entry7b.o)
    0x080000f4   0x00000000   Code   RO         4169    .ARM.Collect$$$$0000000A  mc_w.l(entry8b.o)
    0x080000f4   0x00000008   Code   RO         4170    .ARM.Collect$$$$0000000B  mc_w.l(entry9a.o)
    0x080000fc   0x00000000   Code   RO         4172    .ARM.Collect$$$$0000000D  mc_w.l(entry10a.o)
    0x080000fc   0x00000000   Code   RO         4174    .ARM.Collect$$$$0000000F  mc_w.l(entry11a.o)
    0x080000fc   0x00000004   Code   RO         4163    .ARM.Collect$$$$00002712  mc_w.l(entry2.o)
    0x08000100   0x00000024   Code   RO          220    .text               startup_stm32f10x_md.o
    0x08000124   0x00000024   Code   RO         3865    .text               mc_w.l(memseta.o)
    0x08000148   0x0000000e   Code   RO         3867    .text               mc_w.l(strlen.o)
    0x08000156   0x0000001c   Code   RO         3869    .text               mc_w.l(strcmp.o)
    0x08000172   0x00000062   Code   RO         4178    .text               mc_w.l(uldiv.o)
    0x080001d4   0x00000024   Code   RO         4197    .text               mc_w.l(init.o)
    0x080001f8   0x0000001e   Code   RO         4199    .text               mc_w.l(llshl.o)
    0x08000216   0x00000020   Code   RO         4201    .text               mc_w.l(llushr.o)
    0x08000236   0x00000056   Code   RO         4215    .text               mc_w.l(__dczerorl2.o)
    0x0800028c   0x00000016   Code   RO          345    i.ADC_Cmd           stm32f10x_adc.o
    0x080002a2   0x00000002   PAD
    0x080002a4   0x0000005c   Code   RO          347    i.ADC_DeInit        stm32f10x_adc.o
    0x08000300   0x00000014   Code   RO          353    i.ADC_GetCalibrationStatus  stm32f10x_adc.o
    0x08000314   0x00000008   Code   RO          354    i.ADC_GetConversionValue  stm32f10x_adc.o
    0x0800031c   0x00000012   Code   RO          356    i.ADC_GetFlagStatus  stm32f10x_adc.o
    0x0800032e   0x00000014   Code   RO          359    i.ADC_GetResetCalibrationStatus  stm32f10x_adc.o
    0x08000342   0x00000002   PAD
    0x08000344   0x00000050   Code   RO          363    i.ADC_Init          stm32f10x_adc.o
    0x08000394   0x000000b8   Code   RO          367    i.ADC_RegularChannelConfig  stm32f10x_adc.o
    0x0800044c   0x0000000a   Code   RO          368    i.ADC_ResetCalibration  stm32f10x_adc.o
    0x08000456   0x00000016   Code   RO          370    i.ADC_SoftwareStartConvCmd  stm32f10x_adc.o
    0x0800046c   0x0000000a   Code   RO          372    i.ADC_StartCalibration  stm32f10x_adc.o
    0x08000476   0x00000002   PAD
    0x08000478   0x000000ac   Code   RO         3672    i.Adc_Init          adc.o
    0x08000524   0x000000d8   Code   RO         3673    i.Adc_ProcessEvent  adc.o
    0x080005fc   0x00000004   Code   RO          120    i.BusFault_Handler  stm32f10x_it.o
    0x08000600   0x00000002   Code   RO          121    i.DebugMon_Handler  stm32f10x_it.o
    0x08000602   0x00000002   PAD
    0x08000604   0x00000050   Code   RO         3327    i.EXTI0_IRQHandler  exti.o
    0x08000654   0x000000f0   Code   RO         3328    i.EXTI15_10_IRQHandler  exti.o
    0x08000744   0x00000048   Code   RO         3329    i.EXTI1_IRQHandler  exti.o
    0x0800078c   0x00000048   Code   RO         3330    i.EXTI2_IRQHandler  exti.o
    0x080007d4   0x00000038   Code   RO         3331    i.EXTI3_IRQHandler  exti.o
    0x0800080c   0x00000038   Code   RO         3332    i.EXTI4_IRQHandler  exti.o
    0x08000844   0x000000a0   Code   RO         3333    i.EXTI9_5_IRQHandler  exti.o
    0x080008e4   0x0000017c   Code   RO         3334    i.EXTIX_Init        exti.o
    0x08000a60   0x0000015c   Code   RO         3335    i.EXTIX_ProcessEvent  exti.o
    0x08000bbc   0x0000000c   Code   RO         1119    i.EXTI_ClearITPendingBit  stm32f10x_exti.o
    0x08000bc8   0x00000028   Code   RO         1123    i.EXTI_GetITStatus  stm32f10x_exti.o
    0x08000bf0   0x00000094   Code   RO         1124    i.EXTI_Init         stm32f10x_exti.o
    0x08000c84   0x00000040   Code   RO         1475    i.GPIO_EXTILineConfig  stm32f10x_gpio.o
    0x08000cc4   0x00000116   Code   RO         1478    i.GPIO_Init         stm32f10x_gpio.o
    0x08000dda   0x00000002   PAD
    0x08000ddc   0x00000090   Code   RO         1480    i.GPIO_PinRemapConfig  stm32f10x_gpio.o
    0x08000e6c   0x00000012   Code   RO         1482    i.GPIO_ReadInputDataBit  stm32f10x_gpio.o
    0x08000e7e   0x00000004   Code   RO         1486    i.GPIO_SetBits      stm32f10x_gpio.o
    0x08000e82   0x00000002   PAD
    0x08000e84   0x00000034   Code   RO         3674    i.Get_Adc           adc.o
    0x08000eb8   0x00000004   Code   RO          122    i.HardFault_Handler  stm32f10x_it.o
    0x08000ebc   0x00000054   Code   RO         3394    i.KEY_Init          key.o
    0x08000f10   0x00000054   Code   RO         3315    i.LED_Init          led.o
    0x08000f64   0x00000004   Code   RO          123    i.MemManage_Handler  stm32f10x_it.o
    0x08000f68   0x00000050   Code   RO         3706    i.Message_ProcessEvent  message.o
    0x08000fb8   0x00000114   Code   RO         3707    i.Message_handler   message.o
    0x080010cc   0x00000020   Code   RO         3708    i.Message_init      message.o
    0x080010ec   0x00000002   Code   RO          124    i.NMI_Handler       stm32f10x_it.o
    0x080010ee   0x0000000c   Code   RO          250    i.NVIC_Configuration  sys.o
    0x080010fa   0x00000002   PAD
    0x080010fc   0x00000070   Code   RO          303    i.NVIC_Init         misc.o
    0x0800116c   0x00000014   Code   RO          304    i.NVIC_PriorityGroupConfig  misc.o
    0x08001180   0x000000ec   Code   RO         3426    i.PWM_Init          timer.o
    0x0800126c   0x00000002   Code   RO          125    i.PendSV_Handler    stm32f10x_it.o
    0x0800126e   0x00000002   PAD
    0x08001270   0x00000018   Code   RO         1901    i.RCC_ADCCLKConfig  stm32f10x_rcc.o
    0x08001288   0x00000020   Code   RO         1903    i.RCC_APB1PeriphClockCmd  stm32f10x_rcc.o
    0x080012a8   0x00000020   Code   RO         1905    i.RCC_APB2PeriphClockCmd  stm32f10x_rcc.o
    0x080012c8   0x00000020   Code   RO         1906    i.RCC_APB2PeriphResetCmd  stm32f10x_rcc.o
    0x080012e8   0x000000dc   Code   RO         1913    i.RCC_GetClocksFreq  stm32f10x_rcc.o
    0x080013c4   0x00000002   Code   RO          126    i.SVC_Handler       stm32f10x_it.o
    0x080013c6   0x00000008   Code   RO          183    i.SetSysClock       system_stm32f10x.o
    0x080013ce   0x00000002   PAD
    0x080013d0   0x000000e0   Code   RO          184    i.SetSysClockTo72   system_stm32f10x.o
    0x080014b0   0x00000028   Code   RO          307    i.SysTick_CLKSourceConfig  misc.o
    0x080014d8   0x00000002   Code   RO          127    i.SysTick_Handler   stm32f10x_it.o
    0x080014da   0x00000002   PAD
    0x080014dc   0x00000060   Code   RO          186    i.SystemInit        system_stm32f10x.o
    0x0800153c   0x000000bc   Code   RO         3431    i.TIM3_PWM_Init     timer.o
    0x080015f8   0x00000018   Code   RO         2534    i.TIM_ARRPreloadConfig  stm32f10x_tim.o
    0x08001610   0x00000018   Code   RO         2546    i.TIM_Cmd           stm32f10x_tim.o
    0x08001628   0x00000098   Code   RO         2575    i.TIM_OC1Init       stm32f10x_tim.o
    0x080016c0   0x00000012   Code   RO         2578    i.TIM_OC1PreloadConfig  stm32f10x_tim.o
    0x080016d2   0x00000002   PAD
    0x080016d4   0x000000a4   Code   RO         2580    i.TIM_OC2Init       stm32f10x_tim.o
    0x08001778   0x0000001a   Code   RO         2583    i.TIM_OC2PreloadConfig  stm32f10x_tim.o
    0x08001792   0x00000002   PAD
    0x08001794   0x000000a0   Code   RO         2585    i.TIM_OC3Init       stm32f10x_tim.o
    0x08001834   0x00000012   Code   RO         2588    i.TIM_OC3PreloadConfig  stm32f10x_tim.o
    0x08001846   0x00000004   Code   RO         2607    i.TIM_SetCompare1   stm32f10x_tim.o
    0x0800184a   0x00000004   Code   RO         2608    i.TIM_SetCompare2   stm32f10x_tim.o
    0x0800184e   0x00000004   Code   RO         2609    i.TIM_SetCompare3   stm32f10x_tim.o
    0x08001852   0x00000002   PAD
    0x08001854   0x000000a4   Code   RO         2617    i.TIM_TimeBaseInit  stm32f10x_tim.o
    0x080018f8   0x000000c8   Code   RO         3482    i.UART2_Configuration  uart2.o
    0x080019c0   0x00000088   Code   RO          262    i.USART1_IRQHandler  usart.o
    0x08001a48   0x0000006c   Code   RO         3483    i.USART2_IRQHandler  uart2.o
    0x08001ab4   0x00000022   Code   RO         3484    i.USART2_Interrupts_Config  uart2.o
    0x08001ad6   0x00000002   PAD
    0x08001ad8   0x00000078   Code   RO         3572    i.USART3_IRQHandler  uart3.o
    0x08001b50   0x00000012   Code   RO         3078    i.USART_ClearFlag   stm32f10x_usart.o
    0x08001b62   0x00000022   Code   RO         3080    i.USART_ClockInit   stm32f10x_usart.o
    0x08001b84   0x00000018   Code   RO         3082    i.USART_Cmd         stm32f10x_usart.o
    0x08001b9c   0x0000001a   Code   RO         3085    i.USART_GetFlagStatus  stm32f10x_usart.o
    0x08001bb6   0x00000054   Code   RO         3086    i.USART_GetITStatus  stm32f10x_usart.o
    0x08001c0a   0x0000004a   Code   RO         3088    i.USART_ITConfig    stm32f10x_usart.o
    0x08001c54   0x000000d8   Code   RO         3089    i.USART_Init        stm32f10x_usart.o
    0x08001d2c   0x0000000a   Code   RO         3096    i.USART_ReceiveData  stm32f10x_usart.o
    0x08001d36   0x00000008   Code   RO         3099    i.USART_SendData    stm32f10x_usart.o
    0x08001d3e   0x00000004   Code   RO          128    i.UsageFault_Handler  stm32f10x_it.o
    0x08001d42   0x00000002   PAD
    0x08001d44   0x00000020   Code   RO         4080    i.__0printf$8       mc_w.l(printf8.o)
    0x08001d64   0x00000028   Code   RO         4082    i.__0sprintf$8      mc_w.l(printf8.o)
    0x08001d8c   0x0000000e   Code   RO         4209    i.__scatterload_copy  mc_w.l(handlers.o)
    0x08001d9a   0x00000002   Code   RO         4210    i.__scatterload_null  mc_w.l(handlers.o)
    0x08001d9c   0x0000000e   Code   RO         4211    i.__scatterload_zeroinit  mc_w.l(handlers.o)
    0x08001daa   0x00000002   PAD
    0x08001dac   0x00000410   Code   RO         4087    i._printf_core      mc_w.l(printf8.o)
    0x080021bc   0x00000024   Code   RO         4088    i._printf_post_padding  mc_w.l(printf8.o)
    0x080021e0   0x0000002e   Code   RO         4089    i._printf_pre_padding  mc_w.l(printf8.o)
    0x0800220e   0x0000000a   Code   RO         4091    i._sputc            mc_w.l(printf8.o)
    0x08002218   0x00000026   Code   RO         3711    i.check_message     message.o
    0x0800223e   0x00000002   PAD
    0x08002240   0x00000044   Code   RO          224    i.delay_init        delay.o
    0x08002284   0x0000004c   Code   RO          225    i.delay_ms          delay.o
    0x080022d0   0x0000001c   Code   RO          264    i.fputc             usart.o
    0x080022ec   0x000000bc   Code   RO           17    i.main              main.o
    0x080023a8   0x0000006c   Code   RO         4135    i.malloc            mc_w.l(malloc.o)
    0x08002414   0x00000054   Code   RO         3713    i.msg_queue_get_empty  message.o
    0x08002468   0x00000040   Code   RO         3714    i.msg_queue_init    message.o
    0x080024a8   0x00000058   Code   RO         3715    i.msg_queue_pull    message.o
    0x08002500   0x0000004c   Code   RO         3716    i.msg_queue_push    message.o
    0x0800254c   0x00000058   Code   RO         3806    i.osalInitTasks     osal_simple.o
    0x080025a4   0x0000000a   Code   RO         3808    i.osal_init_system  osal_simple.o
    0x080025ae   0x00000002   PAD
    0x080025b0   0x0000001c   Code   RO         3809    i.osal_set_event    osal_simple.o
    0x080025cc   0x0000007c   Code   RO         3810    i.osal_start_system  osal_simple.o
    0x08002648   0x00000048   Code   RO         3717    i.print_message     message.o
    0x08002690   0x00000022   Code   RO         3719    i.str_cmp           message.o
    0x080026b2   0x00000020   Code   RO         3489    i.uart2_comm_write  uart2.o
    0x080026d2   0x00000002   PAD
    0x080026d4   0x00000024   Code   RO         3491    i.uart2_fputc       uart2.o
    0x080026f8   0x0000000c   Code   RO         3494    i.uart2_set_input_byte_callback  uart2.o
    0x08002704   0x000000a0   Code   RO          265    i.uart_init         usart.o
    0x080027a4   0x000000c0   Code   RO         3720    i.uart_input_byte   message.o
    0x08002864   0x000000c8   Data   RO           18    .constdata          main.o
    0x0800292c   0x0000007d   Data   RO         3336    .constdata          exti.o
    0x080029a9   0x00000003   PAD
    0x080029ac   0x0000000c   Data   RO         3812    .constdata          osal_simple.o
    0x080029b8   0x00000020   Data   RO         4207    Region$$Table       anon$$obj.o


    Execution Region RW_IRAM1 (Base: 0x20000000, Size: 0x00000898, Max: 0x00005000, ABSOLUTE, COMPRESSED[0x00000040])

    Base Addr    Size         Type   Attr      Idx    E Section Name        Object

    0x20000000   0x00000014   Data   RW          187    .data               system_stm32f10x.o
    0x20000014   0x00000004   Data   RW          227    .data               delay.o
    0x20000018   0x00000006   Data   RW          267    .data               usart.o
    0x2000001e   0x00000014   Data   RW         1933    .data               stm32f10x_rcc.o
    0x20000032   0x00000001   Data   RW         3337    .data               exti.o
    0x20000033   0x00000001   PAD
    0x20000034   0x000000ba   Data   RW         3433    .data               timer.o
    0x200000ee   0x00000002   PAD
    0x200000f0   0x00000024   Data   RW         3496    .data               uart2.o
    0x20000114   0x00000018   Data   RW         3586    .data               uart3.o
    0x2000012c   0x00000003   Data   RW         3677    .data               adc.o
    0x2000012f   0x00000001   PAD
    0x20000130   0x00000015   Data   RW         3722    .data               message.o
    0x20000145   0x00000003   PAD
    0x20000148   0x00000008   Data   RW         3813    .data               osal_simple.o
    0x20000150   0x00000004   Data   RW         4184    .data               mc_w.l(mvars.o)
    0x20000154   0x00000004   Data   RW         4185    .data               mc_w.l(mvars.o)
    0x20000158   0x000000c8   Zero   RW          266    .bss                usart.o
    0x20000220   0x00000014   Zero   RW         3676    .bss                adc.o
    0x20000234   0x00000034   Zero   RW         3721    .bss                message.o
    0x20000268   0x00000030   Zero   RW         3811    .bss                osal_simple.o
    0x20000298   0x00000200   Zero   RW          218    HEAP                startup_stm32f10x_md.o
    0x20000498   0x00000400   Zero   RW          217    STACK               startup_stm32f10x_md.o


==============================================================================

Image component sizes


      Code (inc. data)   RO Data    RW Data    ZI Data      Debug   Object Name

       440         66          0          3         20       2605   adc.o
         0          0          0          0          0       4536   core_cm3.o
       144         22          0          4          0       1076   delay.o
      1464        172        125          1          0       6787   exti.o
        84         10          0          0          0        475   key.o
        84          8          0          0          0        463   led.o
       188         74        200          0          0     262440   main.o
      1036        206          0         21         52       6737   message.o
       172         22          0          0          0       1905   misc.o
       250         40         12          8         48       2764   osal_simple.o
        36          8        236          0       1536        760   startup_stm32f10x_md.o
       486         24          0          0          0       8062   stm32f10x_adc.o
       200         18          0          0          0       1948   stm32f10x_exti.o
       508         10          0          0          0       4323   stm32f10x_gpio.o
        26          0          0          0          0       3530   stm32f10x_it.o
       340         52          0         20          0       5282   stm32f10x_rcc.o
       762         82          0          0          0       7341   stm32f10x_tim.o
       494          6          0          0          0       6913   stm32f10x_usart.o
        12          0          0          0          0        417   sys.o
       328         28          0         20          0       1977   system_stm32f10x.o
       424         54          0        186          0       2147   timer.o
       422         40          0         36          0       4202   uart2.o
       120         22          0         24          0       1735   uart3.o
       324         26          0          6        200       3460   usart.o

    ----------------------------------------------------------------------
      8380        990        608        336       1856     341885   Object Totals
         0          0         32          0          0          0   (incl. Generated)
        36          0          3          7          0          0   (incl. Padding)

    ----------------------------------------------------------------------

      Code (inc. data)   RO Data    RW Data    ZI Data      Debug   Library Member Name

        86          0          0          0          0          0   __dczerorl2.o
         0          0          0          0          0          0   entry.o
         0          0          0          0          0          0   entry10a.o
         0          0          0          0          0          0   entry11a.o
         8          4          0          0          0          0   entry2.o
         4          0          0          0          0          0   entry5.o
         0          0          0          0          0          0   entry7b.o
         0          0          0          0          0          0   entry8b.o
         8          4          0          0          0          0   entry9a.o
        30          0          0          0          0          0   handlers.o
        36          8          0          0          0         68   init.o
        30          0          0          0          0         68   llshl.o
        32          0          0          0          0         68   llushr.o
       108         16          0          0          0         84   malloc.o
        36          0          0          0          0        108   memseta.o
         0          0          0          8          0          0   mvars.o
      1204         60          0          0          0        504   printf8.o
        28          0          0          0          0         76   strcmp.o
        14          0          0          0          0         68   strlen.o
        98          0          0          0          0         92   uldiv.o

    ----------------------------------------------------------------------
      1724         92          0          8          0       1136   Library Totals
         2          0          0          0          0          0   (incl. Padding)

    ----------------------------------------------------------------------

      Code (inc. data)   RO Data    RW Data    ZI Data      Debug   Library Name

      1722         92          0          8          0       1136   mc_w.l

    ----------------------------------------------------------------------
      1724         92          0          8          0       1136   Library Totals

    ----------------------------------------------------------------------

==============================================================================


      Code (inc. data)   RO Data    RW Data    ZI Data      Debug   

     10104       1082        608        344       1856     337429   Grand Totals
     10104       1082        608         64       1856     337429   ELF Image Totals (compressed)
     10104       1082        608         64          0          0   ROM Totals

==============================================================================

    Total RO  Size (Code + RO Data)                10712 (  10.46kB)
    Total RW  Size (RW Data + ZI Data)              2200 (   2.15kB)
    Total ROM Size (Code + RO Data + RW Data)      10776 (  10.52kB)

==============================================================================

