Component: ARM Compiler 5.05 update 1 (build 106) Tool: armlink [4d0efa]

==============================================================================

Section Cross References

    main.o(i.checkLockCode) refers to main.o(.data) for Lock_Code
    main.o(i.main) refers to delay.o(i.delay_init) for delay_init
    main.o(i.main) refers to sys.o(i.NVIC_Configuration) for NVIC_Configuration
    main.o(i.main) refers to usart.o(i.uart_init) for uart_init
    main.o(i.main) refers to main.o(i.checkLockCode) for checkLockCode
    main.o(i.main) refers to printf8.o(i.__0printf$8) for __2printf
    main.o(i.main) refers to delay.o(i.delay_ms) for delay_ms
    main.o(i.main) refers to osal_simple.o(i.osal_init_system) for osal_init_system
    main.o(i.main) refers to osal_simple.o(i.osal_start_system) for osal_start_system
    main.o(i.main) refers to main.o(.constdata) for version_msg
    system_stm32f10x.o(i.SetSysClock) refers to system_stm32f10x.o(i.SetSysClockTo72) for SetSysClockTo72
    system_stm32f10x.o(i.SystemCoreClockUpdate) refers to system_stm32f10x.o(.data) for SystemCoreClock
    system_stm32f10x.o(i.SystemInit) refers to system_stm32f10x.o(i.SetSysClock) for SetSysClock
    startup_stm32f10x_md.o(RESET) refers to startup_stm32f10x_md.o(STACK) for __initial_sp
    startup_stm32f10x_md.o(RESET) refers to startup_stm32f10x_md.o(.text) for Reset_Handler
    startup_stm32f10x_md.o(RESET) refers to stm32f10x_it.o(i.NMI_Handler) for NMI_Handler
    startup_stm32f10x_md.o(RESET) refers to stm32f10x_it.o(i.HardFault_Handler) for HardFault_Handler
    startup_stm32f10x_md.o(RESET) refers to stm32f10x_it.o(i.MemManage_Handler) for MemManage_Handler
    startup_stm32f10x_md.o(RESET) refers to stm32f10x_it.o(i.BusFault_Handler) for BusFault_Handler
    startup_stm32f10x_md.o(RESET) refers to stm32f10x_it.o(i.UsageFault_Handler) for UsageFault_Handler
    startup_stm32f10x_md.o(RESET) refers to stm32f10x_it.o(i.SVC_Handler) for SVC_Handler
    startup_stm32f10x_md.o(RESET) refers to stm32f10x_it.o(i.DebugMon_Handler) for DebugMon_Handler
    startup_stm32f10x_md.o(RESET) refers to stm32f10x_it.o(i.PendSV_Handler) for PendSV_Handler
    startup_stm32f10x_md.o(RESET) refers to stm32f10x_it.o(i.SysTick_Handler) for SysTick_Handler
    startup_stm32f10x_md.o(RESET) refers to exti.o(i.EXTI0_IRQHandler) for EXTI0_IRQHandler
    startup_stm32f10x_md.o(RESET) refers to exti.o(i.EXTI1_IRQHandler) for EXTI1_IRQHandler
    startup_stm32f10x_md.o(RESET) refers to exti.o(i.EXTI2_IRQHandler) for EXTI2_IRQHandler
    startup_stm32f10x_md.o(RESET) refers to exti.o(i.EXTI3_IRQHandler) for EXTI3_IRQHandler
    startup_stm32f10x_md.o(RESET) refers to exti.o(i.EXTI4_IRQHandler) for EXTI4_IRQHandler
    startup_stm32f10x_md.o(RESET) refers to exti.o(i.EXTI9_5_IRQHandler) for EXTI9_5_IRQHandler
    startup_stm32f10x_md.o(RESET) refers to timer.o(i.TIM2_IRQHandler) for TIM2_IRQHandler
    startup_stm32f10x_md.o(RESET) refers to led.o(i.TIM4_IRQHandler) for TIM4_IRQHandler
    startup_stm32f10x_md.o(RESET) refers to usart.o(i.USART1_IRQHandler) for USART1_IRQHandler
    startup_stm32f10x_md.o(RESET) refers to uart2.o(i.USART2_IRQHandler) for USART2_IRQHandler
    startup_stm32f10x_md.o(RESET) refers to uart3.o(i.USART3_IRQHandler) for USART3_IRQHandler
    startup_stm32f10x_md.o(RESET) refers to exti.o(i.EXTI15_10_IRQHandler) for EXTI15_10_IRQHandler
    startup_stm32f10x_md.o(.text) refers to system_stm32f10x.o(i.SystemInit) for SystemInit
    startup_stm32f10x_md.o(.text) refers to entry.o(.ARM.Collect$$$$00000000) for __main
    delay.o(i.delay_init) refers to misc.o(i.SysTick_CLKSourceConfig) for SysTick_CLKSourceConfig
    delay.o(i.delay_init) refers to system_stm32f10x.o(.data) for SystemCoreClock
    delay.o(i.delay_init) refers to delay.o(.data) for fac_us
    delay.o(i.delay_ms) refers to delay.o(.data) for fac_ms
    delay.o(i.delay_us) refers to delay.o(.data) for fac_us
    sys.o(i.NVIC_Configuration) refers to misc.o(i.NVIC_PriorityGroupConfig) for NVIC_PriorityGroupConfig
    usart.o(i.USART1_IRQHandler) refers to stm32f10x_usart.o(i.USART_GetITStatus) for USART_GetITStatus
    usart.o(i.USART1_IRQHandler) refers to stm32f10x_usart.o(i.USART_ReceiveData) for USART_ReceiveData
    usart.o(i.USART1_IRQHandler) refers to usart.o(.data) for USART_RX_STA
    usart.o(i.USART1_IRQHandler) refers to usart.o(.bss) for USART_RX_BUF
    usart.o(i.uart_init) refers to stm32f10x_rcc.o(i.RCC_APB2PeriphClockCmd) for RCC_APB2PeriphClockCmd
    usart.o(i.uart_init) refers to stm32f10x_gpio.o(i.GPIO_Init) for GPIO_Init
    usart.o(i.uart_init) refers to misc.o(i.NVIC_Init) for NVIC_Init
    usart.o(i.uart_init) refers to stm32f10x_usart.o(i.USART_Init) for USART_Init
    usart.o(i.uart_init) refers to stm32f10x_usart.o(i.USART_ITConfig) for USART_ITConfig
    usart.o(i.uart_init) refers to stm32f10x_usart.o(i.USART_Cmd) for USART_Cmd
[...]
    ..\STM32F10x_FWLib\src\stm32f10x_pwr.c   0x00000000   Number         0  stm32f10x_pwr.o ABSOLUTE
    ..\STM32F10x_FWLib\src\stm32f10x_rcc.c   0x00000000   Number         0  stm32f10x_rcc.o ABSOLUTE
    ..\STM32F10x_FWLib\src\stm32f10x_rtc.c   0x00000000   Number         0  stm32f10x_rtc.o ABSOLUTE
    ..\STM32F10x_FWLib\src\stm32f10x_sdio.c  0x00000000   Number         0  stm32f10x_sdio.o ABSOLUTE
    ..\STM32F10x_FWLib\src\stm32f10x_spi.c   0x00000000   Number         0  stm32f10x_spi.o ABSOLUTE
    ..\STM32F10x_FWLib\src\stm32f10x_tim.c   0x00000000   Number         0  stm32f10x_tim.o ABSOLUTE
    ..\STM32F10x_FWLib\src\stm32f10x_usart.c 0x00000000   Number         0  stm32f10x_usart.o ABSOLUTE
    ..\STM32F10x_FWLib\src\stm32f10x_wwdg.c  0x00000000   Number         0  stm32f10x_wwdg.o ABSOLUTE
    ..\SYSTEM\delay\delay.c                  0x00000000   Number         0  delay.o ABSOLUTE
    ..\SYSTEM\sys\sys.c                      0x00000000   Number         0  sys.o ABSOLUTE
    ..\SYSTEM\usart\usart.c                  0x00000000   Number         0  usart.o ABSOLUTE
    ..\\CORE\\core_cm3.c                     0x00000000   Number         0  core_cm3.o ABSOLUTE
    cdrcmple.s                               0x00000000   Number         0  cdrcmple.o ABSOLUTE
    dc.s                                     0x00000000   Number         0  dc.o ABSOLUTE
    handlers.s                               0x00000000   Number         0  handlers.o ABSOLUTE
    init.s                                   0x00000000   Number         0  init.o ABSOLUTE
    RESET                                    0x08000000   Section      236  startup_stm32f10x_md.o(RESET)
    .ARM.Collect$$$$00000000                 0x080000ec   Section        0  entry.o(.ARM.Collect$$$$00000000)
    .ARM.Collect$$$$00000001                 0x080000ec   Section        4  entry2.o(.ARM.Collect$$$$00000001)
    .ARM.Collect$$$$00000004                 0x080000f0   Section        4  entry5.o(.ARM.Collect$$$$00000004)
    .ARM.Collect$$$$00000008                 0x080000f4   Section        0  entry7b.o(.ARM.Collect$$$$00000008)
    .ARM.Collect$$$$0000000A                 0x080000f4   Section        0  entry8b.o(.ARM.Collect$$$$0000000A)
    .ARM.Collect$$$$0000000B                 0x080000f4   Section        8  entry9a.o(.ARM.Collect$$$$0000000B)
    .ARM.Collect$$$$0000000D                 0x080000fc   Section        0  entry10a.o(.ARM.Collect$$$$0000000D)
    .ARM.Collect$$$$0000000F                 0x080000fc   Section        0  entry11a.o(.ARM.Collect$$$$0000000F)
    .ARM.Collect$$$$00002712                 0x080000fc   Section        4  entry2.o(.ARM.Collect$$$$00002712)
    __lit__00000000                          0x080000fc   Data           4  entry2.o(.ARM.Collect$$$$00002712)
    .text                                    0x08000100   Section       36  startup_stm32f10x_md.o(.text)
    .text                                    0x08000124   Section        0  memcpya.o(.text)
    .text                                    0x08000148   Section        0  memseta.o(.text)
    .text                                    0x0800016c   Section        0  strstr.o(.text)
    .text                                    0x08000190   Section        0  strlen.o(.text)
    .text                                    0x0800019e   Section        0  strcmp.o(.text)
    .text                                    0x080001ba   Section        0  uldiv.o(.text)
    .text                                    0x0800021c   Section       36  init.o(.text)
    .text                                    0x08000240   Section        0  llshl.o(.text)
    .text                                    0x0800025e   Section        0  llushr.o(.text)
    .text                                    0x0800027e   Section        0  __dclz77c.o(.text)
    i.ACTION_Init                            0x080002dc   Section        0  action.o(i.ACTION_Init)
    i.ACTION_Key1                            0x08000354   Section        0  action.o(i.ACTION_Key1)
    i.ACTION_Key2                            0x08000374   Section        0  action.o(i.ACTION_Key2)
    i.ACTION_Key3                            0x08000394   Section        0  action.o(i.ACTION_Key3)
    i.ACTION_Key4                            0x080003b4   Section        0  action.o(i.ACTION_Key4)
    i.ACTION_Power_Off                       0x080003d4   Section        0  action.o(i.ACTION_Power_Off)
    i.ACTION_Power_On                        0x08000400   Section        0  action.o(i.ACTION_Power_On)
    i.ADC_Cmd                                0x0800042c   Section        0  stm32f10x_adc.o(i.ADC_Cmd)
    i.ADC_DeInit                             0x08000444   Section        0  stm32f10x_adc.o(i.ADC_DeInit)
    i.ADC_GetCalibrationStatus               0x080004a0   Section        0  stm32f10x_adc.o(i.ADC_GetCalibrationStatus)
    i.ADC_GetConversionValue                 0x080004b4   Section        0  stm32f10x_adc.o(i.ADC_GetConversionValue)
    i.ADC_GetFlagStatus                      0x080004bc   Section        0  stm32f10x_adc.o(i.ADC_GetFlagStatus)
    i.ADC_GetResetCalibrationStatus          0x080004ce   Section        0  stm32f10x_adc.o(i.ADC_GetResetCalibrationStatus)
    i.ADC_Init                               0x080004e4   Section        0  stm32f10x_adc.o(i.ADC_Init)
    i.ADC_RegularChannelConfig               0x08000534   Section        0  stm32f10x_adc.o(i.ADC_RegularChannelConfig)
    i.ADC_ResetCalibration                   0x080005ec   Section        0  stm32f10x_adc.o(i.ADC_ResetCalibration)
    i.ADC_SoftwareStartConvCmd               0x080005f6   Section        0  stm32f10x_adc.o(i.ADC_SoftwareStartConvCmd)
    i.ADC_StartCalibration                   0x0800060c   Section        0  stm32f10x_adc.o(i.ADC_StartCalibration)
    i.AT24CXX_Init                           0x08000616   Section        0  at24cxx.o(i.AT24CXX_Init)
    i.AT24CXX_Read                           0x08000618   Section        0  at24cxx.o(i.AT24CXX_Read)
    i.AT24CXX_ReadOneByte                    0x08000644   Section        0  at24cxx.o(i.AT24CXX_ReadOneByte)
    i.AT24CXX_Write                          0x080006cc   Section        0  at24cxx.o(i.AT24CXX_Write)
    i.AT24CXX_WriteOneByte                   0x080006fc   Section        0  at24cxx.o(i.AT24CXX_WriteOneByte)
    i.Adc_Init                               0x08000778   Section        0  adc.o(i.Adc_Init)
    i.Adc_ProcessEvent                       0x08000824   Section        0  adc.o(i.Adc_ProcessEvent)
    i.BusFault_Handler                       0x080008fc   Section        0  stm32f10x_it.o(i.BusFault_Handler)
    i.DebugMon_Handler                       0x08000900   Section        0  stm32f10x_it.o(i.DebugMon_Handler)
    i.EXTI0_IRQHandler                       0x08000904   Section        0  exti.o(i.EXTI0_IRQHandler)
    i.EXTI15_10_IRQHandler                   0x0800094c   Section        0  exti.o(i.EXTI15_10_IRQHandler)
    i.EXTI1_IRQHandler                       0x08000a68   Section        0  exti.o(i.EXTI1_IRQHandler)
    i.EXTI2_IRQHandler                       0x08000ab0   Section        0  exti.o(i.EXTI2_IRQHandler)
    i.EXTI3_IRQHandler                       0x08000af8   Section        0  exti.o(i.EXTI3_IRQHandler)
    i.EXTI4_IRQHandler                       0x08000b30   Section        0  exti.o(i.EXTI4_IRQHandler)
    i.EXTI9_5_IRQHandler                     0x08000b78   Section        0  exti.o(i.EXTI9_5_IRQHandler)
    i.EXTI_ClearITPendingBit                 0x08000c3c   Section        0  stm32f10x_exti.o(i.EXTI_ClearITPendingBit)
    i.EXTI_GetITStatus                       0x08000c48   Section        0  stm32f10x_exti.o(i.EXTI_GetITStatus)
    i.GPIO_Init                              0x08000c70   Section        0  stm32f10x_gpio.o(i.GPIO_Init)
    i.GPIO_PinRemapConfig                    0x08000d88   Section        0  stm32f10x_gpio.o(i.GPIO_PinRemapConfig)
    i.GPIO_ReadInputDataBit                  0x08000e18   Section        0  stm32f10x_gpio.o(i.GPIO_ReadInputDataBit)
    i.GPIO_ResetBits                         0x08000e2a   Section        0  stm32f10x_gpio.o(i.GPIO_ResetBits)
    i.GPIO_SetBits                           0x08000e2e   Section        0  stm32f10x_gpio.o(i.GPIO_SetBits)
    i.Get_Adc                                0x08000e34   Section        0  adc.o(i.Get_Adc)
    i.HardFault_Handler                      0x08000e68   Section        0  stm32f10x_it.o(i.HardFault_Handler)
    i.IIC_Ack                                0x08000e6c   Section        0  myiic.o(i.IIC_Ack)
    i.IIC_Init                               0x08000ebc   Section        0  myiic.o(i.IIC_Init)
    i.IIC_NAck                               0x08000f14   Section        0  myiic.o(i.IIC_NAck)
    i.IIC_Read_Byte                          0x08000f64   Section        0  myiic.o(i.IIC_Read_Byte)
    i.IIC_Send_Byte                          0x08000fd4   Section        0  myiic.o(i.IIC_Send_Byte)
    i.IIC_Start                              0x08001048   Section        0  myiic.o(i.IIC_Start)
    i.IIC_Stop                               0x08001094   Section        0  myiic.o(i.IIC_Stop)
    i.IIC_Wait_Ack                           0x080010e0   Section        0  myiic.o(i.IIC_Wait_Ack)
    i.IWDG_Enable                            0x08001144   Section        0  stm32f10x_iwdg.o(i.IWDG_Enable)
    i.IWDG_Feed                              0x08001154   Section        0  wdg.o(i.IWDG_Feed)
    i.IWDG_Init                              0x0800115c   Section        0  wdg.o(i.IWDG_Init)
    i.IWDG_ReloadCounter                     0x08001180   Section        0  stm32f10x_iwdg.o(i.IWDG_ReloadCounter)
    i.IWDG_SetPrescaler                      0x08001190   Section        0  stm32f10x_iwdg.o(i.IWDG_SetPrescaler)
    i.IWDG_SetReload                         0x0800119c   Section        0  stm32f10x_iwdg.o(i.IWDG_SetReload)
    i.IWDG_WriteAccessCmd                    0x080011a8   Section        0  stm32f10x_iwdg.o(i.IWDG_WriteAccessCmd)
    i.KEY_Init                               0x080011b4   Section        0  key.o(i.KEY_Init)
    i.KEY_ProcessEvent                       0x08001218   Section        0  key.o(i.KEY_ProcessEvent)
    i.KEY_Scan                               0x08001394   Section        0  key.o(i.KEY_Scan)
    i.KEY_Scan1                              0x080013b4   Section        0  key.o(i.KEY_Scan1)
    i.KEY_Scan2                              0x08001558   Section        0  key.o(i.KEY_Scan2)
    i.KEY_timer_handler                      0x080016a8   Section        0  key.o(i.KEY_timer_handler)
    i.LED_GetMode                            0x08001718   Section        0  led.o(i.LED_GetMode)
    i.LED_Get_state                          0x08001748   Section        0  led.o(i.LED_Get_state)
    i.LED_Init                               0x08001774   Section        0  led.o(i.LED_Init)
    i.LED_Notify                             0x080017c4   Section        0  led.o(i.LED_Notify)
    i.LED_ProcessEvent                       0x08001818   Section        0  led.o(i.LED_ProcessEvent)
    i.LED_Scan                               0x08001888   Section        0  led.o(i.LED_Scan)
    i.MemManage_Handler                      0x08001984   Section        0  stm32f10x_it.o(i.MemManage_Handler)
    i.Message_ProcessEvent                   0x08001988   Section        0  message.o(i.Message_ProcessEvent)
    i.Message_handler                        0x080019d8   Section        0  message.o(i.Message_handler)
    i.Message_init                           0x08001be0   Section        0  message.o(i.Message_init)
    i.NMI_Handler                            0x08001c00   Section        0  stm32f10x_it.o(i.NMI_Handler)
    i.NVIC_Configuration                     0x08001c02   Section        0  sys.o(i.NVIC_Configuration)
    i.NVIC_Init                              0x08001c10   Section        0  misc.o(i.NVIC_Init)
    i.NVIC_PriorityGroupConfig               0x08001c80   Section        0  misc.o(i.NVIC_PriorityGroupConfig)
    i.PWM_Init                               0x08001c94   Section        0  timer.o(i.PWM_Init)
    i.PWM_Notify                             0x08001d30   Section        0  timer.o(i.PWM_Notify)
    i.PWM_SetMode                            0x08001e10   Section        0  timer.o(i.PWM_SetMode)
    i.PWM_SetValue                           0x08001e44   Section        0  timer.o(i.PWM_SetValue)
    i.PWM_level_reset                        0x08001ed8   Section        0  timer.o(i.PWM_level_reset)
    i.PendSV_Handler                         0x08001f20   Section        0  stm32f10x_it.o(i.PendSV_Handler)
    i.RCC_ADCCLKConfig                       0x08001f24   Section        0  stm32f10x_rcc.o(i.RCC_ADCCLKConfig)
    i.RCC_APB1PeriphClockCmd                 0x08001f3c   Section        0  stm32f10x_rcc.o(i.RCC_APB1PeriphClockCmd)
    i.RCC_APB2PeriphClockCmd                 0x08001f5c   Section        0  stm32f10x_rcc.o(i.RCC_APB2PeriphClockCmd)
    i.RCC_APB2PeriphResetCmd                 0x08001f7c   Section        0  stm32f10x_rcc.o(i.RCC_APB2PeriphResetCmd)
    i.RCC_GetClocksFreq                      0x08001f9c   Section        0  stm32f10x_rcc.o(i.RCC_GetClocksFreq)
    i.SVC_Handler                            0x08002078   Section        0  stm32f10x_it.o(i.SVC_Handler)
    i.SetSysClock                            0x0800207a   Section        0  system_stm32f10x.o(i.SetSysClock)
    SetSysClock                              0x0800207b   Thumb Code     8  system_stm32f10x.o(i.SetSysClock)
    i.SetSysClockTo72                        0x08002084   Section        0  system_stm32f10x.o(i.SetSysClockTo72)
    SetSysClockTo72                          0x08002085   Thumb Code   214  system_stm32f10x.o(i.SetSysClockTo72)
    i.Simple_Init                            0x08002164   Section        0  simple_main.o(i.Simple_Init)
    i.Simple_Notify                          0x0800226c   Section        0  simple_main.o(i.Simple_Notify)
    i.Simple_Notify_Mode                     0x0800234c   Section        0  simple_main.o(i.Simple_Notify_Mode)
    i.Simple_Notify_Power                    0x08002384   Section        0  simple_main.o(i.Simple_Notify_Power)
    i.Simple_ProcessEvent                    0x080023c0   Section        0  simple_main.o(i.Simple_ProcessEvent)
    i.Simple_Reinit                          0x08002630   Section        0  simple_main.o(i.Simple_Reinit)
    i.Simple_level_down                      0x080026c4   Section        0  simple_main.o(i.Simple_level_down)
    i.Simple_level_reset                     0x0800271c   Section        0  simple_main.o(i.Simple_level_reset)
    i.Simple_level_up                        0x08002764   Section        0  simple_main.o(i.Simple_level_up)
    i.Simple_read_state                      0x080027cc   Section        0  simple_main.o(i.Simple_read_state)
    i.Simple_save_state                      0x08002878   Section        0  simple_main.o(i.Simple_save_state)
    i.Simple_write_state                     0x080028a4   Section        0  simple_main.o(i.Simple_write_state)
    i.SysTick_CLKSourceConfig                0x0800291c   Section        0  misc.o(i.SysTick_CLKSourceConfig)
    i.SysTick_Handler                        0x08002944   Section        0  stm32f10x_it.o(i.SysTick_Handler)
    i.SystemInit                             0x08002948   Section        0  system_stm32f10x.o(i.SystemInit)
    i.TIM2_IRQHandler                        0x080029a8   Section        0  timer.o(i.TIM2_IRQHandler)
    i.TIM2_Int_Init                          0x080029e8   Section        0  timer.o(i.TIM2_Int_Init)
    i.TIM2_Start                             0x08002a44   Section        0  timer.o(i.TIM2_Start)
    i.TIM2_Stop                              0x08002a74   Section        0  timer.o(i.TIM2_Stop)
    i.TIM3_PWM_Init                          0x08002aa0   Section        0  timer.o(i.TIM3_PWM_Init)
    i.TIM4_IRQHandler                        0x08002b5c   Section        0  led.o(i.TIM4_IRQHandler)
    i.TIM4_Int_Init                          0x08002b84   Section        0  timer.o(i.TIM4_Int_Init)
    i.TIM_ARRPreloadConfig                   0x08002be4   Section        0  stm32f10x_tim.o(i.TIM_ARRPreloadConfig)
    i.TIM_ClearITPendingBit                  0x08002bfc   Section        0  stm32f10x_tim.o(i.TIM_ClearITPendingBit)
    i.TIM_Cmd                                0x08002c02   Section        0  stm32f10x_tim.o(i.TIM_Cmd)
    i.TIM_GetITStatus                        0x08002c1a   Section        0  stm32f10x_tim.o(i.TIM_GetITStatus)
    i.TIM_ITConfig                           0x08002c3c   Section        0  stm32f10x_tim.o(i.TIM_ITConfig)
    i.TIM_OC1Init                            0x08002c50   Section        0  stm32f10x_tim.o(i.TIM_OC1Init)
    i.TIM_OC1PreloadConfig                   0x08002ce8   Section        0  stm32f10x_tim.o(i.TIM_OC1PreloadConfig)
    i.TIM_OC2Init                            0x08002cfc   Section        0  stm32f10x_tim.o(i.TIM_OC2Init)
    i.TIM_OC2PreloadConfig                   0x08002da0   Section        0  stm32f10x_tim.o(i.TIM_OC2PreloadConfig)
    i.TIM_OC3Init                            0x08002dbc   Section        0  stm32f10x_tim.o(i.TIM_OC3Init)
    i.TIM_OC3PreloadConfig                   0x08002e5c   Section        0  stm32f10x_tim.o(i.TIM_OC3PreloadConfig)
    i.TIM_SetCompare1                        0x08002e6e   Section        0  stm32f10x_tim.o(i.TIM_SetCompare1)
    i.TIM_SetCompare2                        0x08002e72   Section        0  stm32f10x_tim.o(i.TIM_SetCompare2)
    i.TIM_SetCompare3                        0x08002e76   Section        0  stm32f10x_tim.o(i.TIM_SetCompare3)
    i.TIM_TimeBaseInit                       0x08002e7c   Section        0  stm32f10x_tim.o(i.TIM_TimeBaseInit)
    i.UART2_Configuration                    0x08002f20   Section        0  uart2.o(i.UART2_Configuration)
    i.USART1_IRQHandler                      0x08002fe8   Section        0  usart.o(i.USART1_IRQHandler)
    i.USART2_IRQHandler                      0x08003070   Section        0  uart2.o(i.USART2_IRQHandler)
    i.USART2_Interrupts_Config               0x080030dc   Section        0  uart2.o(i.USART2_Interrupts_Config)
    i.USART3_IRQHandler                      0x08003100   Section        0  uart3.o(i.USART3_IRQHandler)
    i.USART_ClearFlag                        0x08003178   Section        0  stm32f10x_usart.o(i.USART_ClearFlag)
    i.USART_ClockInit                        0x0800318a   Section        0  stm32f10x_usart.o(i.USART_ClockInit)
    i.USART_Cmd                              0x080031ac   Section        0  stm32f10x_usart.o(i.USART_Cmd)
    i.USART_GetFlagStatus                    0x080031c4   Section        0  stm32f10x_usart.o(i.USART_GetFlagStatus)
    i.USART_GetITStatus                      0x080031de   Section        0  stm32f10x_usart.o(i.USART_GetITStatus)
    i.USART_ITConfig                         0x08003232   Section        0  stm32f10x_usart.o(i.USART_ITConfig)
    i.USART_Init                             0x0800327c   Section        0  stm32f10x_usart.o(i.USART_Init)
    i.USART_ReceiveData                      0x08003354   Section        0  stm32f10x_usart.o(i.USART_ReceiveData)
    i.USART_SendData                         0x0800335e   Section        0  stm32f10x_usart.o(i.USART_SendData)
    i.UsageFault_Handler                     0x08003366   Section        0  stm32f10x_it.o(i.UsageFault_Handler)
    i.__0printf$8                            0x0800336c   Section        0  printf8.o(i.__0printf$8)
    i.__0sprintf$8                           0x0800338c   Section        0  printf8.o(i.__0sprintf$8)
    i.__scatterload_copy                     0x080033b4   Section       14  handlers.o(i.__scatterload_copy)
    i.__scatterload_null                     0x080033c2   Section        2  handlers.o(i.__scatterload_null)
    i.__scatterload_zeroinit                 0x080033c4   Section       14  handlers.o(i.__scatterload_zeroinit)
    i._printf_core                           0x080033d4   Section        0  printf8.o(i._printf_core)
    _printf_core                             0x080033d5   Thumb Code   996  printf8.o(i._printf_core)
    i._printf_post_padding                   0x080037e4   Section        0  printf8.o(i._printf_post_padding)
    _printf_post_padding                     0x080037e5   Thumb Code    36  printf8.o(i._printf_post_padding)
    i._printf_pre_padding                    0x08003808   Section        0  printf8.o(i._printf_pre_padding)
    _printf_pre_padding                      0x08003809   Thumb Code    46  printf8.o(i._printf_pre_padding)
    i._sputc                                 0x08003836   Section        0  printf8.o(i._sputc)
    _sputc                                   0x08003837   Thumb Code    10  printf8.o(i._sputc)
    i.checkLockCode                          0x08003840   Section        0  main.o(i.checkLockCode)
    i.check_message                          0x0800389c   Section        0  message.o(i.check_message)
    i.delay_init                             0x080038d8   Section        0  delay.o(i.delay_init)
    i.delay_ms                               0x0800391c   Section        0  delay.o(i.delay_ms)
    i.delay_us                               0x08003968   Section        0  delay.o(i.delay_us)
    i.fputc                                  0x080039b4   Section        0  usart.o(i.fputc)
    i.main                                   0x080039d0   Section        0  main.o(i.main)
    i.malloc                                 0x08003a48   Section        0  malloc.o(i.malloc)
    i.msg_queue_get_empty                    0x08003ab4   Section        0  message.o(i.msg_queue_get_empty)
    i.msg_queue_init                         0x08003b08   Section        0  message.o(i.msg_queue_init)
    i.msg_queue_pull                         0x08003b48   Section        0  message.o(i.msg_queue_pull)
    i.msg_queue_push                         0x08003ba0   Section        0  message.o(i.msg_queue_push)
    i.osal_init_system                       0x08003bec   Section        0  osal_simple.o(i.osal_init_system)
    i.osal_set_event                         0x08003c80   Section        0  osal_simple.o(i.osal_set_event)
    i.osal_start_system                      0x08003c9c   Section        0  osal_simple.o(i.osal_start_system)
    i.print_message                          0x08003d40   Section        0  message.o(i.print_message)
    i.uart2_comm_write                       0x08003d88   Section        0  uart2.o(i.uart2_comm_write)
    i.uart2_fputc                            0x08003da8   Section        0  uart2.o(i.uart2_fputc)
    i.uart2_set_input_byte_callback          0x08003dcc   Section        0  uart2.o(i.uart2_set_input_byte_callback)
    i.uart_init                              0x08003dd8   Section        0  usart.o(i.uart_init)
    i.uart_input_byte                        0x08003e78   Section        0  message.o(i.uart_input_byte)
    .constdata                               0x08003f18   Section      204  main.o(.constdata)
    .constdata                               0x08003fe4   Section      144  exti.o(.constdata)
    __FUNCTION__                             0x08003fe4   Data          17  exti.o(.constdata)
    __FUNCTION__                             0x08003ff5   Data          17  exti.o(.constdata)
    __FUNCTION__                             0x08004006   Data          17  exti.o(.constdata)
    __FUNCTION__                             0x08004017   Data          17  exti.o(.constdata)
    __FUNCTION__                             0x08004028   Data          17  exti.o(.constdata)
    __FUNCTION__                             0x08004039   Data          19  exti.o(.constdata)
    __FUNCTION__                             0x0800404c   Data          21  exti.o(.constdata)
    __FUNCTION__                             0x08004061   Data          19  exti.o(.constdata)
    .constdata                               0x08004074   Section       17  key.o(.constdata)
    __FUNCTION__                             0x08004074   Data          17  key.o(.constdata)
    .constdata                               0x08004085   Section       42  timer.o(.constdata)
    __FUNCTION__                             0x08004085   Data          11  timer.o(.constdata)
    __FUNCTION__                             0x08004090   Data          10  timer.o(.constdata)
    __FUNCTION__                             0x0800409a   Data           8  timer.o(.constdata)
    __FUNCTION__                             0x080040a2   Data          13  timer.o(.constdata)
    .constdata                               0x080040af   Section       33  action.o(.constdata)
    __FUNCTION__                             0x080040af   Data          16  action.o(.constdata)
    __FUNCTION__                             0x080040bf   Data          17  action.o(.constdata)
    .constdata                               0x080040d0   Section       21  myiic.o(.constdata)
    __FUNCTION__                             0x080040d0   Data           9  myiic.o(.constdata)
    __FUNCTION__                             0x080040d9   Data          12  myiic.o(.constdata)
    .constdata                               0x080040e8   Section       20  osal_simple.o(.constdata)
    .constdata                               0x080040fc   Section       20  simple_main.o(.constdata)
    __FUNCTION__                             0x080040fc   Data          20  simple_main.o(.constdata)
    .conststring                             0x08004110   Section        7  simple_main.o(.conststring)
    .data                                    0x20000000   Section        4  main.o(.data)
    Lock_Code                                0x20000000   Data           4  main.o(.data)
    .data                                    0x20000004   Section       20  system_stm32f10x.o(.data)
    .data                                    0x20000018   Section        4  delay.o(.data)
    fac_us                                   0x20000018   Data           1  delay.o(.data)
    fac_ms                                   0x2000001a   Data           2  delay.o(.data)
    .data                                    0x2000001c   Section        6  usart.o(.data)
    .data                                    0x20000022   Section       20  stm32f10x_rcc.o(.data)
    APBAHBPrescTable                         0x20000022   Data          16  stm32f10x_rcc.o(.data)
    ADCPrescTable                            0x20000032   Data           4  stm32f10x_rcc.o(.data)
    .data                                    0x20000038   Section      389  led.o(.data)
    key_up                                   0x200001bc   Data           1  led.o(.data)
    .data                                    0x200001bd   Section        1  exti.o(.data)
    .data                                    0x200001c0   Section       11  key.o(.data)
    key_up                                   0x200001c9   Data           1  key.o(.data)
    key_up                                   0x200001ca   Data           1  key.o(.data)
    .data                                    0x200001cc   Section      170  timer.o(.data)
    pwm1_curve                               0x200001da   Data          22  timer.o(.data)
    pwm2_curve                               0x200001f0   Data          52  timer.o(.data)
    pwm3_curve                               0x20000224   Data          60  timer.o(.data)
    pwm4_curve                               0x20000260   Data          22  timer.o(.data)
    .data                                    0x20000278   Section       36  uart2.o(.data)
    Uart2_TxBuffer                           0x20000278   Data           5  uart2.o(.data)
    Uart2_RxCounter                          0x20000280   Data           4  uart2.o(.data)
    Uart2_TxCounter                          0x20000284   Data           4  uart2.o(.data)
    Uart2_RxReadPointer                      0x20000288   Data           4  uart2.o(.data)
    rec_systick_mark                         0x2000028c   Data           4  uart2.o(.data)
    Uart2_temp_rx_counter                    0x20000290   Data           4  uart2.o(.data)
    input_callback                           0x20000294   Data           4  uart2.o(.data)
    .data                                    0x2000029c   Section       24  uart3.o(.data)
    rec_systick_mark                         0x200002ac   Data           4  uart3.o(.data)
    rx_callback                              0x200002b0   Data           4  uart3.o(.data)
    .data                                    0x200002b4   Section        3  adc.o(.data)
    .data                                    0x200002b8   Section       21  message.o(.data)
    input_buf_index                          0x200002bc   Data           4  message.o(.data)
    msg                                      0x200002c8   Data           4  message.o(.data)
    lastbyte                                 0x200002cc   Data           1  message.o(.data)
    .data                                    0x200002cd   Section        2  action.o(.data)
    .data                                    0x200002d0   Section        5  at24cxx.o(.data)
    .data                                    0x200002d8   Section        8  osal_simple.o(.data)
    activeTaskID                             0x200002d8   Data           1  osal_simple.o(.data)
    .data                                    0x200002e0   Section      185  simple_main.o(.data)
    curr_level                               0x200002f5   Data           4  simple_main.o(.data)
    max_level                                0x200002f9   Data           4  simple_main.o(.data)
    freq_curve                               0x200002fe   Data          20  simple_main.o(.data)
    delay_curve                              0x20000312   Data          52  simple_main.o(.data)
    time_curve                               0x20000346   Data          60  simple_main.o(.data)
    grade_curve                              0x20000382   Data          22  simple_main.o(.data)
    curr_mode                                0x20000398   Data           1  simple_main.o(.data)
    .data                                    0x2000039c   Section        4  mvars.o(.data)
    .data                                    0x200003a0   Section        4  mvars.o(.data)
    .bss                                     0x200003a4   Section      200  usart.o(.bss)
    .bss                                     0x2000046c   Section       16  timer.o(.bss)
    .bss                                     0x2000047c   Section       20  adc.o(.bss)
    .bss                                     0x20000490   Section       52  message.o(.bss)
    input_buf                                0x20000490   Data          32  message.o(.bss)
    msg_queue                                0x200004b0   Data          20  message.o(.bss)
    .bss                                     0x200004c4   Section       48  osal_simple.o(.bss)
    .bss                                     0x200004f4   Section       16  simple_main.o(.bss)
    p_curve                                  0x200004f4   Data          16  simple_main.o(.bss)
    HEAP                                     0x20000508   Section      512  startup_stm32f10x_md.o(HEAP)
    STACK                                    0x20000708   Section     1024  startup_stm32f10x_md.o(STACK)

    Global Symbols

    Symbol Name                              Value     Ov Type        Size  Object(Section)

    BuildAttributes$$THM_ISAv4$P$D$K$B$S$PE$A:L22UL41UL21$X:L11$S22US41US21$IEEE1$IW$USESV6$~STKCKD$USESV7$~SHL$OSPACE$ROPI$EBA8$MICROLIB$REQ8$PRES8$EABIv2 0x00000000   Number         0  anon$$obj.o ABSOLUTE
    __ARM_use_no_argv                        0x00000000   Number         0  main.o ABSOLUTE
    __use_no_errno                           0x00000000   Number         0  useno.o ABSOLUTE
    __use_no_exception_handling              0x00000000   Number         0  useno.o ABSOLUTE
    __use_no_fp                              0x00000000   Number         0  useno.o ABSOLUTE
    __use_no_heap                            0x00000000   Number         0  useno.o ABSOLUTE
    __use_no_heap_region                     0x00000000   Number         0  useno.o ABSOLUTE
    __use_no_semihosting                     0x00000000   Number         0  useno.o ABSOLUTE
    __use_no_semihosting_swi                 0x00000000   Number         0  useno.o ABSOLUTE
    __use_no_signal_handling                 0x00000000   Number         0  useno.o ABSOLUTE
    _printf_a                                0x00000000   Number         0  stubs.o ABSOLUTE
    _printf_c                                0x00000000   Number         0  stubs.o ABSOLUTE
    _printf_charcount                        0x00000000   Number         0  stubs.o ABSOLUTE
    _printf_d                                0x00000000   Number         0  stubs.o ABSOLUTE
    _printf_e                                0x00000000   Number         0  stubs.o ABSOLUTE
    _printf_f                                0x00000000   Number         0  stubs.o ABSOLUTE
    _printf_flags                            0x00000000   Number         0  stubs.o ABSOLUTE
    _printf_fp_dec                           0x00000000   Number         0  stubs.o ABSOLUTE
    _printf_fp_hex                           0x00000000   Number         0  stubs.o ABSOLUTE
    _printf_g                                0x00000000   Number         0  stubs.o ABSOLUTE
    _printf_i                                0x00000000   Number         0  stubs.o ABSOLUTE
    _printf_int_dec                          0x00000000   Number         0  stubs.o ABSOLUTE
    _printf_l                                0x00000000   Number         0  stubs.o ABSOLUTE
    _printf_lc                               0x00000000   Number         0  stubs.o ABSOLUTE
    _printf_ll                               0x00000000   Number         0  stubs.o ABSOLUTE
    _printf_lld                              0x00000000   Number         0  stubs.o ABSOLUTE
    _printf_lli                              0x00000000   Number         0  stubs.o ABSOLUTE
    _printf_llo                              0x00000000   Number         0  stubs.o ABSOLUTE
    _printf_llu                              0x00000000   Number         0  stubs.o ABSOLUTE
    _printf_llx                              0x00000000   Number         0  stubs.o ABSOLUTE
    _printf_longlong_dec                     0x00000000   Number         0  stubs.o ABSOLUTE
    _printf_longlong_hex                     0x00000000   Number         0  stubs.o ABSOLUTE
    _printf_longlong_oct                     0x00000000   Number         0  stubs.o ABSOLUTE
    _printf_ls                               0x00000000   Number         0  stubs.o ABSOLUTE
    _printf_mbtowc                           0x00000000   Number         0  stubs.o ABSOLUTE
    _printf_n                                0x00000000   Number         0  stubs.o ABSOLUTE
    _printf_o                                0x00000000   Number         0  stubs.o ABSOLUTE
    _printf_p                                0x00000000   Number         0  stubs.o ABSOLUTE
    _printf_percent                          0x00000000   Number         0  stubs.o ABSOLUTE
    _printf_pre_padding                      0x00000000   Number         0  stubs.o ABSOLUTE
    _printf_return_value                     0x00000000   Number         0  stubs.o ABSOLUTE
    _printf_s                                0x00000000   Number         0  stubs.o ABSOLUTE
    _printf_sizespec                         0x00000000   Number         0  stubs.o ABSOLUTE
    _printf_str                              0x00000000   Number         0  stubs.o ABSOLUTE
    _printf_truncate_signed                  0x00000000   Number         0  stubs.o ABSOLUTE
    _printf_truncate_unsigned                0x00000000   Number         0  stubs.o ABSOLUTE
    _printf_u                                0x00000000   Number         0  stubs.o ABSOLUTE
    _printf_wc                               0x00000000   Number         0  stubs.o ABSOLUTE
    _printf_wctomb                           0x00000000   Number         0  stubs.o ABSOLUTE
    _printf_widthprec                        0x00000000   Number         0  stubs.o ABSOLUTE
    _printf_x                                0x00000000   Number         0  stubs.o ABSOLUTE
    __cpp_initialize__aeabi_                  - Undefined Weak Reference
    __cxa_finalize                            - Undefined Weak Reference
    _clock_init                               - Undefined Weak Reference
    _microlib_exit                            - Undefined Weak Reference
    __Vectors_Size                           0x000000ec   Number         0  startup_stm32f10x_md.o ABSOLUTE
    __Vectors                                0x08000000   Data           4  startup_stm32f10x_md.o(RESET)
    __Vectors_End                            0x080000ec   Data           0  startup_stm32f10x_md.o(RESET)
    __main                                   0x080000ed   Thumb Code     0  entry.o(.ARM.Collect$$$$00000000)
    _main_stk                                0x080000ed   Thumb Code     0  entry2.o(.ARM.Collect$$$$00000001)
    _main_scatterload                        0x080000f1   Thumb Code     0  entry5.o(.ARM.Collect$$$$00000004)
    __main_after_scatterload                 0x080000f5   Thumb Code     0  entry5.o(.ARM.Collect$$$$00000004)
    _main_clock                              0x080000f5   Thumb Code     0  entry7b.o(.ARM.Collect$$$$00000008)
    _main_cpp_init                           0x080000f5   Thumb Code     0  entry8b.o(.ARM.Collect$$$$0000000A)
    _main_init                               0x080000f5   Thumb Code     0  entry9a.o(.ARM.Collect$$$$0000000B)
    __rt_final_cpp                           0x080000fd   Thumb Code     0  entry10a.o(.ARM.Collect$$$$0000000D)
    __rt_final_exit                          0x080000fd   Thumb Code     0  entry11a.o(.ARM.Collect$$$$0000000F)
    Reset_Handler                            0x08000101   Thumb Code     8  startup_stm32f10x_md.o(.text)
    ADC1_2_IRQHandler                        0x0800011b   Thumb Code     0  startup_stm32f10x_md.o(.text)
    CAN1_RX1_IRQHandler                      0x0800011b   Thumb Code     0  startup_stm32f10x_md.o(.text)
    CAN1_SCE_IRQHandler                      0x0800011b   Thumb Code     0  startup_stm32f10x_md.o(.text)
    DMA1_Channel1_IRQHandler                 0x0800011b   Thumb Code     0  startup_stm32f10x_md.o(.text)
    DMA1_Channel2_IRQHandler                 0x0800011b   Thumb Code     0  startup_stm32f10x_md.o(.text)
    DMA1_Channel3_IRQHandler                 0x0800011b   Thumb Code     0  startup_stm32f10x_md.o(.text)
    DMA1_Channel4_IRQHandler                 0x0800011b   Thumb Code     0  startup_stm32f10x_md.o(.text)
    DMA1_Channel5_IRQHandler                 0x0800011b   Thumb Code     0  startup_stm32f10x_md.o(.text)
    DMA1_Channel6_IRQHandler                 0x0800011b   Thumb Code     0  startup_stm32f10x_md.o(.text)
    DMA1_Channel7_IRQHandler                 0x0800011b   Thumb Code     0  startup_stm32f10x_md.o(.text)
    FLASH_IRQHandler                         0x0800011b   Thumb Code     0  startup_stm32f10x_md.o(.text)
    I2C1_ER_IRQHandler                       0x0800011b   Thumb Code     0  startup_stm32f10x_md.o(.text)
    I2C1_EV_IRQHandler                       0x0800011b   Thumb Code     0  startup_stm32f10x_md.o(.text)
    I2C2_ER_IRQHandler                       0x0800011b   Thumb Code     0  startup_stm32f10x_md.o(.text)
    I2C2_EV_IRQHandler                       0x0800011b   Thumb Code     0  startup_stm32f10x_md.o(.text)
    PVD_IRQHandler                           0x0800011b   Thumb Code     0  startup_stm32f10x_md.o(.text)
    RCC_IRQHandler                           0x0800011b   Thumb Code     0  startup_stm32f10x_md.o(.text)
    RTCAlarm_IRQHandler                      0x0800011b   Thumb Code     0  startup_stm32f10x_md.o(.text)
    RTC_IRQHandler                           0x0800011b   Thumb Code     0  startup_stm32f10x_md.o(.text)
    SPI1_IRQHandler                          0x0800011b   Thumb Code     0  startup_stm32f10x_md.o(.text)
    SPI2_IRQHandler                          0x0800011b   Thumb Code     0  startup_stm32f10x_md.o(.text)
    TAMPER_IRQHandler                        0x0800011b   Thumb Code     0  startup_stm32f10x_md.o(.text)
    TIM1_BRK_IRQHandler                      0x0800011b   Thumb Code     0  startup_stm32f10x_md.o(.text)
    TIM1_CC_IRQHandler                       0x0800011b   Thumb Code     0  startup_stm32f10x_md.o(.text)
    TIM1_TRG_COM_IRQHandler                  0x0800011b   Thumb Code     0  startup_stm32f10x_md.o(.text)
    TIM1_UP_IRQHandler                       0x0800011b   Thumb Code     0  startup_stm32f10x_md.o(.text)
    TIM3_IRQHandler                          0x0800011b   Thumb Code     0  startup_stm32f10x_md.o(.text)
    USBWakeUp_IRQHandler                     0x0800011b   Thumb Code     0  startup_stm32f10x_md.o(.text)
    USB_HP_CAN1_TX_IRQHandler                0x0800011b   Thumb Code     0  startup_stm32f10x_md.o(.text)
    USB_LP_CAN1_RX0_IRQHandler               0x0800011b   Thumb Code     0  startup_stm32f10x_md.o(.text)
    WWDG_IRQHandler                          0x0800011b   Thumb Code     0  startup_stm32f10x_md.o(.text)
    __aeabi_memcpy                           0x08000125   Thumb Code    36  memcpya.o(.text)
    __aeabi_memcpy4                          0x08000125   Thumb Code     0  memcpya.o(.text)
    __aeabi_memcpy8                          0x08000125   Thumb Code     0  memcpya.o(.text)
    __aeabi_memset                           0x08000149   Thumb Code    14  memseta.o(.text)
    __aeabi_memset4                          0x08000149   Thumb Code     0  memseta.o(.text)
    __aeabi_memset8                          0x08000149   Thumb Code     0  memseta.o(.text)
    __aeabi_memclr                           0x08000157   Thumb Code     4  memseta.o(.text)
    __aeabi_memclr4                          0x08000157   Thumb Code     0  memseta.o(.text)
    __aeabi_memclr8                          0x08000157   Thumb Code     0  memseta.o(.text)
    _memset$wrapper                          0x0800015b   Thumb Code    18  memseta.o(.text)
    strstr                                   0x0800016d   Thumb Code    36  strstr.o(.text)
    strlen                                   0x08000191   Thumb Code    14  strlen.o(.text)
    strcmp                                   0x0800019f   Thumb Code    28  strcmp.o(.text)
    __aeabi_uldivmod                         0x080001bb   Thumb Code    98  uldiv.o(.text)
    __scatterload                            0x0800021d   Thumb Code    28  init.o(.text)
    __scatterload_rt2                        0x0800021d   Thumb Code     0  init.o(.text)
    __aeabi_llsl                             0x08000241   Thumb Code    30  llshl.o(.text)
    _ll_shift_l                              0x08000241   Thumb Code     0  llshl.o(.text)
    __aeabi_llsr                             0x0800025f   Thumb Code    32  llushr.o(.text)
    _ll_ushift_r                             0x0800025f   Thumb Code     0  llushr.o(.text)
    __decompress                             0x0800027f   Thumb Code     0  __dclz77c.o(.text)
    __decompress2                            0x0800027f   Thumb Code    94  __dclz77c.o(.text)
    ACTION_Init                              0x080002dd   Thumb Code   102  action.o(i.ACTION_Init)
    ACTION_Key1                              0x08000355   Thumb Code    24  action.o(i.ACTION_Key1)
    ACTION_Key2                              0x08000375   Thumb Code    24  action.o(i.ACTION_Key2)
    ACTION_Key3                              0x08000395   Thumb Code    24  action.o(i.ACTION_Key3)
    ACTION_Key4                              0x080003b5   Thumb Code    24  action.o(i.ACTION_Key4)
    ACTION_Power_Off                         0x080003d5   Thumb Code    20  action.o(i.ACTION_Power_Off)
    ACTION_Power_On                          0x08000401   Thumb Code    20  action.o(i.ACTION_Power_On)
    ADC_Cmd                                  0x0800042d   Thumb Code    22  stm32f10x_adc.o(i.ADC_Cmd)
    ADC_DeInit                               0x08000445   Thumb Code    78  stm32f10x_adc.o(i.ADC_DeInit)
    ADC_GetCalibrationStatus                 0x080004a1   Thumb Code    20  stm32f10x_adc.o(i.ADC_GetCalibrationStatus)
    ADC_GetConversionValue                   0x080004b5   Thumb Code     8  stm32f10x_adc.o(i.ADC_GetConversionValue)
    ADC_GetFlagStatus                        0x080004bd   Thumb Code    18  stm32f10x_adc.o(i.ADC_GetFlagStatus)
    ADC_GetResetCalibrationStatus            0x080004cf   Thumb Code    20  stm32f10x_adc.o(i.ADC_GetResetCalibrationStatus)
    ADC_Init                                 0x080004e5   Thumb Code    70  stm32f10x_adc.o(i.ADC_Init)
    ADC_RegularChannelConfig                 0x08000535   Thumb Code   184  stm32f10x_adc.o(i.ADC_RegularChannelConfig)
    ADC_ResetCalibration                     0x080005ed   Thumb Code    10  stm32f10x_adc.o(i.ADC_ResetCalibration)
    ADC_SoftwareStartConvCmd                 0x080005f7   Thumb Code    22  stm32f10x_adc.o(i.ADC_SoftwareStartConvCmd)
    ADC_StartCalibration                     0x0800060d   Thumb Code    10  stm32f10x_adc.o(i.ADC_StartCalibration)
    AT24CXX_Init                             0x08000617   Thumb Code     2  at24cxx.o(i.AT24CXX_Init)
    AT24CXX_Read                             0x08000619   Thumb Code    44  at24cxx.o(i.AT24CXX_Read)
    AT24CXX_ReadOneByte                      0x08000645   Thumb Code   128  at24cxx.o(i.AT24CXX_ReadOneByte)
    AT24CXX_Write                            0x080006cd   Thumb Code    46  at24cxx.o(i.AT24CXX_Write)
    AT24CXX_WriteOneByte                     0x080006fd   Thumb Code   114  at24cxx.o(i.AT24CXX_WriteOneByte)
    Adc_Init                                 0x08000779   Thumb Code   152  adc.o(i.Adc_Init)
    Adc_ProcessEvent                         0x08000825   Thumb Code   176  adc.o(i.Adc_ProcessEvent)
    BusFault_Handler                         0x080008fd   Thumb Code     4  stm32f10x_it.o(i.BusFault_Handler)
    DebugMon_Handler                         0x08000901   Thumb Code     2  stm32f10x_it.o(i.DebugMon_Handler)
    EXTI0_IRQHandler                         0x08000905   Thumb Code    46  exti.o(i.EXTI0_IRQHandler)
    EXTI15_10_IRQHandler                     0x0800094d   Thumb Code   258  exti.o(i.EXTI15_10_IRQHandler)
    EXTI1_IRQHandler                         0x08000a69   Thumb Code    48  exti.o(i.EXTI1_IRQHandler)
    EXTI2_IRQHandler                         0x08000ab1   Thumb Code    48  exti.o(i.EXTI2_IRQHandler)
    EXTI3_IRQHandler                         0x08000af9   Thumb Code    36  exti.o(i.EXTI3_IRQHandler)
    EXTI4_IRQHandler                         0x08000b31   Thumb Code    48  exti.o(i.EXTI4_IRQHandler)
    EXTI9_5_IRQHandler                       0x08000b79   Thumb Code   170  exti.o(i.EXTI9_5_IRQHandler)
    EXTI_ClearITPendingBit                   0x08000c3d   Thumb Code     6  stm32f10x_exti.o(i.EXTI_ClearITPendingBit)
    EXTI_GetITStatus                         0x08000c49   Thumb Code    34  stm32f10x_exti.o(i.EXTI_GetITStatus)
    GPIO_Init                                0x08000c71   Thumb Code   278  stm32f10x_gpio.o(i.GPIO_Init)
    GPIO_PinRemapConfig                      0x08000d89   Thumb Code   138  stm32f10x_gpio.o(i.GPIO_PinRemapConfig)
    GPIO_ReadInputDataBit                    0x08000e19   Thumb Code    18  stm32f10x_gpio.o(i.GPIO_ReadInputDataBit)
    GPIO_ResetBits                           0x08000e2b   Thumb Code     4  stm32f10x_gpio.o(i.GPIO_ResetBits)
    GPIO_SetBits                             0x08000e2f   Thumb Code     4  stm32f10x_gpio.o(i.GPIO_SetBits)
    Get_Adc                                  0x08000e35   Thumb Code    46  adc.o(i.Get_Adc)
    HardFault_Handler                        0x08000e69   Thumb Code     4  stm32f10x_it.o(i.HardFault_Handler)
    IIC_Ack                                  0x08000e6d   Thumb Code    66  myiic.o(i.IIC_Ack)
    IIC_Init                                 0x08000ebd   Thumb Code    60  myiic.o(i.IIC_Init)
    IIC_NAck                                 0x08000f15   Thumb Code    66  myiic.o(i.IIC_NAck)
    IIC_Read_Byte                            0x08000f65   Thumb Code    98  myiic.o(i.IIC_Read_Byte)
    IIC_Send_Byte                            0x08000fd5   Thumb Code   104  myiic.o(i.IIC_Send_Byte)
    IIC_Start                                0x08001049   Thumb Code    64  myiic.o(i.IIC_Start)
    IIC_Stop                                 0x08001095   Thumb Code    62  myiic.o(i.IIC_Stop)
    IIC_Wait_Ack                             0x080010e1   Thumb Code    86  myiic.o(i.IIC_Wait_Ack)
    IWDG_Enable                              0x08001145   Thumb Code    10  stm32f10x_iwdg.o(i.IWDG_Enable)
    IWDG_Feed                                0x08001155   Thumb Code     8  wdg.o(i.IWDG_Feed)
    IWDG_Init                                0x0800115d   Thumb Code    36  wdg.o(i.IWDG_Init)
    IWDG_ReloadCounter                       0x08001181   Thumb Code    10  stm32f10x_iwdg.o(i.IWDG_ReloadCounter)
    IWDG_SetPrescaler                        0x08001191   Thumb Code     6  stm32f10x_iwdg.o(i.IWDG_SetPrescaler)
    IWDG_SetReload                           0x0800119d   Thumb Code     6  stm32f10x_iwdg.o(i.IWDG_SetReload)
    IWDG_WriteAccessCmd                      0x080011a9   Thumb Code     6  stm32f10x_iwdg.o(i.IWDG_WriteAccessCmd)
    KEY_Init                                 0x080011b5   Thumb Code    82  key.o(i.KEY_Init)
    KEY_ProcessEvent                         0x08001219   Thumb Code   360  key.o(i.KEY_ProcessEvent)
    KEY_Scan                                 0x08001395   Thumb Code    30  key.o(i.KEY_Scan)
    KEY_Scan1                                0x080013b5   Thumb Code   400  key.o(i.KEY_Scan1)
    KEY_Scan2                                0x08001559   Thumb Code   306  key.o(i.KEY_Scan2)
    KEY_timer_handler                        0x080016a9   Thumb Code   104  key.o(i.KEY_timer_handler)
    LED_GetMode                              0x08001719   Thumb Code    40  led.o(i.LED_GetMode)
    LED_Get_state                            0x08001749   Thumb Code    38  led.o(i.LED_Get_state)
    LED_Init                                 0x08001775   Thumb Code    68  led.o(i.LED_Init)
    LED_Notify                               0x080017c5   Thumb Code    48  led.o(i.LED_Notify)
    LED_ProcessEvent                         0x08001819   Thumb Code    76  led.o(i.LED_ProcessEvent)
    LED_Scan                                 0x08001889   Thumb Code   232  led.o(i.LED_Scan)
    MemManage_Handler                        0x08001985   Thumb Code     4  stm32f10x_it.o(i.MemManage_Handler)
    Message_ProcessEvent                     0x08001989   Thumb Code    64  message.o(i.Message_ProcessEvent)
    Message_handler                          0x080019d9   Thumb Code   270  message.o(i.Message_handler)
    Message_init                             0x08001be1   Thumb Code    24  message.o(i.Message_init)
    NMI_Handler                              0x08001c01   Thumb Code     2  stm32f10x_it.o(i.NMI_Handler)
    NVIC_Configuration                       0x08001c03   Thumb Code    12  sys.o(i.NVIC_Configuration)
    NVIC_Init                                0x08001c11   Thumb Code   100  misc.o(i.NVIC_Init)
    NVIC_PriorityGroupConfig                 0x08001c81   Thumb Code    10  misc.o(i.NVIC_PriorityGroupConfig)
    PWM_Init                                 0x08001c95   Thumb Code   108  timer.o(i.PWM_Init)
    PWM_Notify                               0x08001d31   Thumb Code   150  timer.o(i.PWM_Notify)
    PWM_SetMode                              0x08001e11   Thumb Code    36  timer.o(i.PWM_SetMode)
    PWM_SetValue                             0x08001e45   Thumb Code   112  timer.o(i.PWM_SetValue)
    PWM_level_reset                          0x08001ed9   Thumb Code    60  timer.o(i.PWM_level_reset)
    PendSV_Handler                           0x08001f21   Thumb Code     2  stm32f10x_it.o(i.PendSV_Handler)
    RCC_ADCCLKConfig                         0x08001f25   Thumb Code    18  stm32f10x_rcc.o(i.RCC_ADCCLKConfig)
    RCC_APB1PeriphClockCmd                   0x08001f3d   Thumb Code    26  stm32f10x_rcc.o(i.RCC_APB1PeriphClockCmd)
    RCC_APB2PeriphClockCmd                   0x08001f5d   Thumb Code    26  stm32f10x_rcc.o(i.RCC_APB2PeriphClockCmd)
    RCC_APB2PeriphResetCmd                   0x08001f7d   Thumb Code    26  stm32f10x_rcc.o(i.RCC_APB2PeriphResetCmd)
    RCC_GetClocksFreq                        0x08001f9d   Thumb Code   192  stm32f10x_rcc.o(i.RCC_GetClocksFreq)
    SVC_Handler                              0x08002079   Thumb Code     2  stm32f10x_it.o(i.SVC_Handler)
    Simple_Init                              0x08002165   Thumb Code   136  simple_main.o(i.Simple_Init)
    Simple_Notify                            0x0800226d   Thumb Code   150  simple_main.o(i.Simple_Notify)
    Simple_Notify_Mode                       0x0800234d   Thumb Code    36  simple_main.o(i.Simple_Notify_Mode)
    Simple_Notify_Power                      0x08002385   Thumb Code    36  simple_main.o(i.Simple_Notify_Power)
    Simple_ProcessEvent                      0x080023c1   Thumb Code   580  simple_main.o(i.Simple_ProcessEvent)
    Simple_Reinit                            0x08002631   Thumb Code    98  simple_main.o(i.Simple_Reinit)
    Simple_level_down                        0x080026c5   Thumb Code    74  simple_main.o(i.Simple_level_down)
    Simple_level_reset                       0x0800271d   Thumb Code    60  simple_main.o(i.Simple_level_reset)
    Simple_level_up                          0x08002765   Thumb Code    88  simple_main.o(i.Simple_level_up)
    Simple_read_state                        0x080027cd   Thumb Code    56  simple_main.o(i.Simple_read_state)
    Simple_save_state                        0x08002879   Thumb Code    34  simple_main.o(i.Simple_save_state)
    Simple_write_state                       0x080028a5   Thumb Code    36  simple_main.o(i.Simple_write_state)
    SysTick_CLKSourceConfig                  0x0800291d   Thumb Code    40  misc.o(i.SysTick_CLKSourceConfig)
    SysTick_Handler                          0x08002945   Thumb Code     2  stm32f10x_it.o(i.SysTick_Handler)
    SystemInit                               0x08002949   Thumb Code    78  system_stm32f10x.o(i.SystemInit)
    TIM2_IRQHandler                          0x080029a9   Thumb Code    48  timer.o(i.TIM2_IRQHandler)
    TIM2_Int_Init                            0x080029e9   Thumb Code    92  timer.o(i.TIM2_Int_Init)
    TIM2_Start                               0x08002a45   Thumb Code    30  timer.o(i.TIM2_Start)
    TIM2_Stop                                0x08002a75   Thumb Code    28  timer.o(i.TIM2_Stop)
    TIM3_PWM_Init                            0x08002aa1   Thumb Code   176  timer.o(i.TIM3_PWM_Init)
    TIM4_IRQHandler                          0x08002b5d   Thumb Code    32  led.o(i.TIM4_IRQHandler)
    TIM4_Int_Init                            0x08002b85   Thumb Code    90  timer.o(i.TIM4_Int_Init)
    TIM_ARRPreloadConfig                     0x08002be5   Thumb Code    24  stm32f10x_tim.o(i.TIM_ARRPreloadConfig)
    TIM_ClearITPendingBit                    0x08002bfd   Thumb Code     6  stm32f10x_tim.o(i.TIM_ClearITPendingBit)
    TIM_Cmd                                  0x08002c03   Thumb Code    24  stm32f10x_tim.o(i.TIM_Cmd)
    TIM_GetITStatus                          0x08002c1b   Thumb Code    34  stm32f10x_tim.o(i.TIM_GetITStatus)
    TIM_ITConfig                             0x08002c3d   Thumb Code    18  stm32f10x_tim.o(i.TIM_ITConfig)
    TIM_OC1Init                              0x08002c51   Thumb Code   132  stm32f10x_tim.o(i.TIM_OC1Init)
    TIM_OC1PreloadConfig                     0x08002ce9   Thumb Code    18  stm32f10x_tim.o(i.TIM_OC1PreloadConfig)
    TIM_OC2Init                              0x08002cfd   Thumb Code   154  stm32f10x_tim.o(i.TIM_OC2Init)
    TIM_OC2PreloadConfig                     0x08002da1   Thumb Code    26  stm32f10x_tim.o(i.TIM_OC2PreloadConfig)
    TIM_OC3Init                              0x08002dbd   Thumb Code   150  stm32f10x_tim.o(i.TIM_OC3Init)
    TIM_OC3PreloadConfig                     0x08002e5d   Thumb Code    18  stm32f10x_tim.o(i.TIM_OC3PreloadConfig)
    TIM_SetCompare1                          0x08002e6f   Thumb Code     4  stm32f10x_tim.o(i.TIM_SetCompare1)
    TIM_SetCompare2                          0x08002e73   Thumb Code     4  stm32f10x_tim.o(i.TIM_SetCompare2)
    TIM_SetCompare3                          0x08002e77   Thumb Code     4  stm32f10x_tim.o(i.TIM_SetCompare3)
    TIM_TimeBaseInit                         0x08002e7d   Thumb Code   122  stm32f10x_tim.o(i.TIM_TimeBaseInit)
    UART2_Configuration                      0x08002f21   Thumb Code   186  uart2.o(i.UART2_Configuration)
    USART1_IRQHandler                        0x08002fe9   Thumb Code   122  usart.o(i.USART1_IRQHandler)
    USART2_IRQHandler                        0x08003071   Thumb Code    92  uart2.o(i.USART2_IRQHandler)
    USART2_Interrupts_Config                 0x080030dd   Thumb Code    34  uart2.o(i.USART2_Interrupts_Config)
    USART3_IRQHandler                        0x08003101   Thumb Code    98  uart3.o(i.USART3_IRQHandler)
    USART_ClearFlag                          0x08003179   Thumb Code    18  stm32f10x_usart.o(i.USART_ClearFlag)
    USART_ClockInit                          0x0800318b   Thumb Code    34  stm32f10x_usart.o(i.USART_ClockInit)
    USART_Cmd                                0x080031ad   Thumb Code    24  stm32f10x_usart.o(i.USART_Cmd)
    USART_GetFlagStatus                      0x080031c5   Thumb Code    26  stm32f10x_usart.o(i.USART_GetFlagStatus)
    USART_GetITStatus                        0x080031df   Thumb Code    84  stm32f10x_usart.o(i.USART_GetITStatus)
    USART_ITConfig                           0x08003233   Thumb Code    74  stm32f10x_usart.o(i.USART_ITConfig)
    USART_Init                               0x0800327d   Thumb Code   210  stm32f10x_usart.o(i.USART_Init)
    USART_ReceiveData                        0x08003355   Thumb Code    10  stm32f10x_usart.o(i.USART_ReceiveData)
    USART_SendData                           0x0800335f   Thumb Code     8  stm32f10x_usart.o(i.USART_SendData)
    UsageFault_Handler                       0x08003367   Thumb Code     4  stm32f10x_it.o(i.UsageFault_Handler)
    __0printf$8                              0x0800336d   Thumb Code    22  printf8.o(i.__0printf$8)
    __1printf$8                              0x0800336d   Thumb Code     0  printf8.o(i.__0printf$8)
    __2printf                                0x0800336d   Thumb Code     0  printf8.o(i.__0printf$8)
    __0sprintf$8                             0x0800338d   Thumb Code    34  printf8.o(i.__0sprintf$8)
    __1sprintf$8                             0x0800338d   Thumb Code     0  printf8.o(i.__0sprintf$8)
    __2sprintf                               0x0800338d   Thumb Code     0  printf8.o(i.__0sprintf$8)
    __scatterload_copy                       0x080033b5   Thumb Code    14  handlers.o(i.__scatterload_copy)
    __scatterload_null                       0x080033c3   Thumb Code     2  handlers.o(i.__scatterload_null)
    __scatterload_zeroinit                   0x080033c5   Thumb Code    14  handlers.o(i.__scatterload_zeroinit)
    checkLockCode                            0x08003841   Thumb Code    78  main.o(i.checkLockCode)
    check_message                            0x0800389d   Thumb Code    50  message.o(i.check_message)
    delay_init                               0x080038d9   Thumb Code    50  delay.o(i.delay_init)
    delay_ms                                 0x0800391d   Thumb Code    72  delay.o(i.delay_ms)
    delay_us                                 0x08003969   Thumb Code    72  delay.o(i.delay_us)
    fputc                                    0x080039b5   Thumb Code    24  usart.o(i.fputc)
    main                                     0x080039d1   Thumb Code    92  main.o(i.main)
    malloc                                   0x08003a49   Thumb Code    92  malloc.o(i.malloc)
    msg_queue_get_empty                      0x08003ab5   Thumb Code    42  message.o(i.msg_queue_get_empty)
    msg_queue_init                           0x08003b09   Thumb Code    60  message.o(i.msg_queue_init)
    msg_queue_pull                           0x08003b49   Thumb Code    84  message.o(i.msg_queue_pull)
    msg_queue_push                           0x08003ba1   Thumb Code    66  message.o(i.msg_queue_push)
    osal_init_system                         0x08003bed   Thumb Code   128  osal_simple.o(i.osal_init_system)
    osal_set_event                           0x08003c81   Thumb Code    22  osal_simple.o(i.osal_set_event)
    osal_start_system                        0x08003c9d   Thumb Code   138  osal_simple.o(i.osal_start_system)
    print_message                            0x08003d41   Thumb Code    44  message.o(i.print_message)
    uart2_comm_write                         0x08003d89   Thumb Code    32  uart2.o(i.uart2_comm_write)
    uart2_fputc                              0x08003da9   Thumb Code    32  uart2.o(i.uart2_fputc)
    uart2_set_input_byte_callback            0x08003dcd   Thumb Code     6  uart2.o(i.uart2_set_input_byte_callback)
    uart_init                                0x08003dd9   Thumb Code   152  usart.o(i.uart_init)
    uart_input_byte                          0x08003e79   Thumb Code   154  message.o(i.uart_input_byte)
    version_msg                              0x08003f18   Data         200  main.o(.constdata)
    Lock_Code_Holder                         0x08003fe0   Data           4  main.o(.constdata)
    tasksArr_peripheral                      0x080040e8   Data          20  osal_simple.o(.constdata)
    Region$$Table$$Base                      0x08004118   Number         0  anon$$obj.o(Region$$Table)
    Region$$Table$$Limit                     0x08004138   Number         0  anon$$obj.o(Region$$Table)
    SystemCoreClock                          0x20000004   Data           4  system_stm32f10x.o(.data)
    AHBPrescTable                            0x20000008   Data          16  system_stm32f10x.o(.data)
    __stdout                                 0x2000001c   Data           4  usart.o(.data)
    USART_RX_STA                             0x20000020   Data           2  usart.o(.data)
    LED_TaskID                               0x20000038   Data           1  led.o(.data)
    led_list                                 0x2000003c   Data         384  led.o(.data)
    Exti_TaskID                              0x200001bd   Data           1  exti.o(.data)
    KEY_TaskID                               0x200001c0   Data           1  key.o(.data)
    b_timer_start                            0x200001c4   Data           4  key.o(.data)
    g_key_value                              0x200001c8   Data           1  key.o(.data)
    tim2_handler                             0x200001cc   Data           4  timer.o(.data)
    curr_mode                                0x200001d0   Data           1  timer.o(.data)
    curr_level                               0x200001d1   Data           4  timer.o(.data)
    max_level                                0x200001d5   Data           4  timer.o(.data)
    gps_rec_count                            0x20000298   Data           4  uart2.o(.data)
    sonylens_tx_buffer                       0x2000029c   Data           2  uart3.o(.data)
    sonylens_rx_cnt                          0x200002a0   Data           4  uart3.o(.data)
    sonylens_tx_cnt                          0x200002a4   Data           4  uart3.o(.data)
    sonylens_tx_length                       0x200002a8   Data           4  uart3.o(.data)
    Adc_TaskID                               0x200002b4   Data           1  adc.o(.data)
    adc_index                                0x200002b5   Data           1  adc.o(.data)
    beep_on                                  0x200002b6   Data           1  adc.o(.data)
    Message_TaskID                           0x200002b8   Data           1  message.o(.data)
    handler                                  0x200002c0   Data           4  message.o(.data)
    queue_lock                               0x200002c4   Data           4  message.o(.data)
    Action_TaskID                            0x200002cd   Data           1  action.o(.data)
    curr_onoff                               0x200002ce   Data           1  action.o(.data)
    at24cxx_type                             0x200002d0   Data           4  at24cxx.o(.data)
    at24cxx_addr                             0x200002d4   Data           1  at24cxx.o(.data)
    tasksCnt                                 0x200002d9   Data           1  osal_simple.o(.data)
    tasksEvents                              0x200002dc   Data           4  osal_simple.o(.data)
    g_power_on                               0x200002e0   Data           4  simple_main.o(.data)
    g_run                                    0x200002e4   Data           4  simple_main.o(.data)
    version                                  0x200002e8   Data           4  simple_main.o(.data)
    simple_state                             0x200002ec   Data           8  simple_main.o(.data)
    Simple_TaskID                            0x200002f4   Data           1  simple_main.o(.data)
    __microlib_freelist                      0x2000039c   Data           4  mvars.o(.data)
    __microlib_freelist_initialised          0x200003a0   Data           4  mvars.o(.data)
    USART_RX_BUF                             0x200003a4   Data         200  usart.o(.bss)
    pwm_curve                                0x2000046c   Data          16  timer.o(.bss)
    adc_value                                0x2000047c   Data          20  adc.o(.bss)
    tasksArr                                 0x200004c4   Data          48  osal_simple.o(.bss)
    __heap_base                              0x20000508   Data           0  startup_stm32f10x_md.o(HEAP)
    __heap_limit                             0x20000708   Data           0  startup_stm32f10x_md.o(HEAP)
    __initial_sp                             0x20000b08   Data           0  startup_stm32f10x_md.o(STACK)



==============================================================================

Memory Map of the image

  Image Entry point : 0x080000ed

  Load Region LR_IROM1 (Base: 0x08000000, Size: 0x000044dc, Max: 0x00020000, ABSOLUTE, COMPRESSED[0x0000426c])

    Execution Region ER_IROM1 (Base: 0x08000000, Size: 0x00004138, Max: 0x00020000, ABSOLUTE)

    Base Addr    Size         Type   Attr      Idx    E Section Name        Object

    0x08000000   0x000000ec   Data   RO          228    RESET               startup_stm32f10x_md.o
    0x080000ec   0x00000000   Code   RO         4260  * .ARM.Collect$$$$00000000  mc_w.l(entry.o)
    0x080000ec   0x00000004   Code   RO         4566    .ARM.Collect$$$$00000001  mc_w.l(entry2.o)
    0x080000f0   0x00000004   Code   RO         4569    .ARM.Collect$$$$00000004  mc_w.l(entry5.o)
    0x080000f4   0x00000000   Code   RO         4571    .ARM.Collect$$$$00000008  mc_w.l(entry7b.o)
    0x080000f4   0x00000000   Code   RO         4573    .ARM.Collect$$$$0000000A  mc_w.l(entry8b.o)
    0x080000f4   0x00000008   Code   RO         4574    .ARM.Collect$$$$0000000B  mc_w.l(entry9a.o)
    0x080000fc   0x00000000   Code   RO         4576    .ARM.Collect$$$$0000000D  mc_w.l(entry10a.o)
    0x080000fc   0x00000000   Code   RO         4578    .ARM.Collect$$$$0000000F  mc_w.l(entry11a.o)
    0x080000fc   0x00000004   Code   RO         4567    .ARM.Collect$$$$00002712  mc_w.l(entry2.o)
    0x08000100   0x00000024   Code   RO          229    .text               startup_stm32f10x_md.o
    0x08000124   0x00000024   Code   RO         4263    .text               mc_w.l(memcpya.o)
    0x08000148   0x00000024   Code   RO         4265    .text               mc_w.l(memseta.o)
    0x0800016c   0x00000024   Code   RO         4267    .text               mc_w.l(strstr.o)
    0x08000190   0x0000000e   Code   RO         4269    .text               mc_w.l(strlen.o)
    0x0800019e   0x0000001c   Code   RO         4271    .text               mc_w.l(strcmp.o)
    0x080001ba   0x00000062   Code   RO         4582    .text               mc_w.l(uldiv.o)
    0x0800021c   0x00000024   Code   RO         4597    .text               mc_w.l(init.o)
    0x08000240   0x0000001e   Code   RO         4599    .text               mc_w.l(llshl.o)
    0x0800025e   0x00000020   Code   RO         4601    .text               mc_w.l(llushr.o)
    0x0800027e   0x0000005e   Code   RO         4615    .text               mc_w.l(__dclz77c.o)
    0x080002dc   0x00000078   Code   RO         3935    i.ACTION_Init       action.o
    0x08000354   0x00000020   Code   RO         3936    i.ACTION_Key1       action.o
    0x08000374   0x00000020   Code   RO         3937    i.ACTION_Key2       action.o
    0x08000394   0x00000020   Code   RO         3938    i.ACTION_Key3       action.o
    0x080003b4   0x00000020   Code   RO         3939    i.ACTION_Key4       action.o
    0x080003d4   0x0000002c   Code   RO         3940    i.ACTION_Power_Off  action.o
    0x08000400   0x0000002c   Code   RO         3941    i.ACTION_Power_On   action.o
    0x0800042c   0x00000016   Code   RO          354    i.ADC_Cmd           stm32f10x_adc.o
    0x08000442   0x00000002   PAD
    0x08000444   0x0000005c   Code   RO          356    i.ADC_DeInit        stm32f10x_adc.o
    0x080004a0   0x00000014   Code   RO          362    i.ADC_GetCalibrationStatus  stm32f10x_adc.o
    0x080004b4   0x00000008   Code   RO          363    i.ADC_GetConversionValue  stm32f10x_adc.o
    0x080004bc   0x00000012   Code   RO          365    i.ADC_GetFlagStatus  stm32f10x_adc.o
    0x080004ce   0x00000014   Code   RO          368    i.ADC_GetResetCalibrationStatus  stm32f10x_adc.o
    0x080004e2   0x00000002   PAD
    0x080004e4   0x00000050   Code   RO          372    i.ADC_Init          stm32f10x_adc.o
    0x08000534   0x000000b8   Code   RO          376    i.ADC_RegularChannelConfig  stm32f10x_adc.o
    0x080005ec   0x0000000a   Code   RO          377    i.ADC_ResetCalibration  stm32f10x_adc.o
    0x080005f6   0x00000016   Code   RO          379    i.ADC_SoftwareStartConvCmd  stm32f10x_adc.o
    0x0800060c   0x0000000a   Code   RO          381    i.ADC_StartCalibration  stm32f10x_adc.o
    0x08000616   0x00000002   Code   RO         4009    i.AT24CXX_Init      at24cxx.o
    0x08000618   0x0000002c   Code   RO         4010    i.AT24CXX_Read      at24cxx.o
    0x08000644   0x00000088   Code   RO         4012    i.AT24CXX_ReadOneByte  at24cxx.o
    0x080006cc   0x0000002e   Code   RO         4013    i.AT24CXX_Write     at24cxx.o
    0x080006fa   0x00000002   PAD
    0x080006fc   0x0000007c   Code   RO         4015    i.AT24CXX_WriteOneByte  at24cxx.o
    0x08000778   0x000000ac   Code   RO         3807    i.Adc_Init          adc.o
    0x08000824   0x000000d8   Code   RO         3808    i.Adc_ProcessEvent  adc.o
    0x080008fc   0x00000004   Code   RO          129    i.BusFault_Handler  stm32f10x_it.o
    0x08000900   0x00000002   Code   RO          130    i.DebugMon_Handler  stm32f10x_it.o
    0x08000902   0x00000002   PAD
    0x08000904   0x00000048   Code   RO         3379    i.EXTI0_IRQHandler  exti.o
    0x0800094c   0x0000011c   Code   RO         3380    i.EXTI15_10_IRQHandler  exti.o
    0x08000a68   0x00000048   Code   RO         3381    i.EXTI1_IRQHandler  exti.o
    0x08000ab0   0x00000048   Code   RO         3382    i.EXTI2_IRQHandler  exti.o
    0x08000af8   0x00000038   Code   RO         3383    i.EXTI3_IRQHandler  exti.o
    0x08000b30   0x00000048   Code   RO         3384    i.EXTI4_IRQHandler  exti.o
    0x08000b78   0x000000c4   Code   RO         3385    i.EXTI9_5_IRQHandler  exti.o
    0x08000c3c   0x0000000c   Code   RO         1128    i.EXTI_ClearITPendingBit  stm32f10x_exti.o
    0x08000c48   0x00000028   Code   RO         1132    i.EXTI_GetITStatus  stm32f10x_exti.o
    0x08000c70   0x00000116   Code   RO         1487    i.GPIO_Init         stm32f10x_gpio.o
    0x08000d86   0x00000002   PAD
    0x08000d88   0x00000090   Code   RO         1489    i.GPIO_PinRemapConfig  stm32f10x_gpio.o
    0x08000e18   0x00000012   Code   RO         1491    i.GPIO_ReadInputDataBit  stm32f10x_gpio.o
    0x08000e2a   0x00000004   Code   RO         1494    i.GPIO_ResetBits    stm32f10x_gpio.o
    0x08000e2e   0x00000004   Code   RO         1495    i.GPIO_SetBits      stm32f10x_gpio.o
    0x08000e32   0x00000002   PAD
    0x08000e34   0x00000034   Code   RO         3809    i.Get_Adc           adc.o
    0x08000e68   0x00000004   Code   RO          131    i.HardFault_Handler  stm32f10x_it.o
    0x08000e6c   0x00000050   Code   RO         4071    i.IIC_Ack           myiic.o
    0x08000ebc   0x00000058   Code   RO         4072    i.IIC_Init          myiic.o
    0x08000f14   0x00000050   Code   RO         4073    i.IIC_NAck          myiic.o
    0x08000f64   0x00000070   Code   RO         4074    i.IIC_Read_Byte     myiic.o
    0x08000fd4   0x00000074   Code   RO         4075    i.IIC_Send_Byte     myiic.o
    0x08001048   0x0000004c   Code   RO         4076    i.IIC_Start         myiic.o
    0x08001094   0x0000004c   Code   RO         4077    i.IIC_Stop          myiic.o
    0x080010e0   0x00000064   Code   RO         4078    i.IIC_Wait_Ack      myiic.o
    0x08001144   0x00000010   Code   RO         1802    i.IWDG_Enable       stm32f10x_iwdg.o
    0x08001154   0x00000008   Code   RO         3987    i.IWDG_Feed         wdg.o
    0x0800115c   0x00000024   Code   RO         3988    i.IWDG_Init         wdg.o
    0x08001180   0x00000010   Code   RO         1804    i.IWDG_ReloadCounter  stm32f10x_iwdg.o
    0x08001190   0x0000000c   Code   RO         1805    i.IWDG_SetPrescaler  stm32f10x_iwdg.o
    0x0800119c   0x0000000c   Code   RO         1806    i.IWDG_SetReload    stm32f10x_iwdg.o
    0x080011a8   0x0000000c   Code   RO         1807    i.IWDG_WriteAccessCmd  stm32f10x_iwdg.o
    0x080011b4   0x00000064   Code   RO         3443    i.KEY_Init          key.o
    0x08001218   0x0000017c   Code   RO         3444    i.KEY_ProcessEvent  key.o
    0x08001394   0x0000001e   Code   RO         3445    i.KEY_Scan          key.o
    0x080013b2   0x00000002   PAD
    0x080013b4   0x000001a4   Code   RO         3446    i.KEY_Scan1         key.o
    0x08001558   0x00000150   Code   RO         3447    i.KEY_Scan2         key.o
    0x080016a8   0x00000070   Code   RO         3448    i.KEY_timer_handler  key.o
    0x08001718   0x00000030   Code   RO         3321    i.LED_GetMode       led.o
    0x08001748   0x0000002c   Code   RO         3322    i.LED_Get_state     led.o
    0x08001774   0x00000050   Code   RO         3323    i.LED_Init          led.o
    0x080017c4   0x00000054   Code   RO         3324    i.LED_Notify        led.o
    0x08001818   0x00000070   Code   RO         3325    i.LED_ProcessEvent  led.o
    0x08001888   0x000000fc   Code   RO         3326    i.LED_Scan          led.o
    0x08001984   0x00000004   Code   RO          132    i.MemManage_Handler  stm32f10x_it.o
    0x08001988   0x00000050   Code   RO         3841    i.Message_ProcessEvent  message.o
    0x080019d8   0x00000208   Code   RO         3842    i.Message_handler   message.o
    0x08001be0   0x00000020   Code   RO         3843    i.Message_init      message.o
    0x08001c00   0x00000002   Code   RO          133    i.NMI_Handler       stm32f10x_it.o
    0x08001c02   0x0000000c   Code   RO          259    i.NVIC_Configuration  sys.o
    0x08001c0e   0x00000002   PAD
    0x08001c10   0x00000070   Code   RO          312    i.NVIC_Init         misc.o
    0x08001c80   0x00000014   Code   RO          313    i.NVIC_PriorityGroupConfig  misc.o
    0x08001c94   0x0000009c   Code   RO         3504    i.PWM_Init          timer.o
    0x08001d30   0x000000e0   Code   RO         3505    i.PWM_Notify        timer.o
    0x08001e10   0x00000034   Code   RO         3508    i.PWM_SetMode       timer.o
    0x08001e44   0x00000094   Code   RO         3509    i.PWM_SetValue      timer.o
    0x08001ed8   0x00000048   Code   RO         3513    i.PWM_level_reset   timer.o
    0x08001f20   0x00000002   Code   RO          134    i.PendSV_Handler    stm32f10x_it.o
    0x08001f22   0x00000002   PAD
    0x08001f24   0x00000018   Code   RO         1907    i.RCC_ADCCLKConfig  stm32f10x_rcc.o
    0x08001f3c   0x00000020   Code   RO         1909    i.RCC_APB1PeriphClockCmd  stm32f10x_rcc.o
    0x08001f5c   0x00000020   Code   RO         1911    i.RCC_APB2PeriphClockCmd  stm32f10x_rcc.o
    0x08001f7c   0x00000020   Code   RO         1912    i.RCC_APB2PeriphResetCmd  stm32f10x_rcc.o
    0x08001f9c   0x000000dc   Code   RO         1919    i.RCC_GetClocksFreq  stm32f10x_rcc.o
    0x08002078   0x00000002   Code   RO          135    i.SVC_Handler       stm32f10x_it.o
    0x0800207a   0x00000008   Code   RO          192    i.SetSysClock       system_stm32f10x.o
    0x08002082   0x00000002   PAD
    0x08002084   0x000000e0   Code   RO          193    i.SetSysClockTo72   system_stm32f10x.o
    0x08002164   0x00000108   Code   RO         4167    i.Simple_Init       simple_main.o
    0x0800226c   0x000000e0   Code   RO         4168    i.Simple_Notify     simple_main.o
    0x0800234c   0x00000038   Code   RO         4169    i.Simple_Notify_Mode  simple_main.o
    0x08002384   0x0000003c   Code   RO         4170    i.Simple_Notify_Power  simple_main.o
    0x080023c0   0x00000270   Code   RO         4171    i.Simple_ProcessEvent  simple_main.o
    0x08002630   0x00000094   Code   RO         4172    i.Simple_Reinit     simple_main.o
    0x080026c4   0x00000058   Code   RO         4173    i.Simple_level_down  simple_main.o
    0x0800271c   0x00000048   Code   RO         4174    i.Simple_level_reset  simple_main.o
    0x08002764   0x00000068   Code   RO         4175    i.Simple_level_up   simple_main.o
    0x080027cc   0x000000ac   Code   RO         4176    i.Simple_read_state  simple_main.o
    0x08002878   0x0000002c   Code   RO         4178    i.Simple_save_state  simple_main.o
    0x080028a4   0x00000078   Code   RO         4179    i.Simple_write_state  simple_main.o
    0x0800291c   0x00000028   Code   RO          316    i.SysTick_CLKSourceConfig  misc.o
    0x08002944   0x00000002   Code   RO          136    i.SysTick_Handler   stm32f10x_it.o
    0x08002946   0x00000002   PAD
    0x08002948   0x00000060   Code   RO          195    i.SystemInit        system_stm32f10x.o
    0x080029a8   0x00000040   Code   RO         3515    i.TIM2_IRQHandler   timer.o
    0x080029e8   0x0000005c   Code   RO         3516    i.TIM2_Int_Init     timer.o
    0x08002a44   0x00000030   Code   RO         3517    i.TIM2_Start        timer.o
    0x08002a74   0x0000002c   Code   RO         3518    i.TIM2_Stop         timer.o
    0x08002aa0   0x000000bc   Code   RO         3519    i.TIM3_PWM_Init     timer.o
    0x08002b5c   0x00000028   Code   RO         3327    i.TIM4_IRQHandler   led.o
    0x08002b84   0x00000060   Code   RO         3520    i.TIM4_Int_Init     timer.o
    0x08002be4   0x00000018   Code   RO         2540    i.TIM_ARRPreloadConfig  stm32f10x_tim.o
    0x08002bfc   0x00000006   Code   RO         2547    i.TIM_ClearITPendingBit  stm32f10x_tim.o
    0x08002c02   0x00000018   Code   RO         2552    i.TIM_Cmd           stm32f10x_tim.o
    0x08002c1a   0x00000022   Code   RO         2573    i.TIM_GetITStatus   stm32f10x_tim.o
    0x08002c3c   0x00000012   Code   RO         2577    i.TIM_ITConfig      stm32f10x_tim.o
    0x08002c4e   0x00000002   PAD
    0x08002c50   0x00000098   Code   RO         2581    i.TIM_OC1Init       stm32f10x_tim.o
    0x08002ce8   0x00000012   Code   RO         2584    i.TIM_OC1PreloadConfig  stm32f10x_tim.o
    0x08002cfa   0x00000002   PAD
    0x08002cfc   0x000000a4   Code   RO         2586    i.TIM_OC2Init       stm32f10x_tim.o
    0x08002da0   0x0000001a   Code   RO         2589    i.TIM_OC2PreloadConfig  stm32f10x_tim.o
    0x08002dba   0x00000002   PAD
    0x08002dbc   0x000000a0   Code   RO         2591    i.TIM_OC3Init       stm32f10x_tim.o
    0x08002e5c   0x00000012   Code   RO         2594    i.TIM_OC3PreloadConfig  stm32f10x_tim.o
    0x08002e6e   0x00000004   Code   RO         2613    i.TIM_SetCompare1   stm32f10x_tim.o
    0x08002e72   0x00000004   Code   RO         2614    i.TIM_SetCompare2   stm32f10x_tim.o
    0x08002e76   0x00000004   Code   RO         2615    i.TIM_SetCompare3   stm32f10x_tim.o
    0x08002e7a   0x00000002   PAD
    0x08002e7c   0x000000a4   Code   RO         2623    i.TIM_TimeBaseInit  stm32f10x_tim.o
    0x08002f20   0x000000c8   Code   RO         3617    i.UART2_Configuration  uart2.o
    0x08002fe8   0x00000088   Code   RO          271    i.USART1_IRQHandler  usart.o
    0x08003070   0x0000006c   Code   RO         3618    i.USART2_IRQHandler  uart2.o
    0x080030dc   0x00000022   Code   RO         3619    i.USART2_Interrupts_Config  uart2.o
    0x080030fe   0x00000002   PAD
    0x08003100   0x00000078   Code   RO         3707    i.USART3_IRQHandler  uart3.o
    0x08003178   0x00000012   Code   RO         3084    i.USART_ClearFlag   stm32f10x_usart.o
    0x0800318a   0x00000022   Code   RO         3086    i.USART_ClockInit   stm32f10x_usart.o
    0x080031ac   0x00000018   Code   RO         3088    i.USART_Cmd         stm32f10x_usart.o
    0x080031c4   0x0000001a   Code   RO         3091    i.USART_GetFlagStatus  stm32f10x_usart.o
    0x080031de   0x00000054   Code   RO         3092    i.USART_GetITStatus  stm32f10x_usart.o
    0x08003232   0x0000004a   Code   RO         3094    i.USART_ITConfig    stm32f10x_usart.o
    0x0800327c   0x000000d8   Code   RO         3095    i.USART_Init        stm32f10x_usart.o
    0x08003354   0x0000000a   Code   RO         3102    i.USART_ReceiveData  stm32f10x_usart.o
    0x0800335e   0x00000008   Code   RO         3105    i.USART_SendData    stm32f10x_usart.o
    0x08003366   0x00000004   Code   RO          137    i.UsageFault_Handler  stm32f10x_it.o
    0x0800336a   0x00000002   PAD
    0x0800336c   0x00000020   Code   RO         4484    i.__0printf$8       mc_w.l(printf8.o)
    0x0800338c   0x00000028   Code   RO         4486    i.__0sprintf$8      mc_w.l(printf8.o)
    0x080033b4   0x0000000e   Code   RO         4609    i.__scatterload_copy  mc_w.l(handlers.o)
    0x080033c2   0x00000002   Code   RO         4610    i.__scatterload_null  mc_w.l(handlers.o)
    0x080033c4   0x0000000e   Code   RO         4611    i.__scatterload_zeroinit  mc_w.l(handlers.o)
    0x080033d2   0x00000002   PAD
    0x080033d4   0x00000410   Code   RO         4491    i._printf_core      mc_w.l(printf8.o)
    0x080037e4   0x00000024   Code   RO         4492    i._printf_post_padding  mc_w.l(printf8.o)
    0x08003808   0x0000002e   Code   RO         4493    i._printf_pre_padding  mc_w.l(printf8.o)
    0x08003836   0x0000000a   Code   RO         4495    i._sputc            mc_w.l(printf8.o)
    0x08003840   0x0000005c   Code   RO           17    i.checkLockCode     main.o
    0x0800389c   0x0000003c   Code   RO         3846    i.check_message     message.o
    0x080038d8   0x00000044   Code   RO          233    i.delay_init        delay.o
    0x0800391c   0x0000004c   Code   RO          234    i.delay_ms          delay.o
    0x08003968   0x0000004c   Code   RO          235    i.delay_us          delay.o
    0x080039b4   0x0000001c   Code   RO          273    i.fputc             usart.o
    0x080039d0   0x00000078   Code   RO           18    i.main              main.o
    0x08003a48   0x0000006c   Code   RO         4539    i.malloc            mc_w.l(malloc.o)
    0x08003ab4   0x00000054   Code   RO         3847    i.msg_queue_get_empty  message.o
    0x08003b08   0x00000040   Code   RO         3848    i.msg_queue_init    message.o
    0x08003b48   0x00000058   Code   RO         3849    i.msg_queue_pull    message.o
    0x08003ba0   0x0000004c   Code   RO         3850    i.msg_queue_push    message.o
    0x08003bec   0x00000094   Code   RO         4133    i.osal_init_system  osal_simple.o
    0x08003c80   0x0000001c   Code   RO         4134    i.osal_set_event    osal_simple.o
    0x08003c9c   0x000000a4   Code   RO         4135    i.osal_start_system  osal_simple.o
    0x08003d40   0x00000048   Code   RO         3851    i.print_message     message.o
    0x08003d88   0x00000020   Code   RO         3624    i.uart2_comm_write  uart2.o
    0x08003da8   0x00000024   Code   RO         3626    i.uart2_fputc       uart2.o
    0x08003dcc   0x0000000c   Code   RO         3629    i.uart2_set_input_byte_callback  uart2.o
    0x08003dd8   0x000000a0   Code   RO          274    i.uart_init         usart.o
    0x08003e78   0x000000a0   Code   RO         3854    i.uart_input_byte   message.o
    0x08003f18   0x000000cc   Data   RO           19    .constdata          main.o
    0x08003fe4   0x00000090   Data   RO         3388    .constdata          exti.o
    0x08004074   0x00000011   Data   RO         3449    .constdata          key.o
    0x08004085   0x0000002a   Data   RO         3522    .constdata          timer.o
    0x080040af   0x00000021   Data   RO         3942    .constdata          action.o
    0x080040d0   0x00000015   Data   RO         4080    .constdata          myiic.o
    0x080040e5   0x00000003   PAD
    0x080040e8   0x00000014   Data   RO         4137    .constdata          osal_simple.o
    0x080040fc   0x00000014   Data   RO         4181    .constdata          simple_main.o
    0x08004110   0x00000007   Data   RO         4182    .conststring        simple_main.o
    0x08004117   0x00000001   PAD
    0x08004118   0x00000020   Data   RO         4607    Region$$Table       anon$$obj.o


    Execution Region RW_IRAM1 (Base: 0x20000000, Size: 0x00000b08, Max: 0x00005000, ABSOLUTE, COMPRESSED[0x00000134])

    Base Addr    Size         Type   Attr      Idx    E Section Name        Object

    0x20000000   0x00000004   Data   RW           20    .data               main.o
    0x20000004   0x00000014   Data   RW          196    .data               system_stm32f10x.o
    0x20000018   0x00000004   Data   RW          236    .data               delay.o
    0x2000001c   0x00000006   Data   RW          276    .data               usart.o
    0x20000022   0x00000014   Data   RW         1939    .data               stm32f10x_rcc.o
    0x20000036   0x00000002   PAD
    0x20000038   0x00000185   Data   RW         3328    .data               led.o
    0x200001bd   0x00000001   Data   RW         3389    .data               exti.o
    0x200001be   0x00000002   PAD
    0x200001c0   0x0000000b   Data   RW         3450    .data               key.o
    0x200001cb   0x00000001   PAD
    0x200001cc   0x000000aa   Data   RW         3523    .data               timer.o
    0x20000276   0x00000002   PAD
    0x20000278   0x00000024   Data   RW         3631    .data               uart2.o
    0x2000029c   0x00000018   Data   RW         3721    .data               uart3.o
    0x200002b4   0x00000003   Data   RW         3812    .data               adc.o
    0x200002b7   0x00000001   PAD
    0x200002b8   0x00000015   Data   RW         3856    .data               message.o
    0x200002cd   0x00000002   Data   RW         3943    .data               action.o
    0x200002cf   0x00000001   PAD
    0x200002d0   0x00000005   Data   RW         4016    .data               at24cxx.o
    0x200002d5   0x00000003   PAD
    0x200002d8   0x00000008   Data   RW         4138    .data               osal_simple.o
    0x200002e0   0x000000b9   Data   RW         4183    .data               simple_main.o
    0x20000399   0x00000003   PAD
    0x2000039c   0x00000004   Data   RW         4584    .data               mc_w.l(mvars.o)
    0x200003a0   0x00000004   Data   RW         4585    .data               mc_w.l(mvars.o)
    0x200003a4   0x000000c8   Zero   RW          275    .bss                usart.o
    0x2000046c   0x00000010   Zero   RW         3521    .bss                timer.o
    0x2000047c   0x00000014   Zero   RW         3811    .bss                adc.o
    0x20000490   0x00000034   Zero   RW         3855    .bss                message.o
    0x200004c4   0x00000030   Zero   RW         4136    .bss                osal_simple.o
    0x200004f4   0x00000010   Zero   RW         4180    .bss                simple_main.o
    0x20000504   0x00000004   PAD
    0x20000508   0x00000200   Zero   RW          227    HEAP                startup_stm32f10x_md.o
    0x20000708   0x00000400   Zero   RW          226    STACK               startup_stm32f10x_md.o


==============================================================================

Image component sizes


      Code (inc. data)   RO Data    RW Data    ZI Data      Debug   Object Name

       336         98         33          2          0       3450   action.o
       440         66          0          3         20       2605   adc.o
       352         18          0          5          0       3419   at24cxx.o
         0          0          0          0          0       4536   core_cm3.o
       220         26          0          4          0       1551   delay.o
       824        170        144          1          0       4674   exti.o
      1378        114         17         11          0       4044   key.o
       660        126          0        389          0       5804   led.o
       212         42        204          4          0     263090   main.o
      1236        378          0         21         52       6355   message.o
       172         22          0          0          0       1905   misc.o
       728        122         21          0          0       4420   myiic.o
       340         52         20          8         48       2540   osal_simple.o
      1976        592         27        185         16       8093   simple_main.o
        36          8        236          0       1536        760   startup_stm32f10x_md.o
       486         24          0          0          0       8062   stm32f10x_adc.o
        52         12          0          0          0       1044   stm32f10x_exti.o
       448          6          0          0          0       4242   stm32f10x_gpio.o
        26          0          0          0          0       3530   stm32f10x_it.o
        68         30          0          0          0       2294   stm32f10x_iwdg.o
       340         52          0         20          0       5282   stm32f10x_rcc.o
       820         82          0          0          0       9026   stm32f10x_tim.o
       494          6          0          0          0       6913   stm32f10x_usart.o
        12          0          0          0          0        417   sys.o
       328         28          0         20          0       1977   system_stm32f10x.o
      1184        254         42        170         16       7704   timer.o
       422         40          0         36          0       4202   uart2.o
       120         22          0         24          0       1735   uart3.o
       324         26          0          6        200       3460   usart.o
        44          0          0          0          0        904   wdg.o

    ----------------------------------------------------------------------
     14112       2416        780        924       1892     378038   Object Totals
         0          0         32          0          0          0   (incl. Generated)
        34          0          4         15          4          0   (incl. Padding)

    ----------------------------------------------------------------------

      Code (inc. data)   RO Data    RW Data    ZI Data      Debug   Library Member Name

        94          0          0          0          0          0   __dclz77c.o
         0          0          0          0          0          0   entry.o
         0          0          0          0          0          0   entry10a.o
         0          0          0          0          0          0   entry11a.o
         8          4          0          0          0          0   entry2.o
         4          0          0          0          0          0   entry5.o
         0          0          0          0          0          0   entry7b.o
         0          0          0          0          0          0   entry8b.o
         8          4          0          0          0          0   entry9a.o
        30          0          0          0          0          0   handlers.o
        36          8          0          0          0         68   init.o
        30          0          0          0          0         68   llshl.o
        32          0          0          0          0         68   llushr.o
       108         16          0          0          0         84   malloc.o
        36          0          0          0          0         68   memcpya.o
        36          0          0          0          0        108   memseta.o
         0          0          0          8          0          0   mvars.o
      1204         60          0          0          0        504   printf8.o
        28          0          0          0          0         76   strcmp.o
        14          0          0          0          0         68   strlen.o
        36          0          0          0          0         80   strstr.o
        98          0          0          0          0         92   uldiv.o

    ----------------------------------------------------------------------
      1804         92          0          8          0       1284   Library Totals
         2          0          0          0          0          0   (incl. Padding)

    ----------------------------------------------------------------------

      Code (inc. data)   RO Data    RW Data    ZI Data      Debug   Library Name

      1802         92          0          8          0       1284   mc_w.l

    ----------------------------------------------------------------------
      1804         92          0          8          0       1284   Library Totals

    ----------------------------------------------------------------------

==============================================================================


      Code (inc. data)   RO Data    RW Data    ZI Data      Debug   

     15916       2508        780        932       1892     370610   Grand Totals
     15916       2508        780        308       1892     370610   ELF Image Totals (compressed)
     15916       2508        780        308          0          0   ROM Totals

==============================================================================

    Total RO  Size (Code + RO Data)                16696 (  16.30kB)
    Total RW  Size (RW Data + ZI Data)              2824 (   2.76kB)
    Total ROM Size (Code + RO Data + RW Data)      17004 (  16.61kB)

==============================================================================

